[    3713ms] [WARNING] A preload for 'https://static.flashscore.com/res/image/data/Mkt7Lzjd-htFggx1J.png' is found, but is not used because the request credentials mode does not match. Consider taking a look at crossorigin attribute. @ https://www.flashscore.com/football/world/club-friendly/:944
[    3883ms] [ERROR] TypeError: Cannot read properties of undefined (reading 'getIdent')
    at https://www.flashscore.com/football/world/club-friendly/:2509:56
    at https://www.flashscore.com/football/world/club-friendly/:2581:2 @ https://www.flashscore.com/football/world/club-friendly/:2510
[    4100ms] [WARNING] Failed to execute 'write' on 'Document': It isn't possible to write into a document from an asynchronously-loaded external script unless it is explicitly opened. @ https://www.flashscore.com/football/world/club-friendly/:448
[    4378ms] [WARNING] Manifest: property 'theme_color' ignored, '' is not a valid color. @ https://www.flashscore.com/manifest/1/?v=7:0
[    4378ms] [WARNING] Manifest: property 'background_color' ignored, '' is not a valid color. @ https://www.flashscore.com/manifest/1/?v=7:0
[    6771ms] [LOG] SW registered: ServiceWorkerRegistration @ https://www.flashscore.com/football/world/club-friendly/:2594
[   18926ms] [LOG] DOM isReady:  1695 @ https://cdn1.espn.net/fitt/3d6cb3dd2914-release-08-11-2026.2.0.5384/client/espnfitt/9417-eb193dfc.js:0
[   19788ms] [LOG] 12:51:34.018 [Playback Service: Device Detection:] Library Detection and User Agent Detection Do Not Match @ https://hiveplayer-static.bamgrid.com/artifacts/hive/playback-service/26.9.0-iridessa/all_browser_es5/playback-service.js:1
[   19788ms] [LOG] 12:51:34.019 [Playback Service: Device Detection:] Library Detected: undefined, UA Detected: chrome @ https://hiveplayer-static.bamgrid.com/artifacts/hive/playback-service/26.9.0-iridessa/all_browser_es5/playback-service.js:1
[   19872ms] [WARNING] The provided component class (t)
                has already been declared as an observer component. @ https://cdn1.espn.net/fitt/3d6cb3dd2914-release-08-11-2026.2.0.5384/client/espnfitt/9417-eb193dfc.js:0
[   20385ms] [WARNING] Datadog Browser SDK: SDK is loaded more than once. This is unsupported and might have unexpected behavior. @ https://cdn.registerdisney.go.com/v4/OneID.js:1
[   20789ms] [WARNING] adgb - not initialized. @ https://cdn.taboola.com/libtrc/espn-network/loader.js:26
[   22847ms] [WARNING] The resource https://a.espncdn.com/fonts/_BentonSans/BentonSansBlack.woff2 was preloaded using link preload but not used within a few seconds from the window's load event. Please make sure it has an appropriate `as` value and it is preloaded intentionally. @ https://www.espn.in/football/fixtures/_/league/club.friendly:0
[   22848ms] [WARNING] The resource https://a.espncdn.com/fonts/_BentonSansCond/BentonSansCondBold.woff2 was preloaded using link preload but not used within a few seconds from the window's load event. Please make sure it has an appropriate `as` value and it is preloaded intentionally. @ https://www.espn.in/football/fixtures/_/league/club.friendly:0
[   22848ms] [WARNING] The resource https://a.espncdn.com/fonts/_BentonSans/BentonSansRegular.woff2 was preloaded using link preload but not used within a few seconds from the window's load event. Please make sure it has an appropriate `as` value and it is preloaded intentionally. @ https://www.espn.in/football/fixtures/_/league/club.friendly:0
[   25446ms] [WARNING] [GPT] Slot.setCollapseEmptyDiv is deprecated, use Slot.setConfig({collapseDiv: ...}) instead.
https://goo.gle/gpt-message#171 @ https://securepubads.g.doubleclick.net/pagead/managed/js/gpt/m202608110101/pubads_impl.js:18
[   25452ms] [WARNING] [GPT] Invalid arguments: SizeMappingBuilder.addSize([0, 0], [[0, 0]]). All zero-area slot sizes were removed.
https://goo.gle/gpt-message#151 @ https://securepubads.g.doubleclick.net/pagead/managed/js/gpt/m202608110101/pubads_impl.js:18
[   25455ms] [WARNING] [GPT] PubAdsService.setTargeting is deprecated, use googletag.setConfig({targeting: ...}) instead.
https://goo.gle/gpt-message#170 @ https://securepubads.g.doubleclick.net/pagead/managed/js/gpt/m202608110101/pubads_impl.js:18
[   25481ms] [WARNING] [GPT] GPT must be loaded from the limited ads URL to configure limited ads functionality via the PrivacySettings API.
https://goo.gle/gpt-message#147 @ https://securepubads.g.doubleclick.net/pagead/managed/js/gpt/m202608110101/pubads_impl.js:18
[   25837ms] [LOG] PLSUB init called 17871439000498776 @ https://cdn-gl.imrworldwide.com/novms/js/2/nlsSDK600.bundle.min.js:5
[   25844ms] [WARNING] [OneID] [%s]:  WARN `DisneyID` global object is soon to be deprecated. Use `OneID` instead. @ https://cdn.registerdisney.go.com/v4/OneID.js:1
[   26448ms] [WARNING] The resource https://cdn.registerdisney.go.com/v4/asset/bundler/ESPN/v4/images/v2/espn-red-logo.svg was preloaded using link preload but not used within a few seconds from the window's load event. Please make sure it has an appropriate `as` value and it is preloaded intentionally. @ https://cdn.registerdisney.go.com/v4/bundle/web/ESPN-ONESITE.WEB/en-IN?cssOverride=https%3A%2F%2Fsecure.espncdn.com%2Fcombiner%2Fc%3Fcss%3Ddisneyid%2Fcorev4.css&logLevel=INFO:0
[   34029ms] [WARNING] The resource https://a.espncdn.com/fonts/_BentonSans/BentonSansBlack.woff2 was preloaded using link preload but not used within a few seconds from the window's load event. Please make sure it has an appropriate `as` value and it is preloaded intentionally. @ https://www.espn.in/football/fixtures/_/league/club.friendly:0
[   34029ms] [WARNING] The resource https://a.espncdn.com/fonts/_BentonSansCond/BentonSansCondBold.woff2 was preloaded using link preload but not used within a few seconds from the window's load event. Please make sure it has an appropriate `as` value and it is preloaded intentionally. @ https://www.espn.in/football/fixtures/_/league/club.friendly:0
[   34029ms] [WARNING] The resource https://a.espncdn.com/fonts/_BentonSans/BentonSansRegular.woff2 was preloaded using link preload but not used within a few seconds from the window's load event. Please make sure it has an appropriate `as` value and it is preloaded intentionally. @ https://www.espn.in/football/fixtures/_/league/club.friendly:0
[   44030ms] [WARNING] The resource https://a.espncdn.com/fonts/_BentonSans/BentonSansBlack.woff2 was preloaded using link preload but not used within a few seconds from the window's load event. Please make sure it has an appropriate `as` value and it is preloaded intentionally. @ https://www.espn.in/football/fixtures/_/league/club.friendly:0
[   44030ms] [WARNING] The resource https://a.espncdn.com/fonts/_BentonSansCond/BentonSansCondBold.woff2 was preloaded using link preload but not used within a few seconds from the window's load event. Please make sure it has an appropriate `as` value and it is preloaded intentionally. @ https://www.espn.in/football/fixtures/_/league/club.friendly:0
[   44031ms] [WARNING] The resource https://a.espncdn.com/fonts/_BentonSans/BentonSansRegular.woff2 was preloaded using link preload but not used within a few seconds from the window's load event. Please make sure it has an appropriate `as` value and it is preloaded intentionally. @ https://www.espn.in/football/fixtures/_/league/club.friendly:0
[   49745ms] [LOG] date-time: Cannot convert date for timezone. @ https://cdn1.espn.net/fitt/3d6cb3dd2914-release-08-11-2026.2.0.5384/client/espnfitt/9417-eb193dfc.js:0
[   50081ms] [WARNING] The resource https://a.espncdn.com/fonts/_BentonSans/BentonSansBlack.woff2 was preloaded using link preload but not used within a few seconds from the window's load event. Please make sure it has an appropriate `as` value and it is preloaded intentionally. @ https://www.espn.in/football/fixtures/_/date/20260820/league/club.friendly:0
[   50081ms] [WARNING] The resource https://a.espncdn.com/fonts/_BentonSansCond/BentonSansCondBold.woff2 was preloaded using link preload but not used within a few seconds from the window's load event. Please make sure it has an appropriate `as` value and it is preloaded intentionally. @ https://www.espn.in/football/fixtures/_/date/20260820/league/club.friendly:0
[   50081ms] [WARNING] The resource https://a.espncdn.com/fonts/_BentonSans/BentonSansRegular.woff2 was preloaded using link preload but not used within a few seconds from the window's load event. Please make sure it has an appropriate `as` value and it is preloaded intentionally. @ https://www.espn.in/football/fixtures/_/date/20260820/league/club.friendly:0
[   50875ms] [WARNING] [GPT] Invalid arguments: SizeMappingBuilder.addSize([0, 0], [[0, 0]]). All zero-area slot sizes were removed.
https://goo.gle/gpt-message#151 @ https://securepubads.g.doubleclick.net/pagead/managed/js/gpt/m202608110101/pubads_impl.js:18
[   50931ms] [WARNING] DeferredVisibilityService rejected: cleanup @ https://cdn.taboola.com/libtrc/espn-network/loader.js:26
[   50934ms] [WARNING] ItemRenderer: deferred visibility subscription rejected: cleanup @ https://cdn.taboola.com/libtrc/espn-network/loader.js:26
[   50935ms] [WARNING] ItemRenderer: deferred visibility subscription rejected: cleanup @ https://cdn.taboola.com/libtrc/espn-network/loader.js:26
[   50937ms] [WARNING] ItemRenderer: deferred visibility subscription rejected: cleanup @ https://cdn.taboola.com/libtrc/espn-network/loader.js:26
[   50938ms] [WARNING] ItemRenderer: deferred visibility subscription rejected: cleanup @ https://cdn.taboola.com/libtrc/espn-network/loader.js:26
[   50939ms] [WARNING] ItemRenderer: deferred visibility subscription rejected: cleanup @ https://cdn.taboola.com/libtrc/espn-network/loader.js:26
[   51081ms] [WARNING] [OneID] [%s]:  WARN `DisneyID` global object is soon to be deprecated. Use `OneID` instead. @ https://cdn.registerdisney.go.com/v4/OneID.js:1
[   52941ms] [INFO] Powered by AMP ⚡ HTML – Version 2607210106000 https://www.espn.in/football/fixtures/_/date/20260820/league/club.friendly @ https://cdn.ampproject.org/rtv/012607210106000/amp4ads-v0.mjs:1
[   55254ms] [WARNING] The resource https://cdn.registerdisney.go.com/v4/asset/bundler/ESPN/v4/images/v2/espn-red-logo.svg was preloaded using link preload but not used within a few seconds from the window's load event. Please make sure it has an appropriate `as` value and it is preloaded intentionally. @ https://cdn.registerdisney.go.com/v4/bundle/web/ESPN-ONESITE.WEB/en-IN?cssOverride=https%3A%2F%2Fsecure.espncdn.com%2Fcombiner%2Fc%3Fcss%3Ddisneyid%2Fcorev4.css&logLevel=INFO:0
[   58736ms] [WARNING] The resource https://a.espncdn.com/fonts/_BentonSans/BentonSansBlack.woff2 was preloaded using link preload but not used within a few seconds from the window's load event. Please make sure it has an appropriate `as` value and it is preloaded intentionally. @ https://www.espn.in/football/fixtures/_/date/20260820/league/club.friendly:0
[   58736ms] [WARNING] The resource https://a.espncdn.com/fonts/_BentonSansCond/BentonSansCondBold.woff2 was preloaded using link preload but not used within a few seconds from the window's load event. Please make sure it has an appropriate `as` value and it is preloaded intentionally. @ https://www.espn.in/football/fixtures/_/date/20260820/league/club.friendly:0
[   58736ms] [WARNING] The resource https://a.espncdn.com/fonts/_BentonSans/BentonSansRegular.woff2 was preloaded using link preload but not used within a few seconds from the window's load event. Please make sure it has an appropriate `as` value and it is preloaded intentionally. @ https://www.espn.in/football/fixtures/_/date/20260820/league/club.friendly:0
[   60745ms] [LOG] Nielsen Log: Info - Max retry reached for sending sync ping: https://loadus.exelator.com/getid?p=1480&g=1&j=0&asid=P07264C85-15CD-4A80-8E56-B5BFA6D93296 @ https://cdn-gl.imrworldwide.com/novms/html/ls.html:139
[   64032ms] [WARNING] The resource https://a.espncdn.com/fonts/_BentonSans/BentonSansBlack.woff2 was preloaded using link preload but not used within a few seconds from the window's load event. Please make sure it has an appropriate `as` value and it is preloaded intentionally. @ https://www.espn.in/football/fixtures/_/date/20260820/league/club.friendly:0
[   64032ms] [WARNING] The resource https://a.espncdn.com/fonts/_BentonSansCond/BentonSansCondBold.woff2 was preloaded using link preload but not used within a few seconds from the window's load event. Please make sure it has an appropriate `as` value and it is preloaded intentionally. @ https://www.espn.in/football/fixtures/_/date/20260820/league/club.friendly:0
[   64032ms] [WARNING] The resource https://a.espncdn.com/fonts/_BentonSans/BentonSansRegular.woff2 was preloaded using link preload but not used within a few seconds from the window's load event. Please make sure it has an appropriate `as` value and it is preloaded intentionally. @ https://www.espn.in/football/fixtures/_/date/20260820/league/club.friendly:0
[   69318ms] [WARNING] The resource https://a.espncdn.com/fonts/_BentonSans/BentonSansBlack.woff2 was preloaded using link preload but not used within a few seconds from the window's load event. Please make sure it has an appropriate `as` value and it is preloaded intentionally. @ https://www.espn.in/football/fixtures/_/date/20260820/league/club.friendly:0
[   69319ms] [WARNING] The resource https://a.espncdn.com/fonts/_BentonSansCond/BentonSansCondBold.woff2 was preloaded using link preload but not used within a few seconds from the window's load event. Please make sure it has an appropriate `as` value and it is preloaded intentionally. @ https://www.espn.in/football/fixtures/_/date/20260820/league/club.friendly:0
[   69319ms] [WARNING] The resource https://a.espncdn.com/fonts/_BentonSans/BentonSansRegular.woff2 was preloaded using link preload but not used within a few seconds from the window's load event. Please make sure it has an appropriate `as` value and it is preloaded intentionally. @ https://www.espn.in/football/fixtures/_/date/20260820/league/club.friendly:0
[   75428ms] [WARNING] The resource https://a.espncdn.com/fonts/_BentonSans/BentonSansBlack.woff2 was preloaded using link preload but not used within a few seconds from the window's load event. Please make sure it has an appropriate `as` value and it is preloaded intentionally. @ https://www.espn.in/football/fixtures/_/date/20260820/league/club.friendly:0
[   75428ms] [WARNING] The resource https://a.espncdn.com/fonts/_BentonSansCond/BentonSansCondBold.woff2 was preloaded using link preload but not used within a few seconds from the window's load event. Please make sure it has an appropriate `as` value and it is preloaded intentionally. @ https://www.espn.in/football/fixtures/_/date/20260820/league/club.friendly:0
[   75428ms] [WARNING] The resource https://a.espncdn.com/fonts/_BentonSans/BentonSansRegular.woff2 was preloaded using link preload but not used within a few seconds from the window's load event. Please make sure it has an appropriate `as` value and it is preloaded intentionally. @ https://www.espn.in/football/fixtures/_/date/20260820/league/club.friendly:0
[   80347ms] [WARNING] The resource https://a.espncdn.com/fonts/_BentonSans/BentonSansBlack.woff2 was preloaded using link preload but not used within a few seconds from the window's load event. Please make sure it has an appropriate `as` value and it is preloaded intentionally. @ https://www.espn.in/football/fixtures/_/date/20260820/league/club.friendly:0
[   80347ms] [WARNING] The resource https://a.espncdn.com/fonts/_BentonSansCond/BentonSansCondBold.woff2 was preloaded using link preload but not used within a few seconds from the window's load event. Please make sure it has an appropriate `as` value and it is preloaded intentionally. @ https://www.espn.in/football/fixtures/_/date/20260820/league/club.friendly:0
[   80348ms] [WARNING] The resource https://a.espncdn.com/fonts/_BentonSans/BentonSansRegular.woff2 was preloaded using link preload but not used within a few seconds from the window's load event. Please make sure it has an appropriate `as` value and it is preloaded intentionally. @ https://www.espn.in/football/fixtures/_/date/20260820/league/club.friendly:0
[   84734ms] [WARNING] The resource https://cdn.registerdisney.go.com/v4/asset/bundler/ESPN/v4/images/v2/espn-red-logo.svg was preloaded using link preload but not used within a few seconds from the window's load event. Please make sure it has an appropriate `as` value and it is preloaded intentionally. @ https://cdn.registerdisney.go.com/v4/bundle/web/ESPN-ONESITE.WEB/en-IN?cssOverride=https%3A%2F%2Fsecure.espncdn.com%2Fcombiner%2Fc%3Fcss%3Ddisneyid%2Fcorev4.css&logLevel=INFO:0
[   85896ms] [ERROR] Failed to load resource: the server responded with a status of 503 () @ https://www.espn.in/football/club/_/id/8961/coruxo:0
[   94969ms] [WARNING] Mixed Content: The page at 'https://www.espn.in/' was loaded over HTTPS, but requested an insecure element 'http://a.espncdn.com/combiner/i?img=/i/leaguelogos/soccer/500/2334.png'. This request was automatically upgraded to HTTPS, For more information see https://blog.chromium.org/2019/10/no-more-mixed-messages-about-https.html @ https://www.espn.in/:0
[   94971ms] [WARNING] Mixed Content: The page at 'https://www.espn.in/' was loaded over HTTPS, but requested an insecure element 'http://a.espncdn.com/combiner/i?img=/i/leaguelogos/soccer/500/23.png&w=50&h=50&transparent=true'. This request was automatically upgraded to HTTPS, For more information see https://blog.chromium.org/2019/10/no-more-mixed-messages-about-https.html @ https://www.espn.in/:0
[   94971ms] [WARNING] Mixed Content: The page at 'https://www.espn.in/' was loaded over HTTPS, but requested an insecure element 'http://a.espncdn.com/combiner/i?img=/i/leaguelogos/soccer/500/15.png&w=50&h=50&transparent=true'. This request was automatically upgraded to HTTPS, For more information see https://blog.chromium.org/2019/10/no-more-mixed-messages-about-https.html @ https://www.espn.in/:0
[   94971ms] [WARNING] Mixed Content: The page at 'https://www.espn.in/' was loaded over HTTPS, but requested an insecure element 'http://a.espncdn.com/combiner/i?img=/i/leaguelogos/soccer/500/2.png&w=50&h=50&transparent=true'. This request was automatically upgraded to HTTPS, For more information see https://blog.chromium.org/2019/10/no-more-mixed-messages-about-https.html @ https://www.espn.in/:0
[   94971ms] [WARNING] Mixed Content: The page at 'https://www.espn.in/' was loaded over HTTPS, but requested an insecure element 'http://a.espncdn.com/combiner/i?img=/i/leaguelogos/soccer/500/2310.png&transparent=true&w=30&h=30'. This request was automatically upgraded to HTTPS, For more information see https://blog.chromium.org/2019/10/no-more-mixed-messages-about-https.html @ https://www.espn.in/:0
[   94972ms] [WARNING] Mixed Content: The page at 'https://www.espn.in/' was loaded over HTTPS, but requested an insecure element 'http://a.espncdn.com/combiner/i?img=/i/teamlogos/cricket/500/tcm_logo.png'. This request was automatically upgraded to HTTPS, For more information see https://blog.chromium.org/2019/10/no-more-mixed-messages-about-https.html @ https://www.espn.in/:0
[   95008ms] [WARNING] Mixed Content: The page at 'https://www.espn.in/' was loaded over HTTPS, but requested an insecure element 'http://a.espncdn.com/combiner/i?img=/i/leaguelogos/soccer/500/2334.png'. This request was automatically upgraded to HTTPS, For more information see https://blog.chromium.org/2019/10/no-more-mixed-messages-about-https.html @ https://www.espn.in/:0
[   95008ms] [WARNING] Mixed Content: The page at 'https://www.espn.in/' was loaded over HTTPS, but requested an insecure element 'http://a.espncdn.com/combiner/i?img=/i/leaguelogos/soccer/500/23.png&w=50&h=50&transparent=true'. This request was automatically upgraded to HTTPS, For more information see https://blog.chromium.org/2019/10/no-more-mixed-messages-about-https.html @ https://www.espn.in/:0
[   95008ms] [WARNING] Mixed Content: The page at 'https://www.espn.in/' was loaded over HTTPS, but requested an insecure element 'http://a.espncdn.com/combiner/i?img=/i/leaguelogos/soccer/500/15.png&w=50&h=50&transparent=true'. This request was automatically upgraded to HTTPS, For more information see https://blog.chromium.org/2019/10/no-more-mixed-messages-about-https.html @ https://www.espn.in/:0
[   95008ms] [WARNING] Mixed Content: The page at 'https://www.espn.in/' was loaded over HTTPS, but requested an insecure element 'http://a.espncdn.com/combiner/i?img=/i/leaguelogos/soccer/500/2.png&w=50&h=50&transparent=true'. This request was automatically upgraded to HTTPS, For more information see https://blog.chromium.org/2019/10/no-more-mixed-messages-about-https.html @ https://www.espn.in/:0
[   95008ms] [WARNING] Mixed Content: The page at 'https://www.espn.in/' was loaded over HTTPS, but requested an insecure element 'http://a.espncdn.com/combiner/i?img=/i/leaguelogos/soccer/500/2310.png&transparent=true&w=30&h=30'. This request was automatically upgraded to HTTPS, For more information see https://blog.chromium.org/2019/10/no-more-mixed-messages-about-https.html @ https://www.espn.in/:0
[   95009ms] [WARNING] Mixed Content: The page at 'https://www.espn.in/' was loaded over HTTPS, but requested an insecure element 'http://a.espncdn.com/combiner/i?img=/i/teamlogos/cricket/500/tcm_logo.png'. This request was automatically upgraded to HTTPS, For more information see https://blog.chromium.org/2019/10/no-more-mixed-messages-about-https.html @ https://www.espn.in/:0
[   95356ms] [WARNING] Mixed Content: The page at 'https://www.espn.in/' was loaded over HTTPS, but requested an insecure element 'http://a.espncdn.com/combiner/i?img=/i/leaguelogos/soccer/500/2334.png'. This request was automatically upgraded to HTTPS, For more information see https://blog.chromium.org/2019/10/no-more-mixed-messages-about-https.html @ https://www.espn.in/:739
[   95356ms] [WARNING] Mixed Content: The page at 'https://www.espn.in/' was loaded over HTTPS, but requested an insecure element 'http://a.espncdn.com/combiner/i?img=/i/leaguelogos/soccer/500/23.png&w=50&h=50&transparent=true'. This request was automatically upgraded to HTTPS, For more information see https://blog.chromium.org/2019/10/no-more-mixed-messages-about-https.html @ https://www.espn.in/:739
[   95356ms] [WARNING] Mixed Content: The page at 'https://www.espn.in/' was loaded over HTTPS, but requested an insecure element 'http://a.espncdn.com/combiner/i?img=/i/leaguelogos/soccer/500/15.png&w=50&h=50&transparent=true'. This request was automatically upgraded to HTTPS, For more information see https://blog.chromium.org/2019/10/no-more-mixed-messages-about-https.html @ https://www.espn.in/:739
[   95356ms] [WARNING] Mixed Content: The page at 'https://www.espn.in/' was loaded over HTTPS, but requested an insecure element 'http://a.espncdn.com/combiner/i?img=/i/leaguelogos/soccer/500/2.png&w=50&h=50&transparent=true'. This request was automatically upgraded to HTTPS, For more information see https://blog.chromium.org/2019/10/no-more-mixed-messages-about-https.html @ https://www.espn.in/:739
[   95356ms] [WARNING] Mixed Content: The page at 'https://www.espn.in/' was loaded over HTTPS, but requested an insecure element 'http://a.espncdn.com/combiner/i?img=/i/leaguelogos/soccer/500/2310.png&transparent=true&w=30&h=30'. This request was automatically upgraded to HTTPS, For more information see https://blog.chromium.org/2019/10/no-more-mixed-messages-about-https.html @ https://www.espn.in/:739
[   95356ms] [WARNING] Mixed Content: The page at 'https://www.espn.in/' was loaded over HTTPS, but requested an insecure element 'http://a.espncdn.com/combiner/i?img=/i/teamlogos/cricket/500/tcm_logo.png'. This request was automatically upgraded to HTTPS, For more information see https://blog.chromium.org/2019/10/no-more-mixed-messages-about-https.html @ https://www.espn.in/:739
[   95357ms] [WARNING] Mixed Content: The page at 'https://www.espn.in/' was loaded over HTTPS, but requested an insecure element 'http://a.espncdn.com/combiner/i?img=/i/leaguelogos/soccer/500/2334.png'. This request was automatically upgraded to HTTPS, For more information see https://blog.chromium.org/2019/10/no-more-mixed-messages-about-https.html @ https://www.espn.in/:953
[   95358ms] [WARNING] Mixed Content: The page at 'https://www.espn.in/' was loaded over HTTPS, but requested an insecure element 'http://a.espncdn.com/combiner/i?img=/i/leaguelogos/soccer/500/23.png&w=50&h=50&transparent=true'. This request was automatically upgraded to HTTPS, For more information see https://blog.chromium.org/2019/10/no-more-mixed-messages-about-https.html @ https://www.espn.in/:953
[   95358ms] [WARNING] Mixed Content: The page at 'https://www.espn.in/' was loaded over HTTPS, but requested an insecure element 'http://a.espncdn.com/combiner/i?img=/i/leaguelogos/soccer/500/15.png&w=50&h=50&transparent=true'. This request was automatically upgraded to HTTPS, For more information see https://blog.chromium.org/2019/10/no-more-mixed-messages-about-https.html @ https://www.espn.in/:953
[   95358ms] [WARNING] Mixed Content: The page at 'https://www.espn.in/' was loaded over HTTPS, but requested an insecure element 'http://a.espncdn.com/combiner/i?img=/i/leaguelogos/soccer/500/2.png&w=50&h=50&transparent=true'. This request was automatically upgraded to HTTPS, For more information see https://blog.chromium.org/2019/10/no-more-mixed-messages-about-https.html @ https://www.espn.in/:953
[   95358ms] [WARNING] Mixed Content: The page at 'https://www.espn.in/' was loaded over HTTPS, but requested an insecure element 'http://a.espncdn.com/combiner/i?img=/i/leaguelogos/soccer/500/2310.png&transparent=true&w=30&h=30'. This request was automatically upgraded to HTTPS, For more information see https://blog.chromium.org/2019/10/no-more-mixed-messages-about-https.html @ https://www.espn.in/:953
[   95358ms] [WARNING] Mixed Content: The page at 'https://www.espn.in/' was loaded over HTTPS, but requested an insecure element 'http://a.espncdn.com/combiner/i?img=/i/teamlogos/cricket/500/tcm_logo.png'. This request was automatically upgraded to HTTPS, For more information see https://blog.chromium.org/2019/10/no-more-mixed-messages-about-https.html @ https://www.espn.in/:953
[   96448ms] [WARNING] [GPT] Slot.setTargeting is deprecated, use Slot.setConfig({targeting: ...}) instead.
https://goo.gle/gpt-message#171 @ https://securepubads.g.doubleclick.net/pagead/managed/js/gpt/m202608110101/pubads_impl.js:18
[   96449ms] [WARNING] [GPT] Invalid arguments: SizeMappingBuilder.addSize([0, 0], [[0, 0]]). All zero-area slot sizes were removed.
https://goo.gle/gpt-message#151 @ https://securepubads.g.doubleclick.net/pagead/managed/js/gpt/m202608110101/pubads_impl.js:18
[   96452ms] [WARNING] [GPT] PubAdsService.setTargeting is deprecated, use googletag.setConfig({targeting: ...}) instead.
https://goo.gle/gpt-message#170 @ https://securepubads.g.doubleclick.net/pagead/managed/js/gpt/m202608110101/pubads_impl.js:18
[  103423ms] [LOG] DOM isReady:  2812 @ https://cdn1.espn.net/fitt/1ea9148b758d-release-08-18-2026.2.0.5383/client/espnfitt/9307-e041508d.js:0
[  103732ms] [LOG] 12:52:57.963 [Playback Service: Device Detection:] Library Detection and User Agent Detection Do Not Match @ https://hiveplayer-static.bamgrid.com/artifacts/hive/playback-service/26.9.0-iridessa/all_browser_es5/playback-service.js:1
[  103732ms] [LOG] 12:52:57.964 [Playback Service: Device Detection:] Library Detected: undefined, UA Detected: chrome @ https://hiveplayer-static.bamgrid.com/artifacts/hive/playback-service/26.9.0-iridessa/all_browser_es5/playback-service.js:1
[  103789ms] [WARNING] The provided component class (t)
                has already been declared as an observer component. @ https://cdn1.espn.net/fitt/1ea9148b758d-release-08-18-2026.2.0.5383/client/espnfitt/9307-e041508d.js:0
[  104370ms] [WARNING] Datadog Browser SDK: SDK is loaded more than once. This is unsupported and might have unexpected behavior. @ https://cdn.registerdisney.go.com/v4/OneID.js:1
[  104572ms] [WARNING] adgb - not initialized. @ https://cdn.taboola.com/libtrc/espn-network/loader.js:26
[  106805ms] [WARNING] The resource https://a.espncdn.com/fonts/_BentonSans/BentonSansBlack.woff2 was preloaded using link preload but not used within a few seconds from the window's load event. Please make sure it has an appropriate `as` value and it is preloaded intentionally. @ https://www.espn.in/football/fixtures/_/league/club.friendly:0
[  106805ms] [WARNING] The resource https://a.espncdn.com/fonts/_BentonSansCond/BentonSansCondBold.woff2 was preloaded using link preload but not used within a few seconds from the window's load event. Please make sure it has an appropriate `as` value and it is preloaded intentionally. @ https://www.espn.in/football/fixtures/_/league/club.friendly:0
[  106805ms] [WARNING] The resource https://a.espncdn.com/fonts/_BentonSans/BentonSansRegular.woff2 was preloaded using link preload but not used within a few seconds from the window's load event. Please make sure it has an appropriate `as` value and it is preloaded intentionally. @ https://www.espn.in/football/fixtures/_/league/club.friendly:0
[  106819ms] [LOG] PLSUB init called 17871439810217462 @ https://cdn-gl.imrworldwide.com/novms/js/2/nlsSDK600.bundle.min.js:5
[  106858ms] [WARNING] [GPT] Slot.setCollapseEmptyDiv is deprecated, use Slot.setConfig({collapseDiv: ...}) instead.
https://goo.gle/gpt-message#171 @ https://securepubads.g.doubleclick.net/pagead/managed/js/gpt/m202608110101/pubads_impl.js:18
[  106862ms] [WARNING] [GPT] Invalid arguments: SizeMappingBuilder.addSize([0, 0], [[0, 0]]). All zero-area slot sizes were removed.
https://goo.gle/gpt-message#151 @ https://securepubads.g.doubleclick.net/pagead/managed/js/gpt/m202608110101/pubads_impl.js:18
[  106863ms] [WARNING] [GPT] PubAdsService.setTargeting is deprecated, use googletag.setConfig({targeting: ...}) instead.
https://goo.gle/gpt-message#170 @ https://securepubads.g.doubleclick.net/pagead/managed/js/gpt/m202608110101/pubads_impl.js:18
[  106900ms] [WARNING] [OneID] [%s]:  WARN `DisneyID` global object is soon to be deprecated. Use `OneID` instead. @ https://cdn.registerdisney.go.com/v4/OneID.js:1
[  111289ms] [WARNING] The resource https://cdn.registerdisney.go.com/v4/asset/bundler/ESPN/v4/images/v2/espn-red-logo.svg was preloaded using link preload but not used within a few seconds from the window's load event. Please make sure it has an appropriate `as` value and it is preloaded intentionally. @ https://cdn.registerdisney.go.com/v4/bundle/web/ESPN-ONESITE.WEB/en-IN?cssOverride=https%3A%2F%2Fsecure.espncdn.com%2Fcombiner%2Fc%3Fcss%3Ddisneyid%2Fcorev4.css&logLevel=INFO:0
[  129988ms] [WARNING] The resource https://a.espncdn.com/fonts/_BentonSans/BentonSansBlack.woff2 was preloaded using link preload but not used within a few seconds from the window's load event. Please make sure it has an appropriate `as` value and it is preloaded intentionally. @ https://www.espn.in/football/fixtures/_/league/club.friendly:0
[  129988ms] [WARNING] The resource https://a.espncdn.com/fonts/_BentonSansCond/BentonSansCondBold.woff2 was preloaded using link preload but not used within a few seconds from the window's load event. Please make sure it has an appropriate `as` value and it is preloaded intentionally. @ https://www.espn.in/football/fixtures/_/league/club.friendly:0
[  129989ms] [WARNING] The resource https://a.espncdn.com/fonts/_BentonSans/BentonSansRegular.woff2 was preloaded using link preload but not used within a few seconds from the window's load event. Please make sure it has an appropriate `as` value and it is preloaded intentionally. @ https://www.espn.in/football/fixtures/_/league/club.friendly:0
[  137519ms] [LOG] Nielsen Log: Info - Max retry reached for sending sync ping: https://loadus.exelator.com/getid?p=1480&g=1&j=0&asid=P07264C85-15CD-4A80-8E56-B5BFA6D93296 @ https://cdn-gl.imrworldwide.com/novms/html/ls.html:139
[  139933ms] [WARNING] The resource https://a.espncdn.com/fonts/_BentonSans/BentonSansBlack.woff2 was preloaded using link preload but not used within a few seconds from the window's load event. Please make sure it has an appropriate `as` value and it is preloaded intentionally. @ https://www.espn.in/football/fixtures/_/league/club.friendly:0
[  139936ms] [WARNING] The resource https://a.espncdn.com/fonts/_BentonSansCond/BentonSansCondBold.woff2 was preloaded using link preload but not used within a few seconds from the window's load event. Please make sure it has an appropriate `as` value and it is preloaded intentionally. @ https://www.espn.in/football/fixtures/_/league/club.friendly:0
[  139936ms] [WARNING] The resource https://a.espncdn.com/fonts/_BentonSans/BentonSansRegular.woff2 was preloaded using link preload but not used within a few seconds from the window's load event. Please make sure it has an appropriate `as` value and it is preloaded intentionally. @ https://www.espn.in/football/fixtures/_/league/club.friendly:0
[  147793ms] [WARNING] The resource https://a.espncdn.com/fonts/_BentonSans/BentonSansBlack.woff2 was preloaded using link preload but not used within a few seconds from the window's load event. Please make sure it has an appropriate `as` value and it is preloaded intentionally. @ https://www.espn.in/football/fixtures/_/league/club.friendly:0
[  147799ms] [WARNING] The resource https://a.espncdn.com/fonts/_BentonSansCond/BentonSansCondBold.woff2 was preloaded using link preload but not used within a few seconds from the window's load event. Please make sure it has an appropriate `as` value and it is preloaded intentionally. @ https://www.espn.in/football/fixtures/_/league/club.friendly:0
[  147799ms] [WARNING] The resource https://a.espncdn.com/fonts/_BentonSans/BentonSansRegular.woff2 was preloaded using link preload but not used within a few seconds from the window's load event. Please make sure it has an appropriate `as` value and it is preloaded intentionally. @ https://www.espn.in/football/fixtures/_/league/club.friendly:0
[  157925ms] [WARNING] The resource https://a.espncdn.com/fonts/_BentonSans/BentonSansBlack.woff2 was preloaded using link preload but not used within a few seconds from the window's load event. Please make sure it has an appropriate `as` value and it is preloaded intentionally. @ https://www.espn.in/football/fixtures/_/league/club.friendly:0
[  157926ms] [WARNING] The resource https://a.espncdn.com/fonts/_BentonSansCond/BentonSansCondBold.woff2 was preloaded using link preload but not used within a few seconds from the window's load event. Please make sure it has an appropriate `as` value and it is preloaded intentionally. @ https://www.espn.in/football/fixtures/_/league/club.friendly:0
[  157927ms] [WARNING] The resource https://a.espncdn.com/fonts/_BentonSans/BentonSansRegular.woff2 was preloaded using link preload but not used within a few seconds from the window's load event. Please make sure it has an appropriate `as` value and it is preloaded intentionally. @ https://www.espn.in/football/fixtures/_/league/club.friendly:0
[  170178ms] [WARNING] The resource https://a.espncdn.com/fonts/_BentonSans/BentonSansBlack.woff2 was preloaded using link preload but not used within a few seconds from the window's load event. Please make sure it has an appropriate `as` value and it is preloaded intentionally. @ https://www.espn.in/football/fixtures/_/league/club.friendly:0
[  170178ms] [WARNING] The resource https://a.espncdn.com/fonts/_BentonSansCond/BentonSansCondBold.woff2 was preloaded using link preload but not used within a few seconds from the window's load event. Please make sure it has an appropriate `as` value and it is preloaded intentionally. @ https://www.espn.in/football/fixtures/_/league/club.friendly:0
[  170183ms] [WARNING] The resource https://a.espncdn.com/fonts/_BentonSans/BentonSansRegular.woff2 was preloaded using link preload but not used within a few seconds from the window's load event. Please make sure it has an appropriate `as` value and it is preloaded intentionally. @ https://www.espn.in/football/fixtures/_/league/club.friendly:0
[  177826ms] [WARNING] The resource https://a.espncdn.com/fonts/_BentonSans/BentonSansBlack.woff2 was preloaded using link preload but not used within a few seconds from the window's load event. Please make sure it has an appropriate `as` value and it is preloaded intentionally. @ https://www.espn.in/football/fixtures/_/league/club.friendly:0
[  177827ms] [WARNING] The resource https://a.espncdn.com/fonts/_BentonSansCond/BentonSansCondBold.woff2 was preloaded using link preload but not used within a few seconds from the window's load event. Please make sure it has an appropriate `as` value and it is preloaded intentionally. @ https://www.espn.in/football/fixtures/_/league/club.friendly:0
[  177833ms] [WARNING] The resource https://a.espncdn.com/fonts/_BentonSans/BentonSansRegular.woff2 was preloaded using link preload but not used within a few seconds from the window's load event. Please make sure it has an appropriate `as` value and it is preloaded intentionally. @ https://www.espn.in/football/fixtures/_/league/club.friendly:0
[  187808ms] [WARNING] The resource https://a.espncdn.com/fonts/_BentonSans/BentonSansBlack.woff2 was preloaded using link preload but not used within a few seconds from the window's load event. Please make sure it has an appropriate `as` value and it is preloaded intentionally. @ https://www.espn.in/football/fixtures/_/league/club.friendly:0
[  187808ms] [WARNING] The resource https://a.espncdn.com/fonts/_BentonSansCond/BentonSansCondBold.woff2 was preloaded using link preload but not used within a few seconds from the window's load event. Please make sure it has an appropriate `as` value and it is preloaded intentionally. @ https://www.espn.in/football/fixtures/_/league/club.friendly:0
[  187809ms] [WARNING] The resource https://a.espncdn.com/fonts/_BentonSans/BentonSansRegular.woff2 was preloaded using link preload but not used within a few seconds from the window's load event. Please make sure it has an appropriate `as` value and it is preloaded intentionally. @ https://www.espn.in/football/fixtures/_/league/club.friendly:0
[  197818ms] [WARNING] The resource https://a.espncdn.com/fonts/_BentonSans/BentonSansBlack.woff2 was preloaded using link preload but not used within a few seconds from the window's load event. Please make sure it has an appropriate `as` value and it is preloaded intentionally. @ https://www.espn.in/football/fixtures/_/league/club.friendly:0
[  197818ms] [WARNING] The resource https://a.espncdn.com/fonts/_BentonSansCond/BentonSansCondBold.woff2 was preloaded using link preload but not used within a few seconds from the window's load event. Please make sure it has an appropriate `as` value and it is preloaded intentionally. @ https://www.espn.in/football/fixtures/_/league/club.friendly:0
[  197818ms] [WARNING] The resource https://a.espncdn.com/fonts/_BentonSans/BentonSansRegular.woff2 was preloaded using link preload but not used within a few seconds from the window's load event. Please make sure it has an appropriate `as` value and it is preloaded intentionally. @ https://www.espn.in/football/fixtures/_/league/club.friendly:0
[  207796ms] [WARNING] The resource https://a.espncdn.com/fonts/_BentonSans/BentonSansBlack.woff2 was preloaded using link preload but not used within a few seconds from the window's load event. Please make sure it has an appropriate `as` value and it is preloaded intentionally. @ https://www.espn.in/football/fixtures/_/league/club.friendly:0
[  207796ms] [WARNING] The resource https://a.espncdn.com/fonts/_BentonSansCond/BentonSansCondBold.woff2 was preloaded using link preload but not used within a few seconds from the window's load event. Please make sure it has an appropriate `as` value and it is preloaded intentionally. @ https://www.espn.in/football/fixtures/_/league/club.friendly:0
[  207796ms] [WARNING] The resource https://a.espncdn.com/fonts/_BentonSans/BentonSansRegular.woff2 was preloaded using link preload but not used within a few seconds from the window's load event. Please make sure it has an appropriate `as` value and it is preloaded intentionally. @ https://www.espn.in/football/fixtures/_/league/club.friendly:0
[  217835ms] [WARNING] The resource https://a.espncdn.com/fonts/_BentonSans/BentonSansBlack.woff2 was preloaded using link preload but not used within a few seconds from the window's load event. Please make sure it has an appropriate `as` value and it is preloaded intentionally. @ https://www.espn.in/football/fixtures/_/league/club.friendly:0
[  217836ms] [WARNING] The resource https://a.espncdn.com/fonts/_BentonSansCond/BentonSansCondBold.woff2 was preloaded using link preload but not used within a few seconds from the window's load event. Please make sure it has an appropriate `as` value and it is preloaded intentionally. @ https://www.espn.in/football/fixtures/_/league/club.friendly:0
[  217837ms] [WARNING] The resource https://a.espncdn.com/fonts/_BentonSans/BentonSansRegular.woff2 was preloaded using link preload but not used within a few seconds from the window's load event. Please make sure it has an appropriate `as` value and it is preloaded intentionally. @ https://www.espn.in/football/fixtures/_/league/club.friendly:0
[  230468ms] [WARNING] The resource https://a.espncdn.com/fonts/_BentonSans/BentonSansBlack.woff2 was preloaded using link preload but not used within a few seconds from the window's load event. Please make sure it has an appropriate `as` value and it is preloaded intentionally. @ https://www.espn.in/football/fixtures/_/league/club.friendly:0
[  230468ms] [WARNING] The resource https://a.espncdn.com/fonts/_BentonSansCond/BentonSansCondBold.woff2 was preloaded using link preload but not used within a few seconds from the window's load event. Please make sure it has an appropriate `as` value and it is preloaded intentionally. @ https://www.espn.in/football/fixtures/_/league/club.friendly:0
[  230469ms] [WARNING] The resource https://a.espncdn.com/fonts/_BentonSans/BentonSansRegular.woff2 was preloaded using link preload but not used within a few seconds from the window's load event. Please make sure it has an appropriate `as` value and it is preloaded intentionally. @ https://www.espn.in/football/fixtures/_/league/club.friendly:0
[  237803ms] [WARNING] The resource https://a.espncdn.com/fonts/_BentonSans/BentonSansBlack.woff2 was preloaded using link preload but not used within a few seconds from the window's load event. Please make sure it has an appropriate `as` value and it is preloaded intentionally. @ https://www.espn.in/football/fixtures/_/league/club.friendly:0
[  237803ms] [WARNING] The resource https://a.espncdn.com/fonts/_BentonSansCond/BentonSansCondBold.woff2 was preloaded using link preload but not used within a few seconds from the window's load event. Please make sure it has an appropriate `as` value and it is preloaded intentionally. @ https://www.espn.in/football/fixtures/_/league/club.friendly:0
[  237810ms] [WARNING] The resource https://a.espncdn.com/fonts/_BentonSans/BentonSansRegular.woff2 was preloaded using link preload but not used within a few seconds from the window's load event. Please make sure it has an appropriate `as` value and it is preloaded intentionally. @ https://www.espn.in/football/fixtures/_/league/club.friendly:0
[  247806ms] [WARNING] The resource https://a.espncdn.com/fonts/_BentonSans/BentonSansBlack.woff2 was preloaded using link preload but not used within a few seconds from the window's load event. Please make sure it has an appropriate `as` value and it is preloaded intentionally. @ https://www.espn.in/football/fixtures/_/league/club.friendly:0
[  247807ms] [WARNING] The resource https://a.espncdn.com/fonts/_BentonSansCond/BentonSansCondBold.woff2 was preloaded using link preload but not used within a few seconds from the window's load event. Please make sure it has an appropriate `as` value and it is preloaded intentionally. @ https://www.espn.in/football/fixtures/_/league/club.friendly:0
[  247807ms] [WARNING] The resource https://a.espncdn.com/fonts/_BentonSans/BentonSansRegular.woff2 was preloaded using link preload but not used within a few seconds from the window's load event. Please make sure it has an appropriate `as` value and it is preloaded intentionally. @ https://www.espn.in/football/fixtures/_/league/club.friendly:0
[  259825ms] [WARNING] The resource https://a.espncdn.com/fonts/_BentonSans/BentonSansBlack.woff2 was preloaded using link preload but not used within a few seconds from the window's load event. Please make sure it has an appropriate `as` value and it is preloaded intentionally. @ https://www.espn.in/football/fixtures/_/league/club.friendly:0
[  259825ms] [WARNING] The resource https://a.espncdn.com/fonts/_BentonSansCond/BentonSansCondBold.woff2 was preloaded using link preload but not used within a few seconds from the window's load event. Please make sure it has an appropriate `as` value and it is preloaded intentionally. @ https://www.espn.in/football/fixtures/_/league/club.friendly:0
[  259826ms] [WARNING] The resource https://a.espncdn.com/fonts/_BentonSans/BentonSansRegular.woff2 was preloaded using link preload but not used within a few seconds from the window's load event. Please make sure it has an appropriate `as` value and it is preloaded intentionally. @ https://www.espn.in/football/fixtures/_/league/club.friendly:0
[  267823ms] [WARNING] The resource https://a.espncdn.com/fonts/_BentonSans/BentonSansBlack.woff2 was preloaded using link preload but not used within a few seconds from the window's load event. Please make sure it has an appropriate `as` value and it is preloaded intentionally. @ https://www.espn.in/football/fixtures/_/league/club.friendly:0
[  267825ms] [WARNING] The resource https://a.espncdn.com/fonts/_BentonSansCond/BentonSansCondBold.woff2 was preloaded using link preload but not used within a few seconds from the window's load event. Please make sure it has an appropriate `as` value and it is preloaded intentionally. @ https://www.espn.in/football/fixtures/_/league/club.friendly:0
[  267830ms] [WARNING] The resource https://a.espncdn.com/fonts/_BentonSans/BentonSansRegular.woff2 was preloaded using link preload but not used within a few seconds from the window's load event. Please make sure it has an appropriate `as` value and it is preloaded intentionally. @ https://www.espn.in/football/fixtures/_/league/club.friendly:0
[  278559ms] [WARNING] The resource https://a.espncdn.com/fonts/_BentonSans/BentonSansBlack.woff2 was preloaded using link preload but not used within a few seconds from the window's load event. Please make sure it has an appropriate `as` value and it is preloaded intentionally. @ https://www.espn.in/football/fixtures/_/league/club.friendly:0
[  278559ms] [WARNING] The resource https://a.espncdn.com/fonts/_BentonSansCond/BentonSansCondBold.woff2 was preloaded using link preload but not used within a few seconds from the window's load event. Please make sure it has an appropriate `as` value and it is preloaded intentionally. @ https://www.espn.in/football/fixtures/_/league/club.friendly:0
[  278559ms] [WARNING] The resource https://a.espncdn.com/fonts/_BentonSans/BentonSansRegular.woff2 was preloaded using link preload but not used within a few seconds from the window's load event. Please make sure it has an appropriate `as` value and it is preloaded intentionally. @ https://www.espn.in/football/fixtures/_/league/club.friendly:0
