[     518ms] [WARNING] <meta name="apple-mobile-web-app-capable" content="yes"> is deprecated. Please include <meta name="mobile-web-app-capable" content="yes"> @ http://localhost:8080/ufc/2026-08-15:0
[    3441ms] [ERROR] Access to fetch at 'https://www.thesportsdb.com/api/v1/json/3/searchteams.php?t=Ravens' from origin 'http://localhost:8080' has been blocked by CORS policy: No 'Access-Control-Allow-Origin' header is present on the requested resource. @ http://localhost:8080/ufc/2026-08-15:0
[    3443ms] [ERROR] Failed to load resource: net::ERR_FAILED @ https://www.thesportsdb.com/api/v1/json/3/searchteams.php?t=Ravens:0
[    3446ms] [ERROR] Access to fetch at 'https://www.thesportsdb.com/api/v1/json/3/searchteams.php?t=Eagles' from origin 'http://localhost:8080' has been blocked by CORS policy: No 'Access-Control-Allow-Origin' header is present on the requested resource. @ http://localhost:8080/ufc/2026-08-15:0
[    3446ms] [ERROR] Failed to load resource: net::ERR_FAILED @ https://www.thesportsdb.com/api/v1/json/3/searchteams.php?t=Eagles:0
[    3447ms] [ERROR] Access to fetch at 'https://www.thesportsdb.com/api/v1/json/3/searchteams.php?t=Seahawks' from origin 'http://localhost:8080' has been blocked by CORS policy: No 'Access-Control-Allow-Origin' header is present on the requested resource. @ http://localhost:8080/ufc/2026-08-15:0
[    3448ms] [ERROR] Failed to load resource: net::ERR_FAILED @ https://www.thesportsdb.com/api/v1/json/3/searchteams.php?t=Seahawks:0
[    3454ms] [ERROR] Access to fetch at 'https://www.thesportsdb.com/api/v1/json/3/searchteams.php?t=Ravens' from origin 'http://localhost:8080' has been blocked by CORS policy: No 'Access-Control-Allow-Origin' header is present on the requested resource. @ http://localhost:8080/ufc/2026-08-15:0
[    3455ms] [ERROR] Failed to load resource: net::ERR_FAILED @ https://www.thesportsdb.com/api/v1/json/3/searchteams.php?t=Ravens:0
[    3458ms] [ERROR] Access to fetch at 'https://www.thesportsdb.com/api/v1/json/3/searchteams.php?t=Eagles' from origin 'http://localhost:8080' has been blocked by CORS policy: No 'Access-Control-Allow-Origin' header is present on the requested resource. @ http://localhost:8080/ufc/2026-08-15:0
[    3459ms] [ERROR] Failed to load resource: net::ERR_FAILED @ https://www.thesportsdb.com/api/v1/json/3/searchteams.php?t=Eagles:0
[    3460ms] [ERROR] Access to fetch at 'https://www.thesportsdb.com/api/v1/json/3/searchteams.php?t=Seahawks' from origin 'http://localhost:8080' has been blocked by CORS policy: No 'Access-Control-Allow-Origin' header is present on the requested resource. @ http://localhost:8080/ufc/2026-08-15:0
[    3461ms] [ERROR] Failed to load resource: net::ERR_FAILED @ https://www.thesportsdb.com/api/v1/json/3/searchteams.php?t=Seahawks:0
[    3467ms] [ERROR] Access to fetch at 'https://www.thesportsdb.com/api/v1/json/3/searchteams.php?t=Cowboys' from origin 'http://localhost:8080' has been blocked by CORS policy: No 'Access-Control-Allow-Origin' header is present on the requested resource. @ http://localhost:8080/ufc/2026-08-15:0
[    3468ms] [ERROR] Failed to load resource: net::ERR_FAILED @ https://www.thesportsdb.com/api/v1/json/3/searchteams.php?t=Cowboys:0
[    3469ms] [ERROR] Access to fetch at 'https://www.thesportsdb.com/api/v1/json/3/searchteams.php?t=Islam%20Makhachev' from origin 'http://localhost:8080' has been blocked by CORS policy: No 'Access-Control-Allow-Origin' header is present on the requested resource. @ http://localhost:8080/ufc/2026-08-15:0
[    3470ms] [ERROR] Failed to load resource: net::ERR_FAILED @ https://www.thesportsdb.com/api/v1/json/3/searchteams.php?t=Islam%20Makhachev:0
[    3474ms] [ERROR] Access to fetch at 'https://www.thesportsdb.com/api/v1/json/3/searchteams.php?t=Ian%20Machado%20Garry' from origin 'http://localhost:8080' has been blocked by CORS policy: No 'Access-Control-Allow-Origin' header is present on the requested resource. @ http://localhost:8080/ufc/2026-08-15:0
[    3474ms] [ERROR] Failed to load resource: net::ERR_FAILED @ https://www.thesportsdb.com/api/v1/json/3/searchteams.php?t=Ian%20Machado%20Garry:0
[    3479ms] [ERROR] Access to fetch at 'https://www.thesportsdb.com/api/v1/json/3/searchteams.php?t=Cowboys' from origin 'http://localhost:8080' has been blocked by CORS policy: No 'Access-Control-Allow-Origin' header is present on the requested resource. @ http://localhost:8080/ufc/2026-08-15:0
[    3479ms] [ERROR] Failed to load resource: net::ERR_FAILED @ https://www.thesportsdb.com/api/v1/json/3/searchteams.php?t=Cowboys:0
[    3480ms] [ERROR] Access to fetch at 'https://www.thesportsdb.com/api/v1/json/3/searchteams.php?t=Islam%20Makhachev' from origin 'http://localhost:8080' has been blocked by CORS policy: No 'Access-Control-Allow-Origin' header is present on the requested resource. @ http://localhost:8080/ufc/2026-08-15:0
[    3481ms] [ERROR] Failed to load resource: net::ERR_FAILED @ https://www.thesportsdb.com/api/v1/json/3/searchteams.php?t=Islam%20Makhachev:0
[    3485ms] [ERROR] Access to fetch at 'https://www.thesportsdb.com/api/v1/json/3/searchteams.php?t=Ian%20Machado%20Garry' from origin 'http://localhost:8080' has been blocked by CORS policy: No 'Access-Control-Allow-Origin' header is present on the requested resource. @ http://localhost:8080/ufc/2026-08-15:0
[    3486ms] [ERROR] Failed to load resource: net::ERR_FAILED @ https://www.thesportsdb.com/api/v1/json/3/searchteams.php?t=Ian%20Machado%20Garry:0
[    3489ms] [ERROR] Access to fetch at 'https://www.thesportsdb.com/api/v1/json/3/searchteams.php?t=Mackenzie%20Dern' from origin 'http://localhost:8080' has been blocked by CORS policy: No 'Access-Control-Allow-Origin' header is present on the requested resource. @ http://localhost:8080/ufc/2026-08-15:0
[    3490ms] [ERROR] Failed to load resource: net::ERR_FAILED @ https://www.thesportsdb.com/api/v1/json/3/searchteams.php?t=Mackenzie%20Dern:0
[    3493ms] [ERROR] Access to fetch at 'https://www.thesportsdb.com/api/v1/json/3/searchteams.php?t=Gillian%20Robertson' from origin 'http://localhost:8080' has been blocked by CORS policy: No 'Access-Control-Allow-Origin' header is present on the requested resource. @ http://localhost:8080/ufc/2026-08-15:0
[    3494ms] [ERROR] Failed to load resource: net::ERR_FAILED @ https://www.thesportsdb.com/api/v1/json/3/searchteams.php?t=Gillian%20Robertson:0
[    3500ms] [ERROR] Access to fetch at 'https://www.thesportsdb.com/api/v1/json/3/searchteams.php?t=Mackenzie%20Dern' from origin 'http://localhost:8080' has been blocked by CORS policy: No 'Access-Control-Allow-Origin' header is present on the requested resource. @ http://localhost:8080/ufc/2026-08-15:0
[    3500ms] [ERROR] Failed to load resource: net::ERR_FAILED @ https://www.thesportsdb.com/api/v1/json/3/searchteams.php?t=Mackenzie%20Dern:0
[    3500ms] [ERROR] Access to fetch at 'https://www.thesportsdb.com/api/v1/json/3/searchteams.php?t=Gillian%20Robertson' from origin 'http://localhost:8080' has been blocked by CORS policy: No 'Access-Control-Allow-Origin' header is present on the requested resource. @ http://localhost:8080/ufc/2026-08-15:0
[    3500ms] [ERROR] Failed to load resource: net::ERR_FAILED @ https://www.thesportsdb.com/api/v1/json/3/searchteams.php?t=Gillian%20Robertson:0
[    3579ms] [LOG] 🚀 Live Streaming initialized @ http://localhost:8080/js/app.js?v=3:211
