[     310ms] [ERROR] Failed to load resource: the server responded with a status of 404 (Not Found) @ http://localhost:8080/images/logo.png:0
[     977ms] [LOG] 🚫 Auto-fetch disabled — no match data @ http://localhost:8080/js/api.js?v=3:389
[     984ms] [LOG] 🚀 Live Streaming initialized @ http://localhost:8080/js/app.js?v=3:175
[    1020ms] [ERROR] Failed to load resource: the server responded with a status of 404 (Not Found) @ http://localhost:8080/api/nfldata/games?season=2026&season_type=1:0
[    1039ms] [ERROR] Failed to load resource: the server responded with a status of 404 (Not Found) @ http://localhost:8080/api/nfldata/games?season=2026&season_type=2:0
[    1163ms] [ERROR] Failed to load resource: the server responded with a status of 404 (Not Found) @ http://localhost:8080/api/nfldata/games?season=2026&season_type=3:0
[    1288ms] [WARNING] <meta name="apple-mobile-web-app-capable" content="yes"> is deprecated. Please include <meta name="mobile-web-app-capable" content="yes"> @ http://localhost:8080/:0
[    2308ms] [ERROR] Failed to load resource: the server responded with a status of 404 (Not Found) @ http://localhost:8080/api/nfldata/games?season=2026&season_type=1:0
[    2652ms] [ERROR] Failed to load resource: the server responded with a status of 404 (Not Found) @ http://localhost:8080/api/nfldata/games?season=2026&season_type=1:0
[    2676ms] [ERROR] Failed to load resource: the server responded with a status of 404 (Not Found) @ http://localhost:8080/api/nfldata/games?season=2026&season_type=2:0
[    2972ms] [ERROR] Failed to load resource: the server responded with a status of 404 (Not Found) @ http://localhost:8080/api/nfldata/games?season=2026&season_type=2:0
[    2978ms] [ERROR] Failed to load resource: the server responded with a status of 404 (Not Found) @ http://localhost:8080/api/nfldata/games?season=2026&season_type=3:0
[    3279ms] [ERROR] Failed to load resource: the server responded with a status of 404 (Not Found) @ http://localhost:8080/api/nfldata/games?season=2026&season_type=3:0
[    3612ms] [ERROR] Failed to load resource: the server responded with a status of 404 (Not Found) @ http://localhost:8080/api/nfldata/games?season=2026&season_type=1:0
[    4229ms] [ERROR] Failed to load resource: the server responded with a status of 404 (Not Found) @ http://localhost:8080/api/nfldata/games?season=2026&season_type=2:0
[    4888ms] [ERROR] Failed to load resource: the server responded with a status of 404 (Not Found) @ http://localhost:8080/api/nfldata/games?season=2026&season_type=3:0
[    5708ms] [ERROR] Failed to load resource: the server responded with a status of 404 (Not Found) @ http://localhost:8080/api/nfldata/games?season=2026&season_type=1:0
[    5714ms] [ERROR] Failed to load resource: the server responded with a status of 404 (Not Found) @ http://localhost:8080/api/nfldata/games?season=2026&season_type=1:0
[    5719ms] [ERROR] Failed to load resource: the server responded with a status of 404 (Not Found) @ http://localhost:8080/api/nfldata/games?season=2026&season_type=2:0
[    5727ms] [ERROR] Failed to load resource: the server responded with a status of 404 (Not Found) @ http://localhost:8080/api/nfldata/games?season=2026&season_type=2:0
[    5732ms] [ERROR] Failed to load resource: the server responded with a status of 404 (Not Found) @ http://localhost:8080/api/nfldata/games?season=2026&season_type=3:0
[    5740ms] [ERROR] Failed to load resource: the server responded with a status of 404 (Not Found) @ http://localhost:8080/api/nfldata/games?season=2026&season_type=3:0
[   12891ms] [LOG] ℹ️ TheSportsDB ufc: signal timed out @ http://localhost:8080/js/api.js?v=3:645
[   13738ms] [LOG] ℹ️ TheSportsDB ufc: signal timed out @ http://localhost:8080/js/api.js?v=3:645
[   13744ms] [LOG] ℹ️ TheSportsDB ufc: signal timed out @ http://localhost:8080/js/api.js?v=3:645
[   15707ms] [ERROR] Failed to load resource: the server responded with a status of 404 (Not Found) @ http://localhost:8080/api/nfldata/games?season=2026&season_type=1:0
[   16258ms] [ERROR] Failed to load resource: the server responded with a status of 404 (Not Found) @ http://localhost:8080/api/nfldata/games?season=2026&season_type=2:0
[   16539ms] [ERROR] Failed to load resource: the server responded with a status of 404 (Not Found) @ http://localhost:8080/api/nfldata/games?season=2026&season_type=1:0
[   16549ms] [ERROR] Failed to load resource: the server responded with a status of 404 (Not Found) @ http://localhost:8080/api/nfldata/games?season=2026&season_type=3:0
[   16558ms] [ERROR] Failed to load resource: the server responded with a status of 404 (Not Found) @ http://localhost:8080/api/nfldata/games?season=2026&season_type=1:0
[   16560ms] [ERROR] Failed to load resource: the server responded with a status of 404 (Not Found) @ http://localhost:8080/api/nfldata/games?season=2026&season_type=2:0
[   16567ms] [ERROR] Failed to load resource: the server responded with a status of 404 (Not Found) @ http://localhost:8080/api/nfldata/games?season=2026&season_type=2:0
[   16572ms] [ERROR] Failed to load resource: the server responded with a status of 404 (Not Found) @ http://localhost:8080/api/nfldata/games?season=2026&season_type=3:0
[   16575ms] [ERROR] Failed to load resource: the server responded with a status of 404 (Not Found) @ http://localhost:8080/api/nfldata/games?season=2026&season_type=3:0
[   24558ms] [LOG] ℹ️ TheSportsDB ufc: signal timed out @ http://localhost:8080/js/api.js?v=3:645
[   24575ms] [LOG] ℹ️ TheSportsDB ufc: signal timed out @ http://localhost:8080/js/api.js?v=3:645
[   24577ms] [LOG] ℹ️ TheSportsDB ufc: signal timed out @ http://localhost:8080/js/api.js?v=3:645
[   27986ms] [ERROR] Failed to load resource: the server responded with a status of 404 (Not Found) @ http://localhost:8080/api/nfldata/games?season=2026&season_type=1:0
[   28303ms] [ERROR] Failed to load resource: the server responded with a status of 404 (Not Found) @ http://localhost:8080/api/nfldata/games?season=2026&season_type=1:0
[   28319ms] [ERROR] Failed to load resource: the server responded with a status of 404 (Not Found) @ http://localhost:8080/api/nfldata/games?season=2026&season_type=2:0
[   28339ms] [ERROR] Failed to load resource: the server responded with a status of 404 (Not Found) @ http://localhost:8080/api/nfldata/games?season=2026&season_type=1:0
[   28355ms] [ERROR] Failed to load resource: the server responded with a status of 404 (Not Found) @ http://localhost:8080/api/nfldata/games?season=2026&season_type=2:0
[   28386ms] [ERROR] Failed to load resource: the server responded with a status of 404 (Not Found) @ http://localhost:8080/api/nfldata/games?season=2026&season_type=3:0
[   28426ms] [ERROR] Failed to load resource: the server responded with a status of 404 (Not Found) @ http://localhost:8080/api/nfldata/games?season=2026&season_type=2:0
[   28439ms] [ERROR] Failed to load resource: the server responded with a status of 404 (Not Found) @ http://localhost:8080/api/nfldata/games?season=2026&season_type=3:0
[   28451ms] [ERROR] Failed to load resource: the server responded with a status of 404 (Not Found) @ http://localhost:8080/api/nfldata/games?season=2026&season_type=3:0
[   31721ms] [ERROR] Failed to load resource: the server responded with a status of 404 (Not Found) @ http://localhost:8080/api/nfldata/games?season=2026&season_type=1:0
[   31996ms] [ERROR] Failed to load resource: the server responded with a status of 404 (Not Found) @ http://localhost:8080/api/nfldata/games?season=2026&season_type=1:0
[   32004ms] [ERROR] Failed to load resource: the server responded with a status of 404 (Not Found) @ http://localhost:8080/api/nfldata/games?season=2026&season_type=2:0
[   32009ms] [ERROR] Failed to load resource: the server responded with a status of 404 (Not Found) @ http://localhost:8080/api/nfldata/games?season=2026&season_type=1:0
[   32014ms] [ERROR] Failed to load resource: the server responded with a status of 404 (Not Found) @ http://localhost:8080/api/nfldata/games?season=2026&season_type=2:0
[   32020ms] [ERROR] Failed to load resource: the server responded with a status of 404 (Not Found) @ http://localhost:8080/api/nfldata/games?season=2026&season_type=3:0
[   32027ms] [ERROR] Failed to load resource: the server responded with a status of 404 (Not Found) @ http://localhost:8080/api/nfldata/games?season=2026&season_type=2:0
[   32035ms] [ERROR] Failed to load resource: the server responded with a status of 404 (Not Found) @ http://localhost:8080/api/nfldata/games?season=2026&season_type=3:0
[   32041ms] [ERROR] Failed to load resource: the server responded with a status of 404 (Not Found) @ http://localhost:8080/api/nfldata/games?season=2026&season_type=3:0
[   35350ms] [ERROR] Failed to load resource: the server responded with a status of 404 (Not Found) @ http://localhost:8080/api/nfldata/games?season=2026&season_type=1:0
[   35638ms] [ERROR] Failed to load resource: the server responded with a status of 404 (Not Found) @ http://localhost:8080/api/nfldata/games?season=2026&season_type=1:0
[   35645ms] [ERROR] Failed to load resource: the server responded with a status of 404 (Not Found) @ http://localhost:8080/api/nfldata/games?season=2026&season_type=2:0
[   35649ms] [ERROR] Failed to load resource: the server responded with a status of 404 (Not Found) @ http://localhost:8080/api/nfldata/games?season=2026&season_type=1:0
[   35659ms] [ERROR] Failed to load resource: the server responded with a status of 404 (Not Found) @ http://localhost:8080/api/nfldata/games?season=2026&season_type=2:0
[   35663ms] [ERROR] Failed to load resource: the server responded with a status of 404 (Not Found) @ http://localhost:8080/api/nfldata/games?season=2026&season_type=3:0
[   35671ms] [ERROR] Failed to load resource: the server responded with a status of 404 (Not Found) @ http://localhost:8080/api/nfldata/games?season=2026&season_type=2:0
[   35679ms] [ERROR] Failed to load resource: the server responded with a status of 404 (Not Found) @ http://localhost:8080/api/nfldata/games?season=2026&season_type=3:0
[   35696ms] [ERROR] Failed to load resource: the server responded with a status of 404 (Not Found) @ http://localhost:8080/api/nfldata/games?season=2026&season_type=3:0
[   39088ms] [ERROR] Failed to load resource: the server responded with a status of 404 (Not Found) @ http://localhost:8080/api/nfldata/games?season=2026&season_type=1:0
[   39398ms] [ERROR] Failed to load resource: the server responded with a status of 404 (Not Found) @ http://localhost:8080/api/nfldata/games?season=2026&season_type=1:0
[   39401ms] [ERROR] Failed to load resource: the server responded with a status of 404 (Not Found) @ http://localhost:8080/api/nfldata/games?season=2026&season_type=2:0
[   39408ms] [ERROR] Failed to load resource: the server responded with a status of 404 (Not Found) @ http://localhost:8080/api/nfldata/games?season=2026&season_type=1:0
[   39414ms] [ERROR] Failed to load resource: the server responded with a status of 404 (Not Found) @ http://localhost:8080/api/nfldata/games?season=2026&season_type=2:0
[   39417ms] [ERROR] Failed to load resource: the server responded with a status of 404 (Not Found) @ http://localhost:8080/api/nfldata/games?season=2026&season_type=3:0
[   39420ms] [ERROR] Failed to load resource: the server responded with a status of 404 (Not Found) @ http://localhost:8080/api/nfldata/games?season=2026&season_type=2:0
[   39428ms] [ERROR] Failed to load resource: the server responded with a status of 404 (Not Found) @ http://localhost:8080/api/nfldata/games?season=2026&season_type=3:0
[   39433ms] [ERROR] Failed to load resource: the server responded with a status of 404 (Not Found) @ http://localhost:8080/api/nfldata/games?season=2026&season_type=3:0
[   42699ms] [ERROR] Failed to load resource: the server responded with a status of 404 (Not Found) @ http://localhost:8080/api/nfldata/games?season=2026&season_type=1:0
[   42984ms] [ERROR] Failed to load resource: the server responded with a status of 404 (Not Found) @ http://localhost:8080/api/nfldata/games?season=2026&season_type=1:0
[   42989ms] [ERROR] Failed to load resource: the server responded with a status of 404 (Not Found) @ http://localhost:8080/api/nfldata/games?season=2026&season_type=2:0
[   42997ms] [ERROR] Failed to load resource: the server responded with a status of 404 (Not Found) @ http://localhost:8080/api/nfldata/games?season=2026&season_type=1:0
[   43002ms] [ERROR] Failed to load resource: the server responded with a status of 404 (Not Found) @ http://localhost:8080/api/nfldata/games?season=2026&season_type=2:0
[   43005ms] [ERROR] Failed to load resource: the server responded with a status of 404 (Not Found) @ http://localhost:8080/api/nfldata/games?season=2026&season_type=3:0
[   43013ms] [ERROR] Failed to load resource: the server responded with a status of 404 (Not Found) @ http://localhost:8080/api/nfldata/games?season=2026&season_type=2:0
[   43018ms] [ERROR] Failed to load resource: the server responded with a status of 404 (Not Found) @ http://localhost:8080/api/nfldata/games?season=2026&season_type=3:0
[   43020ms] [ERROR] Failed to load resource: the server responded with a status of 404 (Not Found) @ http://localhost:8080/api/nfldata/games?season=2026&season_type=3:0
[   46309ms] [ERROR] Failed to load resource: the server responded with a status of 404 (Not Found) @ http://localhost:8080/api/nfldata/games?season=2026&season_type=1:0
[   46610ms] [ERROR] Failed to load resource: the server responded with a status of 404 (Not Found) @ http://localhost:8080/api/nfldata/games?season=2026&season_type=1:0
[   46623ms] [ERROR] Failed to load resource: the server responded with a status of 404 (Not Found) @ http://localhost:8080/api/nfldata/games?season=2026&season_type=2:0
[   46627ms] [ERROR] Failed to load resource: the server responded with a status of 404 (Not Found) @ http://localhost:8080/api/nfldata/games?season=2026&season_type=1:0
[   46640ms] [ERROR] Failed to load resource: the server responded with a status of 404 (Not Found) @ http://localhost:8080/api/nfldata/games?season=2026&season_type=2:0
[   46645ms] [ERROR] Failed to load resource: the server responded with a status of 404 (Not Found) @ http://localhost:8080/api/nfldata/games?season=2026&season_type=3:0
[   46674ms] [ERROR] Failed to load resource: the server responded with a status of 404 (Not Found) @ http://localhost:8080/api/nfldata/games?season=2026&season_type=2:0
[   46678ms] [ERROR] Failed to load resource: the server responded with a status of 404 (Not Found) @ http://localhost:8080/api/nfldata/games?season=2026&season_type=3:0
[   46691ms] [ERROR] Failed to load resource: the server responded with a status of 404 (Not Found) @ http://localhost:8080/api/nfldata/games?season=2026&season_type=3:0
[   49921ms] [ERROR] Failed to load resource: the server responded with a status of 404 (Not Found) @ http://localhost:8080/api/nfldata/games?season=2026&season_type=1:0
[   50196ms] [ERROR] Failed to load resource: the server responded with a status of 404 (Not Found) @ http://localhost:8080/api/nfldata/games?season=2026&season_type=1:0
[   50200ms] [ERROR] Failed to load resource: the server responded with a status of 404 (Not Found) @ http://localhost:8080/api/nfldata/games?season=2026&season_type=2:0
[   50210ms] [ERROR] Failed to load resource: the server responded with a status of 404 (Not Found) @ http://localhost:8080/api/nfldata/games?season=2026&season_type=1:0
[   50215ms] [ERROR] Failed to load resource: the server responded with a status of 404 (Not Found) @ http://localhost:8080/api/nfldata/games?season=2026&season_type=2:0
[   50224ms] [ERROR] Failed to load resource: the server responded with a status of 404 (Not Found) @ http://localhost:8080/api/nfldata/games?season=2026&season_type=3:0
[   50231ms] [ERROR] Failed to load resource: the server responded with a status of 404 (Not Found) @ http://localhost:8080/api/nfldata/games?season=2026&season_type=2:0
[   50238ms] [ERROR] Failed to load resource: the server responded with a status of 404 (Not Found) @ http://localhost:8080/api/nfldata/games?season=2026&season_type=3:0
[   50243ms] [ERROR] Failed to load resource: the server responded with a status of 404 (Not Found) @ http://localhost:8080/api/nfldata/games?season=2026&season_type=3:0
[   53535ms] [ERROR] Failed to load resource: the server responded with a status of 404 (Not Found) @ http://localhost:8080/api/nfldata/games?season=2026&season_type=1:0
[   54015ms] [ERROR] Failed to load resource: the server responded with a status of 404 (Not Found) @ http://localhost:8080/api/nfldata/games?season=2026&season_type=1:0
[   54016ms] [ERROR] Failed to load resource: the server responded with a status of 404 (Not Found) @ http://localhost:8080/api/nfldata/games?season=2026&season_type=2:0
[   54031ms] [ERROR] Failed to load resource: the server responded with a status of 404 (Not Found) @ http://localhost:8080/api/nfldata/games?season=2026&season_type=1:0
[   54034ms] [ERROR] Failed to load resource: the server responded with a status of 404 (Not Found) @ http://localhost:8080/api/nfldata/games?season=2026&season_type=2:0
[   54045ms] [ERROR] Failed to load resource: the server responded with a status of 404 (Not Found) @ http://localhost:8080/api/nfldata/games?season=2026&season_type=3:0
[   54051ms] [ERROR] Failed to load resource: the server responded with a status of 404 (Not Found) @ http://localhost:8080/api/nfldata/games?season=2026&season_type=2:0
[   54062ms] [ERROR] Failed to load resource: the server responded with a status of 404 (Not Found) @ http://localhost:8080/api/nfldata/games?season=2026&season_type=3:0
[   54070ms] [ERROR] Failed to load resource: the server responded with a status of 404 (Not Found) @ http://localhost:8080/api/nfldata/games?season=2026&season_type=3:0
[   57756ms] [ERROR] Failed to load resource: the server responded with a status of 404 (Not Found) @ http://localhost:8080/api/nfldata/games?season=2026&season_type=1:0
[   58036ms] [ERROR] Failed to load resource: the server responded with a status of 404 (Not Found) @ http://localhost:8080/api/nfldata/games?season=2026&season_type=1:0
[   58039ms] [ERROR] Failed to load resource: the server responded with a status of 404 (Not Found) @ http://localhost:8080/api/nfldata/games?season=2026&season_type=2:0
[   58047ms] [ERROR] Failed to load resource: the server responded with a status of 404 (Not Found) @ http://localhost:8080/api/nfldata/games?season=2026&season_type=1:0
[   58055ms] [ERROR] Failed to load resource: the server responded with a status of 404 (Not Found) @ http://localhost:8080/api/nfldata/games?season=2026&season_type=2:0
[   58065ms] [ERROR] Failed to load resource: the server responded with a status of 404 (Not Found) @ http://localhost:8080/api/nfldata/games?season=2026&season_type=3:0
[   58071ms] [ERROR] Failed to load resource: the server responded with a status of 404 (Not Found) @ http://localhost:8080/api/nfldata/games?season=2026&season_type=2:0
[   58075ms] [ERROR] Failed to load resource: the server responded with a status of 404 (Not Found) @ http://localhost:8080/api/nfldata/games?season=2026&season_type=3:0
[   58089ms] [ERROR] Failed to load resource: the server responded with a status of 404 (Not Found) @ http://localhost:8080/api/nfldata/games?season=2026&season_type=3:0
[   61329ms] [ERROR] Failed to load resource: the server responded with a status of 404 (Not Found) @ http://localhost:8080/api/nfldata/games?season=2026&season_type=1:0
[   61623ms] [ERROR] Failed to load resource: the server responded with a status of 404 (Not Found) @ http://localhost:8080/api/nfldata/games?season=2026&season_type=1:0
[   61627ms] [ERROR] Failed to load resource: the server responded with a status of 404 (Not Found) @ http://localhost:8080/api/nfldata/games?season=2026&season_type=2:0
[   61639ms] [ERROR] Failed to load resource: the server responded with a status of 404 (Not Found) @ http://localhost:8080/api/nfldata/games?season=2026&season_type=1:0
[   61643ms] [ERROR] Failed to load resource: the server responded with a status of 404 (Not Found) @ http://localhost:8080/api/nfldata/games?season=2026&season_type=2:0
[   61650ms] [ERROR] Failed to load resource: the server responded with a status of 404 (Not Found) @ http://localhost:8080/api/nfldata/games?season=2026&season_type=3:0
[   61656ms] [ERROR] Failed to load resource: the server responded with a status of 404 (Not Found) @ http://localhost:8080/api/nfldata/games?season=2026&season_type=2:0
[   61664ms] [ERROR] Failed to load resource: the server responded with a status of 404 (Not Found) @ http://localhost:8080/api/nfldata/games?season=2026&season_type=3:0
[   61671ms] [ERROR] Failed to load resource: the server responded with a status of 404 (Not Found) @ http://localhost:8080/api/nfldata/games?season=2026&season_type=3:0
[   64942ms] [ERROR] Failed to load resource: the server responded with a status of 404 (Not Found) @ http://localhost:8080/api/nfldata/games?season=2026&season_type=1:0
[   65229ms] [ERROR] Failed to load resource: the server responded with a status of 404 (Not Found) @ http://localhost:8080/api/nfldata/games?season=2026&season_type=1:0
[   65240ms] [ERROR] Failed to load resource: the server responded with a status of 404 (Not Found) @ http://localhost:8080/api/nfldata/games?season=2026&season_type=2:0
[   65246ms] [ERROR] Failed to load resource: the server responded with a status of 404 (Not Found) @ http://localhost:8080/api/nfldata/games?season=2026&season_type=1:0
[   65248ms] [ERROR] Failed to load resource: the server responded with a status of 404 (Not Found) @ http://localhost:8080/api/nfldata/games?season=2026&season_type=2:0
[   65257ms] [ERROR] Failed to load resource: the server responded with a status of 404 (Not Found) @ http://localhost:8080/api/nfldata/games?season=2026&season_type=3:0
[   65262ms] [ERROR] Failed to load resource: the server responded with a status of 404 (Not Found) @ http://localhost:8080/api/nfldata/games?season=2026&season_type=2:0
[   65265ms] [ERROR] Failed to load resource: the server responded with a status of 404 (Not Found) @ http://localhost:8080/api/nfldata/games?season=2026&season_type=3:0
[   65272ms] [ERROR] Access to fetch at 'https://www.thesportsdb.com/api/v1/json/3/eventsseason.php?id=4443' from origin 'http://localhost:8080' has been blocked by CORS policy: No 'Access-Control-Allow-Origin' header is present on the requested resource. @ http://localhost:8080/:0
[   65273ms] [ERROR] Failed to load resource: net::ERR_FAILED @ https://www.thesportsdb.com/api/v1/json/3/eventsseason.php?id=4443:0
[   65273ms] [LOG] ℹ️ TheSportsDB ufc: Failed to fetch @ http://localhost:8080/js/api.js?v=3:645
[   65277ms] [ERROR] Failed to load resource: the server responded with a status of 404 (Not Found) @ http://localhost:8080/api/nfldata/games?season=2026&season_type=3:0
[   65283ms] [ERROR] Access to fetch at 'https://www.thesportsdb.com/api/v1/json/3/eventsseason.php?id=4443' from origin 'http://localhost:8080' has been blocked by CORS policy: No 'Access-Control-Allow-Origin' header is present on the requested resource. @ http://localhost:8080/:0
[   65283ms] [ERROR] Failed to load resource: net::ERR_FAILED @ https://www.thesportsdb.com/api/v1/json/3/eventsseason.php?id=4443:0
[   65283ms] [LOG] ℹ️ TheSportsDB ufc: Failed to fetch @ http://localhost:8080/js/api.js?v=3:645
[   65291ms] [ERROR] Access to fetch at 'https://www.thesportsdb.com/api/v1/json/3/eventsseason.php?id=4443' from origin 'http://localhost:8080' has been blocked by CORS policy: No 'Access-Control-Allow-Origin' header is present on the requested resource. @ http://localhost:8080/:0
[   65291ms] [ERROR] Failed to load resource: net::ERR_FAILED @ https://www.thesportsdb.com/api/v1/json/3/eventsseason.php?id=4443:0
[   65291ms] [LOG] ℹ️ TheSportsDB ufc: Failed to fetch @ http://localhost:8080/js/api.js?v=3:645
[   68393ms] [ERROR] Failed to load resource: the server responded with a status of 404 (Not Found) @ http://localhost:8080/api/nfldata/games?season=2026&season_type=1:0
[   68682ms] [ERROR] Failed to load resource: the server responded with a status of 404 (Not Found) @ http://localhost:8080/api/nfldata/games?season=2026&season_type=1:0
[   68687ms] [ERROR] Failed to load resource: the server responded with a status of 404 (Not Found) @ http://localhost:8080/api/nfldata/games?season=2026&season_type=2:0
[   68699ms] [ERROR] Failed to load resource: the server responded with a status of 404 (Not Found) @ http://localhost:8080/api/nfldata/games?season=2026&season_type=1:0
[   68702ms] [ERROR] Failed to load resource: the server responded with a status of 404 (Not Found) @ http://localhost:8080/api/nfldata/games?season=2026&season_type=2:0
[   68709ms] [ERROR] Failed to load resource: the server responded with a status of 404 (Not Found) @ http://localhost:8080/api/nfldata/games?season=2026&season_type=3:0
[   68714ms] [ERROR] Failed to load resource: the server responded with a status of 404 (Not Found) @ http://localhost:8080/api/nfldata/games?season=2026&season_type=2:0
[   68717ms] [ERROR] Failed to load resource: the server responded with a status of 404 (Not Found) @ http://localhost:8080/api/nfldata/games?season=2026&season_type=3:0
[   68725ms] [ERROR] Failed to load resource: the server responded with a status of 404 (Not Found) @ http://localhost:8080/api/nfldata/games?season=2026&season_type=3:0
[   68725ms] [ERROR] Access to fetch at 'https://www.thesportsdb.com/api/v1/json/3/eventsseason.php?id=4443' from origin 'http://localhost:8080' has been blocked by CORS policy: No 'Access-Control-Allow-Origin' header is present on the requested resource. @ http://localhost:8080/:0
[   68725ms] [ERROR] Failed to load resource: net::ERR_FAILED @ https://www.thesportsdb.com/api/v1/json/3/eventsseason.php?id=4443:0
[   68726ms] [LOG] ℹ️ TheSportsDB ufc: Failed to fetch @ http://localhost:8080/js/api.js?v=3:645
[   68731ms] [ERROR] Access to fetch at 'https://www.thesportsdb.com/api/v1/json/3/eventsseason.php?id=4443' from origin 'http://localhost:8080' has been blocked by CORS policy: No 'Access-Control-Allow-Origin' header is present on the requested resource. @ http://localhost:8080/:0
[   68731ms] [ERROR] Failed to load resource: net::ERR_FAILED @ https://www.thesportsdb.com/api/v1/json/3/eventsseason.php?id=4443:0
[   68731ms] [LOG] ℹ️ TheSportsDB ufc: Failed to fetch @ http://localhost:8080/js/api.js?v=3:645
[   68741ms] [ERROR] Access to fetch at 'https://www.thesportsdb.com/api/v1/json/3/eventsseason.php?id=4443' from origin 'http://localhost:8080' has been blocked by CORS policy: No 'Access-Control-Allow-Origin' header is present on the requested resource. @ http://localhost:8080/:0
[   68741ms] [ERROR] Failed to load resource: net::ERR_FAILED @ https://www.thesportsdb.com/api/v1/json/3/eventsseason.php?id=4443:0
[   68742ms] [LOG] ℹ️ TheSportsDB ufc: Failed to fetch @ http://localhost:8080/js/api.js?v=3:645
[   71849ms] [ERROR] Failed to load resource: the server responded with a status of 404 (Not Found) @ http://localhost:8080/api/nfldata/games?season=2026&season_type=1:0
[   72132ms] [ERROR] Failed to load resource: the server responded with a status of 404 (Not Found) @ http://localhost:8080/api/nfldata/games?season=2026&season_type=1:0
[   72139ms] [ERROR] Failed to load resource: the server responded with a status of 404 (Not Found) @ http://localhost:8080/api/nfldata/games?season=2026&season_type=2:0
[   72152ms] [ERROR] Failed to load resource: the server responded with a status of 404 (Not Found) @ http://localhost:8080/api/nfldata/games?season=2026&season_type=1:0
[   72157ms] [ERROR] Failed to load resource: the server responded with a status of 404 (Not Found) @ http://localhost:8080/api/nfldata/games?season=2026&season_type=2:0
[   72168ms] [ERROR] Failed to load resource: the server responded with a status of 404 (Not Found) @ http://localhost:8080/api/nfldata/games?season=2026&season_type=3:0
[   72181ms] [ERROR] Access to fetch at 'https://www.thesportsdb.com/api/v1/json/3/eventsseason.php?id=4443' from origin 'http://localhost:8080' has been blocked by CORS policy: No 'Access-Control-Allow-Origin' header is present on the requested resource. @ http://localhost:8080/:0
[   72181ms] [ERROR] Failed to load resource: net::ERR_FAILED @ https://www.thesportsdb.com/api/v1/json/3/eventsseason.php?id=4443:0
[   72181ms] [LOG] ℹ️ TheSportsDB ufc: Failed to fetch @ http://localhost:8080/js/api.js?v=3:645
[   72191ms] [ERROR] Failed to load resource: the server responded with a status of 404 (Not Found) @ http://localhost:8080/api/nfldata/games?season=2026&season_type=2:0
[   72202ms] [ERROR] Failed to load resource: the server responded with a status of 404 (Not Found) @ http://localhost:8080/api/nfldata/games?season=2026&season_type=3:0
[   72215ms] [ERROR] Access to fetch at 'https://www.thesportsdb.com/api/v1/json/3/eventsseason.php?id=4443' from origin 'http://localhost:8080' has been blocked by CORS policy: No 'Access-Control-Allow-Origin' header is present on the requested resource. @ http://localhost:8080/:0
[   72215ms] [ERROR] Failed to load resource: net::ERR_FAILED @ https://www.thesportsdb.com/api/v1/json/3/eventsseason.php?id=4443:0
[   72216ms] [LOG] ℹ️ TheSportsDB ufc: Failed to fetch @ http://localhost:8080/js/api.js?v=3:645
[   72504ms] [ERROR] Failed to load resource: the server responded with a status of 404 (Not Found) @ http://localhost:8080/api/nfldata/games?season=2026&season_type=3:0
[   72518ms] [ERROR] Access to fetch at 'https://www.thesportsdb.com/api/v1/json/3/eventsseason.php?id=4443' from origin 'http://localhost:8080' has been blocked by CORS policy: No 'Access-Control-Allow-Origin' header is present on the requested resource. @ http://localhost:8080/:0
[   72518ms] [ERROR] Failed to load resource: net::ERR_FAILED @ https://www.thesportsdb.com/api/v1/json/3/eventsseason.php?id=4443:0
[   72518ms] [LOG] ℹ️ TheSportsDB ufc: Failed to fetch @ http://localhost:8080/js/api.js?v=3:645
[   75250ms] [ERROR] Failed to load resource: the server responded with a status of 404 (Not Found) @ http://localhost:8080/api/nfldata/games?season=2026&season_type=1:0
[   75536ms] [ERROR] Failed to load resource: the server responded with a status of 404 (Not Found) @ http://localhost:8080/api/nfldata/games?season=2026&season_type=1:0
[   75544ms] [ERROR] Failed to load resource: the server responded with a status of 404 (Not Found) @ http://localhost:8080/api/nfldata/games?season=2026&season_type=2:0
[   75553ms] [ERROR] Failed to load resource: the server responded with a status of 404 (Not Found) @ http://localhost:8080/api/nfldata/games?season=2026&season_type=1:0
[   75557ms] [ERROR] Failed to load resource: the server responded with a status of 404 (Not Found) @ http://localhost:8080/api/nfldata/games?season=2026&season_type=2:0
[   75561ms] [ERROR] Failed to load resource: the server responded with a status of 404 (Not Found) @ http://localhost:8080/api/nfldata/games?season=2026&season_type=3:0
[   75569ms] [ERROR] Failed to load resource: the server responded with a status of 404 (Not Found) @ http://localhost:8080/api/nfldata/games?season=2026&season_type=2:0
[   75573ms] [ERROR] Failed to load resource: the server responded with a status of 404 (Not Found) @ http://localhost:8080/api/nfldata/games?season=2026&season_type=3:0
[   75577ms] [ERROR] Failed to load resource: the server responded with a status of 404 (Not Found) @ http://localhost:8080/api/nfldata/games?season=2026&season_type=3:0
[   75577ms] [ERROR] Access to fetch at 'https://www.thesportsdb.com/api/v1/json/3/eventsseason.php?id=4443' from origin 'http://localhost:8080' has been blocked by CORS policy: No 'Access-Control-Allow-Origin' header is present on the requested resource. @ http://localhost:8080/:0
[   75578ms] [ERROR] Failed to load resource: net::ERR_FAILED @ https://www.thesportsdb.com/api/v1/json/3/eventsseason.php?id=4443:0
[   75578ms] [LOG] ℹ️ TheSportsDB ufc: Failed to fetch @ http://localhost:8080/js/api.js?v=3:645
[   75591ms] [ERROR] Access to fetch at 'https://www.thesportsdb.com/api/v1/json/3/eventsseason.php?id=4443' from origin 'http://localhost:8080' has been blocked by CORS policy: No 'Access-Control-Allow-Origin' header is present on the requested resource. @ http://localhost:8080/:0
[   75591ms] [ERROR] Failed to load resource: net::ERR_FAILED @ https://www.thesportsdb.com/api/v1/json/3/eventsseason.php?id=4443:0
[   75592ms] [LOG] ℹ️ TheSportsDB ufc: Failed to fetch @ http://localhost:8080/js/api.js?v=3:645
[   75599ms] [ERROR] Access to fetch at 'https://www.thesportsdb.com/api/v1/json/3/eventsseason.php?id=4443' from origin 'http://localhost:8080' has been blocked by CORS policy: No 'Access-Control-Allow-Origin' header is present on the requested resource. @ http://localhost:8080/:0
[   75600ms] [ERROR] Failed to load resource: net::ERR_FAILED @ https://www.thesportsdb.com/api/v1/json/3/eventsseason.php?id=4443:0
[   75600ms] [LOG] ℹ️ TheSportsDB ufc: Failed to fetch @ http://localhost:8080/js/api.js?v=3:645
[   78857ms] [ERROR] Failed to load resource: the server responded with a status of 404 (Not Found) @ http://localhost:8080/api/nfldata/games?season=2026&season_type=1:0
[   79165ms] [ERROR] Failed to load resource: the server responded with a status of 404 (Not Found) @ http://localhost:8080/api/nfldata/games?season=2026&season_type=1:0
[   79176ms] [ERROR] Failed to load resource: the server responded with a status of 404 (Not Found) @ http://localhost:8080/api/nfldata/games?season=2026&season_type=2:0
[   79181ms] [ERROR] Failed to load resource: the server responded with a status of 404 (Not Found) @ http://localhost:8080/api/nfldata/games?season=2026&season_type=1:0
[   79188ms] [ERROR] Failed to load resource: the server responded with a status of 404 (Not Found) @ http://localhost:8080/api/nfldata/games?season=2026&season_type=2:0
[   79192ms] [ERROR] Failed to load resource: the server responded with a status of 404 (Not Found) @ http://localhost:8080/api/nfldata/games?season=2026&season_type=3:0
[   79195ms] [ERROR] Failed to load resource: the server responded with a status of 404 (Not Found) @ http://localhost:8080/api/nfldata/games?season=2026&season_type=2:0
[   79198ms] [ERROR] Failed to load resource: the server responded with a status of 404 (Not Found) @ http://localhost:8080/api/nfldata/games?season=2026&season_type=3:0
[   79204ms] [ERROR] Access to fetch at 'https://www.thesportsdb.com/api/v1/json/3/eventsseason.php?id=4443' from origin 'http://localhost:8080' has been blocked by CORS policy: No 'Access-Control-Allow-Origin' header is present on the requested resource. @ http://localhost:8080/:0
[   79204ms] [ERROR] Failed to load resource: net::ERR_FAILED @ https://www.thesportsdb.com/api/v1/json/3/eventsseason.php?id=4443:0
[   79204ms] [LOG] ℹ️ TheSportsDB ufc: Failed to fetch @ http://localhost:8080/js/api.js?v=3:645
[   79208ms] [ERROR] Failed to load resource: the server responded with a status of 404 (Not Found) @ http://localhost:8080/api/nfldata/games?season=2026&season_type=3:0
[   79214ms] [ERROR] Access to fetch at 'https://www.thesportsdb.com/api/v1/json/3/eventsseason.php?id=4443' from origin 'http://localhost:8080' has been blocked by CORS policy: No 'Access-Control-Allow-Origin' header is present on the requested resource. @ http://localhost:8080/:0
[   79214ms] [ERROR] Failed to load resource: net::ERR_FAILED @ https://www.thesportsdb.com/api/v1/json/3/eventsseason.php?id=4443:0
[   79214ms] [LOG] ℹ️ TheSportsDB ufc: Failed to fetch @ http://localhost:8080/js/api.js?v=3:645
[   79222ms] [ERROR] Access to fetch at 'https://www.thesportsdb.com/api/v1/json/3/eventsseason.php?id=4443' from origin 'http://localhost:8080' has been blocked by CORS policy: No 'Access-Control-Allow-Origin' header is present on the requested resource. @ http://localhost:8080/:0
[   79223ms] [ERROR] Failed to load resource: net::ERR_FAILED @ https://www.thesportsdb.com/api/v1/json/3/eventsseason.php?id=4443:0
[   79223ms] [LOG] ℹ️ TheSportsDB ufc: Failed to fetch @ http://localhost:8080/js/api.js?v=3:645
[   82302ms] [ERROR] Failed to load resource: the server responded with a status of 404 (Not Found) @ http://localhost:8080/api/nfldata/games?season=2026&season_type=1:0
[   82590ms] [ERROR] Failed to load resource: the server responded with a status of 404 (Not Found) @ http://localhost:8080/api/nfldata/games?season=2026&season_type=1:0
[   82599ms] [ERROR] Failed to load resource: the server responded with a status of 404 (Not Found) @ http://localhost:8080/api/nfldata/games?season=2026&season_type=2:0
[   82605ms] [ERROR] Failed to load resource: the server responded with a status of 404 (Not Found) @ http://localhost:8080/api/nfldata/games?season=2026&season_type=1:0
[   82611ms] [ERROR] Failed to load resource: the server responded with a status of 404 (Not Found) @ http://localhost:8080/api/nfldata/games?season=2026&season_type=2:0
[   82613ms] [ERROR] Failed to load resource: the server responded with a status of 404 (Not Found) @ http://localhost:8080/api/nfldata/games?season=2026&season_type=3:0
[   82617ms] [ERROR] Failed to load resource: the server responded with a status of 404 (Not Found) @ http://localhost:8080/api/nfldata/games?season=2026&season_type=2:0
[   82624ms] [ERROR] Failed to load resource: the server responded with a status of 404 (Not Found) @ http://localhost:8080/api/nfldata/games?season=2026&season_type=3:0
[   82625ms] [ERROR] Access to fetch at 'https://www.thesportsdb.com/api/v1/json/3/eventsseason.php?id=4443' from origin 'http://localhost:8080' has been blocked by CORS policy: No 'Access-Control-Allow-Origin' header is present on the requested resource. @ http://localhost:8080/:0
[   82625ms] [ERROR] Failed to load resource: net::ERR_FAILED @ https://www.thesportsdb.com/api/v1/json/3/eventsseason.php?id=4443:0
[   82625ms] [LOG] ℹ️ TheSportsDB ufc: Failed to fetch @ http://localhost:8080/js/api.js?v=3:645
[   82630ms] [ERROR] Failed to load resource: the server responded with a status of 404 (Not Found) @ http://localhost:8080/api/nfldata/games?season=2026&season_type=3:0
[   82634ms] [ERROR] Access to fetch at 'https://www.thesportsdb.com/api/v1/json/3/eventsseason.php?id=4443' from origin 'http://localhost:8080' has been blocked by CORS policy: No 'Access-Control-Allow-Origin' header is present on the requested resource. @ http://localhost:8080/:0
[   82634ms] [ERROR] Failed to load resource: net::ERR_FAILED @ https://www.thesportsdb.com/api/v1/json/3/eventsseason.php?id=4443:0
[   82634ms] [LOG] ℹ️ TheSportsDB ufc: Failed to fetch @ http://localhost:8080/js/api.js?v=3:645
[   82642ms] [ERROR] Access to fetch at 'https://www.thesportsdb.com/api/v1/json/3/eventsseason.php?id=4443' from origin 'http://localhost:8080' has been blocked by CORS policy: No 'Access-Control-Allow-Origin' header is present on the requested resource. @ http://localhost:8080/:0
[   82642ms] [ERROR] Failed to load resource: net::ERR_FAILED @ https://www.thesportsdb.com/api/v1/json/3/eventsseason.php?id=4443:0
[   82642ms] [LOG] ℹ️ TheSportsDB ufc: Failed to fetch @ http://localhost:8080/js/api.js?v=3:645
[   85714ms] [ERROR] Failed to load resource: the server responded with a status of 404 (Not Found) @ http://localhost:8080/api/nfldata/games?season=2026&season_type=1:0
[   85994ms] [ERROR] Failed to load resource: the server responded with a status of 404 (Not Found) @ http://localhost:8080/api/nfldata/games?season=2026&season_type=1:0
[   85999ms] [ERROR] Failed to load resource: the server responded with a status of 404 (Not Found) @ http://localhost:8080/api/nfldata/games?season=2026&season_type=2:0
[   86002ms] [ERROR] Failed to load resource: the server responded with a status of 404 (Not Found) @ http://localhost:8080/api/nfldata/games?season=2026&season_type=1:0
[   86006ms] [ERROR] Failed to load resource: the server responded with a status of 404 (Not Found) @ http://localhost:8080/api/nfldata/games?season=2026&season_type=2:0
[   86014ms] [ERROR] Failed to load resource: the server responded with a status of 404 (Not Found) @ http://localhost:8080/api/nfldata/games?season=2026&season_type=3:0
[   86018ms] [ERROR] Failed to load resource: the server responded with a status of 404 (Not Found) @ http://localhost:8080/api/nfldata/games?season=2026&season_type=2:0
[   86022ms] [ERROR] Failed to load resource: the server responded with a status of 404 (Not Found) @ http://localhost:8080/api/nfldata/games?season=2026&season_type=3:0
[   86026ms] [ERROR] Access to fetch at 'https://www.thesportsdb.com/api/v1/json/3/eventsseason.php?id=4443' from origin 'http://localhost:8080' has been blocked by CORS policy: No 'Access-Control-Allow-Origin' header is present on the requested resource. @ http://localhost:8080/:0
[   86026ms] [ERROR] Failed to load resource: net::ERR_FAILED @ https://www.thesportsdb.com/api/v1/json/3/eventsseason.php?id=4443:0
[   86027ms] [LOG] ℹ️ TheSportsDB ufc: Failed to fetch @ http://localhost:8080/js/api.js?v=3:645
[   86034ms] [ERROR] Failed to load resource: the server responded with a status of 404 (Not Found) @ http://localhost:8080/api/nfldata/games?season=2026&season_type=3:0
[   86037ms] [ERROR] Access to fetch at 'https://www.thesportsdb.com/api/v1/json/3/eventsseason.php?id=4443' from origin 'http://localhost:8080' has been blocked by CORS policy: No 'Access-Control-Allow-Origin' header is present on the requested resource. @ http://localhost:8080/:0
[   86037ms] [ERROR] Failed to load resource: net::ERR_FAILED @ https://www.thesportsdb.com/api/v1/json/3/eventsseason.php?id=4443:0
[   86037ms] [LOG] ℹ️ TheSportsDB ufc: Failed to fetch @ http://localhost:8080/js/api.js?v=3:645
[   86046ms] [ERROR] Access to fetch at 'https://www.thesportsdb.com/api/v1/json/3/eventsseason.php?id=4443' from origin 'http://localhost:8080' has been blocked by CORS policy: No 'Access-Control-Allow-Origin' header is present on the requested resource. @ http://localhost:8080/:0
[   86046ms] [ERROR] Failed to load resource: net::ERR_FAILED @ https://www.thesportsdb.com/api/v1/json/3/eventsseason.php?id=4443:0
[   86046ms] [LOG] ℹ️ TheSportsDB ufc: Failed to fetch @ http://localhost:8080/js/api.js?v=3:645
[   89107ms] [ERROR] Failed to load resource: the server responded with a status of 404 (Not Found) @ http://localhost:8080/api/nfldata/games?season=2026&season_type=1:0
[   89391ms] [ERROR] Failed to load resource: the server responded with a status of 404 (Not Found) @ http://localhost:8080/api/nfldata/games?season=2026&season_type=1:0
[   89403ms] [ERROR] Failed to load resource: the server responded with a status of 404 (Not Found) @ http://localhost:8080/api/nfldata/games?season=2026&season_type=2:0
[   89408ms] [ERROR] Failed to load resource: the server responded with a status of 404 (Not Found) @ http://localhost:8080/api/nfldata/games?season=2026&season_type=1:0
[   89413ms] [ERROR] Failed to load resource: the server responded with a status of 404 (Not Found) @ http://localhost:8080/api/nfldata/games?season=2026&season_type=2:0
[   89420ms] [ERROR] Failed to load resource: the server responded with a status of 404 (Not Found) @ http://localhost:8080/api/nfldata/games?season=2026&season_type=3:0
[   89423ms] [ERROR] Failed to load resource: the server responded with a status of 404 (Not Found) @ http://localhost:8080/api/nfldata/games?season=2026&season_type=2:0
[   89425ms] [ERROR] Failed to load resource: the server responded with a status of 404 (Not Found) @ http://localhost:8080/api/nfldata/games?season=2026&season_type=3:0
[   89432ms] [ERROR] Access to fetch at 'https://www.thesportsdb.com/api/v1/json/3/eventsseason.php?id=4443' from origin 'http://localhost:8080' has been blocked by CORS policy: No 'Access-Control-Allow-Origin' header is present on the requested resource. @ http://localhost:8080/:0
[   89432ms] [ERROR] Failed to load resource: net::ERR_FAILED @ https://www.thesportsdb.com/api/v1/json/3/eventsseason.php?id=4443:0
[   89432ms] [LOG] ℹ️ TheSportsDB ufc: Failed to fetch @ http://localhost:8080/js/api.js?v=3:645
[   89517ms] [ERROR] Failed to load resource: the server responded with a status of 404 (Not Found) @ http://localhost:8080/api/nfldata/games?season=2026&season_type=3:0
[   89518ms] [ERROR] Access to fetch at 'https://www.thesportsdb.com/api/v1/json/3/eventsseason.php?id=4443' from origin 'http://localhost:8080' has been blocked by CORS policy: No 'Access-Control-Allow-Origin' header is present on the requested resource. @ http://localhost:8080/:0
[   89518ms] [ERROR] Failed to load resource: net::ERR_FAILED @ https://www.thesportsdb.com/api/v1/json/3/eventsseason.php?id=4443:0
[   89518ms] [LOG] ℹ️ TheSportsDB ufc: Failed to fetch @ http://localhost:8080/js/api.js?v=3:645
[   89587ms] [ERROR] Access to fetch at 'https://www.thesportsdb.com/api/v1/json/3/eventsseason.php?id=4443' from origin 'http://localhost:8080' has been blocked by CORS policy: No 'Access-Control-Allow-Origin' header is present on the requested resource. @ http://localhost:8080/:0
[   89587ms] [ERROR] Failed to load resource: net::ERR_FAILED @ https://www.thesportsdb.com/api/v1/json/3/eventsseason.php?id=4443:0
[   89587ms] [LOG] ℹ️ TheSportsDB ufc: Failed to fetch @ http://localhost:8080/js/api.js?v=3:645
