[   43953ms] [WARNING] <meta name="apple-mobile-web-app-capable" content="yes"> is deprecated. Please include <meta name="mobile-web-app-capable" content="yes"> @ http://localhost:8080/football/2026-08-16:0
[   48679ms] [ERROR] Failed to load resource: the server responded with a status of 500 (Internal Server Error) @ http://localhost:8080/api/thesportsdb?path=searchteams.php?t=Ascoli:0
[   48697ms] [ERROR] Failed to load resource: the server responded with a status of 500 (Internal Server Error) @ http://localhost:8080/api/thesportsdb?path=searchteams.php?t=Verona:0
[   48726ms] [ERROR] Failed to load resource: the server responded with a status of 500 (Internal Server Error) @ http://localhost:8080/api/thesportsdb?path=searchteams.php?t=Entella:0
[   48756ms] [ERROR] Failed to load resource: the server responded with a status of 500 (Internal Server Error) @ http://localhost:8080/api/thesportsdb?path=searchteams.php?t=Ascoli:0
[   48772ms] [ERROR] Failed to load resource: the server responded with a status of 500 (Internal Server Error) @ http://localhost:8080/api/thesportsdb?path=searchteams.php?t=Verona:0
[   48789ms] [ERROR] Failed to load resource: the server responded with a status of 500 (Internal Server Error) @ http://localhost:8080/api/thesportsdb?path=searchteams.php?t=Entella:0
[   48806ms] [ERROR] Failed to load resource: the server responded with a status of 500 (Internal Server Error) @ http://localhost:8080/api/thesportsdb?path=searchteams.php?t=Lazio:0
[   48825ms] [ERROR] Failed to load resource: the server responded with a status of 500 (Internal Server Error) @ http://localhost:8080/api/thesportsdb?path=searchteams.php?t=Mantova:0
[   48840ms] [ERROR] Failed to load resource: the server responded with a status of 500 (Internal Server Error) @ http://localhost:8080/api/thesportsdb?path=searchteams.php?t=Arminia%20Bielefeld:0
[   48856ms] [ERROR] Failed to load resource: the server responded with a status of 500 (Internal Server Error) @ http://localhost:8080/api/thesportsdb?path=searchteams.php?t=Lazio:0
[   48873ms] [ERROR] Failed to load resource: the server responded with a status of 500 (Internal Server Error) @ http://localhost:8080/api/thesportsdb?path=searchteams.php?t=Mantova:0
[   48889ms] [ERROR] Failed to load resource: the server responded with a status of 500 (Internal Server Error) @ http://localhost:8080/api/thesportsdb?path=searchteams.php?t=Arminia%20Bielefeld:0
[   48907ms] [ERROR] Failed to load resource: the server responded with a status of 500 (Internal Server Error) @ http://localhost:8080/api/thesportsdb?path=searchteams.php?t=Energie%20Cottbus:0
[   48921ms] [ERROR] Failed to load resource: the server responded with a status of 500 (Internal Server Error) @ http://localhost:8080/api/thesportsdb?path=searchteams.php?t=Dynamo%20Dresden:0
[   48940ms] [ERROR] Failed to load resource: the server responded with a status of 500 (Internal Server Error) @ http://localhost:8080/api/thesportsdb?path=searchteams.php?t=Darmstadt%2098:0
[   48956ms] [ERROR] Failed to load resource: the server responded with a status of 500 (Internal Server Error) @ http://localhost:8080/api/thesportsdb?path=searchteams.php?t=Energie%20Cottbus:0
[   48998ms] [ERROR] Failed to load resource: the server responded with a status of 500 (Internal Server Error) @ http://localhost:8080/api/thesportsdb?path=searchteams.php?t=Dynamo%20Dresden:0
[   49014ms] [ERROR] Failed to load resource: the server responded with a status of 500 (Internal Server Error) @ http://localhost:8080/api/thesportsdb?path=searchteams.php?t=Darmstadt%2098:0
[   49043ms] [ERROR] Failed to load resource: the server responded with a status of 500 (Internal Server Error) @ http://localhost:8080/api/thesportsdb?path=searchteams.php?t=Hannover%2096:0
[   49094ms] [ERROR] Failed to load resource: the server responded with a status of 500 (Internal Server Error) @ http://localhost:8080/api/thesportsdb?path=searchteams.php?t=Wolfsburg:0
[   49145ms] [ERROR] Failed to load resource: the server responded with a status of 500 (Internal Server Error) @ http://localhost:8080/api/thesportsdb?path=searchteams.php?t=Nashville%20SC:0
[   49164ms] [ERROR] Failed to load resource: the server responded with a status of 500 (Internal Server Error) @ http://localhost:8080/api/thesportsdb?path=searchteams.php?t=Hannover%2096:0
[   49186ms] [ERROR] Failed to load resource: the server responded with a status of 500 (Internal Server Error) @ http://localhost:8080/api/thesportsdb?path=searchteams.php?t=Wolfsburg:0
[   49206ms] [ERROR] Failed to load resource: the server responded with a status of 500 (Internal Server Error) @ http://localhost:8080/api/thesportsdb?path=searchteams.php?t=Nashville%20SC:0
[   49231ms] [ERROR] Failed to load resource: the server responded with a status of 500 (Internal Server Error) @ http://localhost:8080/api/thesportsdb?path=searchteams.php?t=Inter%20Miami:0
[   49260ms] [ERROR] Failed to load resource: the server responded with a status of 500 (Internal Server Error) @ http://localhost:8080/api/thesportsdb?path=searchteams.php?t=Pumas%20UNAM:0
[   49296ms] [ERROR] Failed to load resource: the server responded with a status of 500 (Internal Server Error) @ http://localhost:8080/api/thesportsdb?path=searchteams.php?t=Queretaro:0
[   49313ms] [ERROR] Failed to load resource: the server responded with a status of 500 (Internal Server Error) @ http://localhost:8080/api/thesportsdb?path=searchteams.php?t=Inter%20Miami:0
[   49359ms] [ERROR] Failed to load resource: the server responded with a status of 500 (Internal Server Error) @ http://localhost:8080/api/thesportsdb?path=searchteams.php?t=Pumas%20UNAM:0
[   49375ms] [ERROR] Failed to load resource: the server responded with a status of 500 (Internal Server Error) @ http://localhost:8080/api/thesportsdb?path=searchteams.php?t=Queretaro:0
[   49391ms] [ERROR] Failed to load resource: the server responded with a status of 500 (Internal Server Error) @ http://localhost:8080/api/thesportsdb?path=searchteams.php?t=Mirassol:0
[   49407ms] [ERROR] Failed to load resource: the server responded with a status of 500 (Internal Server Error) @ http://localhost:8080/api/thesportsdb?path=searchteams.php?t=Flamengo:0
[   49458ms] [ERROR] Failed to load resource: the server responded with a status of 500 (Internal Server Error) @ http://localhost:8080/api/thesportsdb?path=searchteams.php?t=Corinthians:0
[   49490ms] [ERROR] Failed to load resource: the server responded with a status of 500 (Internal Server Error) @ http://localhost:8080/api/thesportsdb?path=searchteams.php?t=Mirassol:0
[   49507ms] [ERROR] Failed to load resource: the server responded with a status of 500 (Internal Server Error) @ http://localhost:8080/api/thesportsdb?path=searchteams.php?t=Flamengo:0
[   49539ms] [ERROR] Failed to load resource: the server responded with a status of 500 (Internal Server Error) @ http://localhost:8080/api/thesportsdb?path=searchteams.php?t=Corinthians:0
[   49558ms] [ERROR] Failed to load resource: the server responded with a status of 500 (Internal Server Error) @ http://localhost:8080/api/thesportsdb?path=searchteams.php?t=Cruzeiro:0
[   49589ms] [ERROR] Failed to load resource: the server responded with a status of 500 (Internal Server Error) @ http://localhost:8080/api/thesportsdb?path=searchteams.php?t=River%20Plate:0
[   49644ms] [ERROR] Failed to load resource: the server responded with a status of 500 (Internal Server Error) @ http://localhost:8080/api/thesportsdb?path=searchteams.php?t=Argentinos%20Juniors:0
[   49692ms] [ERROR] Failed to load resource: the server responded with a status of 500 (Internal Server Error) @ http://localhost:8080/api/thesportsdb?path=searchteams.php?t=Cruzeiro:0
[   49710ms] [ERROR] Failed to load resource: the server responded with a status of 500 (Internal Server Error) @ http://localhost:8080/api/thesportsdb?path=searchteams.php?t=River%20Plate:0
[   49730ms] [ERROR] Failed to load resource: the server responded with a status of 500 (Internal Server Error) @ http://localhost:8080/api/thesportsdb?path=searchteams.php?t=Argentinos%20Juniors:0
[   49759ms] [ERROR] Failed to load resource: the server responded with a status of 500 (Internal Server Error) @ http://localhost:8080/api/thesportsdb?path=searchteams.php?t=Australia:0
[   49771ms] [ERROR] Failed to load resource: the server responded with a status of 500 (Internal Server Error) @ http://localhost:8080/api/thesportsdb?path=searchteams.php?t=Bangladesh:0
[   49794ms] [ERROR] Failed to load resource: the server responded with a status of 500 (Internal Server Error) @ http://localhost:8080/api/thesportsdb?path=searchteams.php?t=India:0
[   49811ms] [ERROR] Failed to load resource: the server responded with a status of 500 (Internal Server Error) @ http://localhost:8080/api/thesportsdb?path=searchteams.php?t=Australia:0
[   49931ms] [ERROR] Failed to load resource: the server responded with a status of 500 (Internal Server Error) @ http://localhost:8080/api/thesportsdb?path=searchteams.php?t=Bangladesh:0
[   49931ms] [ERROR] Failed to load resource: the server responded with a status of 500 (Internal Server Error) @ http://localhost:8080/api/thesportsdb?path=searchteams.php?t=India:0
[   50026ms] [LOG] 🚀 Live Streaming initialized @ http://localhost:8080/js/app.js?v=3:211
