[    7804ms] [ERROR] Failed to load resource: the server responded with a status of 500 (Internal Server Error) @ http://localhost:8080/api/thesportsdb?path=searchteams.php?t=Australia:0
[    8624ms] [ERROR] Failed to load resource: the server responded with a status of 500 (Internal Server Error) @ http://localhost:8080/api/thesportsdb?path=searchteams.php?t=Bangladesh:0
[    8638ms] [ERROR] Failed to load resource: the server responded with a status of 500 (Internal Server Error) @ http://localhost:8080/api/thesportsdb?path=searchteams.php?t=Bangladesh:0
[    9462ms] [ERROR] Failed to load resource: the server responded with a status of 500 (Internal Server Error) @ http://localhost:8080/api/thesportsdb?path=searchteams.php?t=India:0
[    9476ms] [ERROR] Failed to load resource: the server responded with a status of 500 (Internal Server Error) @ http://localhost:8080/api/thesportsdb?path=searchteams.php?t=India:0
[   11084ms] [LOG] 🚫 Auto-fetch disabled — no match data @ http://localhost:8080/js/api.js?v=3:471
[   11086ms] [LOG] 🚫 Auto-fetch disabled — no match data @ http://localhost:8080/js/api.js?v=3:471
[   11134ms] [LOG] 🚀 Live Streaming initialized @ http://localhost:8080/js/app.js?v=3:211
[   17654ms] [LOG] 🚀 Live Streaming initialized @ http://localhost:8080/js/app.js?v=3:211
[   20141ms] [ERROR] Failed to load resource: the server responded with a status of 500 (Internal Server Error) @ http://localhost:8080/api/thesportsdb?path=searchteams.php?t=Welsh%20Fire:0
[   20966ms] [ERROR] Failed to load resource: the server responded with a status of 500 (Internal Server Error) @ http://localhost:8080/api/thesportsdb?path=searchteams.php?t=London%20Spirit:0
[   21790ms] [ERROR] Failed to load resource: the server responded with a status of 500 (Internal Server Error) @ http://localhost:8080/api/thesportsdb?path=searchteams.php?t=Birmingham%20Phoenix:0
[   22052ms] [ERROR] Failed to load resource: the server responded with a status of 500 (Internal Server Error) @ http://localhost:8080/api/thesportsdb?path=searchteams.php?t=Bangladesh:0
[   22622ms] [ERROR] Failed to load resource: the server responded with a status of 500 (Internal Server Error) @ http://localhost:8080/api/thesportsdb?path=searchteams.php?t=MI%20London:0
[   22873ms] [ERROR] Failed to load resource: the server responded with a status of 500 (Internal Server Error) @ http://localhost:8080/api/thesportsdb?path=searchteams.php?t=Pakistan:0
[   23691ms] [ERROR] Failed to load resource: the server responded with a status of 500 (Internal Server Error) @ http://localhost:8080/api/thesportsdb?path=searchteams.php?t=Select%20XI:0
[   24229ms] [ERROR] Failed to load resource: the server responded with a status of 500 (Internal Server Error) @ http://localhost:8080/api/thesportsdb?path=searchteams.php?t=Bangladesh:0
[   24512ms] [ERROR] Failed to load resource: the server responded with a status of 500 (Internal Server Error) @ http://localhost:8080/api/thesportsdb?path=searchteams.php?t=Bengals:0
[   25330ms] [ERROR] Failed to load resource: the server responded with a status of 500 (Internal Server Error) @ http://localhost:8080/api/thesportsdb?path=searchteams.php?t=Lions:0
[   25848ms] [ERROR] Failed to load resource: the server responded with a status of 500 (Internal Server Error) @ http://localhost:8080/api/thesportsdb?path=searchteams.php?t=Broncos:0
[   26165ms] [ERROR] Failed to load resource: the server responded with a status of 500 (Internal Server Error) @ http://localhost:8080/api/thesportsdb?path=searchteams.php?t=Steelers:0
[   26180ms] [ERROR] Failed to load resource: the server responded with a status of 500 (Internal Server Error) @ http://localhost:8080/api/thesportsdb?path=searchteams.php?t=R.%20Sociedad:0
[   26677ms] [ERROR] Failed to load resource: the server responded with a status of 500 (Internal Server Error) @ http://localhost:8080/api/thesportsdb?path=searchteams.php?t=Falcons:0
[   26998ms] [ERROR] Failed to load resource: the server responded with a status of 500 (Internal Server Error) @ http://localhost:8080/api/thesportsdb?path=searchteams.php?t=Packers:0
[   27017ms] [ERROR] Failed to load resource: the server responded with a status of 500 (Internal Server Error) @ http://localhost:8080/api/thesportsdb?path=searchteams.php?t=Alaves:0
[   27509ms] [ERROR] Failed to load resource: the server responded with a status of 500 (Internal Server Error) @ http://localhost:8080/api/thesportsdb?path=searchteams.php?t=Buccaneers:0
[   27817ms] [ERROR] Failed to load resource: the server responded with a status of 500 (Internal Server Error) @ http://localhost:8080/api/thesportsdb?path=searchteams.php?t=Patriots:0
[   27835ms] [ERROR] Failed to load resource: the server responded with a status of 500 (Internal Server Error) @ http://localhost:8080/api/thesportsdb?path=searchteams.php?t=Valencia:0
[   28175ms] [ERROR] Failed to load resource: the server responded with a status of 500 (Internal Server Error) @ http://localhost:8080/api/thesportsdb?path=searchteams.php?t=Welsh%20Fire:0
[   28333ms] [ERROR] Failed to load resource: the server responded with a status of 500 (Internal Server Error) @ http://localhost:8080/api/thesportsdb?path=searchteams.php?t=Jets:0
[   28649ms] [ERROR] Failed to load resource: the server responded with a status of 500 (Internal Server Error) @ http://localhost:8080/api/thesportsdb?path=searchteams.php?t=Colts:0
[   28667ms] [ERROR] Failed to load resource: the server responded with a status of 500 (Internal Server Error) @ http://localhost:8080/api/thesportsdb?path=searchteams.php?t=Real%20Madrid:0
[   28998ms] [ERROR] Failed to load resource: the server responded with a status of 500 (Internal Server Error) @ http://localhost:8080/api/thesportsdb?path=searchteams.php?t=London%20Spirit:0
[   29164ms] [ERROR] Failed to load resource: the server responded with a status of 500 (Internal Server Error) @ http://localhost:8080/api/thesportsdb?path=searchteams.php?t=Commanders:0
[   29481ms] [ERROR] Failed to load resource: the server responded with a status of 500 (Internal Server Error) @ http://localhost:8080/api/thesportsdb?path=searchteams.php?t=Chargers:0
[   29502ms] [ERROR] Failed to load resource: the server responded with a status of 500 (Internal Server Error) @ http://localhost:8080/api/thesportsdb?path=searchteams.php?t=Atlanta%20Utd:0
[   29831ms] [ERROR] Failed to load resource: the server responded with a status of 500 (Internal Server Error) @ http://localhost:8080/api/thesportsdb?path=searchteams.php?t=Birmingham%20Phoenix:0
[   29998ms] [ERROR] Failed to load resource: the server responded with a status of 500 (Internal Server Error) @ http://localhost:8080/api/thesportsdb?path=searchteams.php?t=Dolphins:0
[   30317ms] [ERROR] Failed to load resource: the server responded with a status of 500 (Internal Server Error) @ http://localhost:8080/api/thesportsdb?path=searchteams.php?t=Texans:0
[   30341ms] [ERROR] Failed to load resource: the server responded with a status of 500 (Internal Server Error) @ http://localhost:8080/api/thesportsdb?path=searchteams.php?t=NY%20Red%20Bulls:0
[   30473ms] [ERROR] Failed to load resource: the server responded with a status of 500 (Internal Server Error) @ http://localhost:8080/api/thesportsdb?path=searchteams.php?t=Welsh%20Fire:0
[   30666ms] [ERROR] Failed to load resource: the server responded with a status of 500 (Internal Server Error) @ http://localhost:8080/api/thesportsdb?path=searchteams.php?t=MI%20London:0
[   30911ms] [ERROR] Failed to load resource: the server responded with a status of 500 (Internal Server Error) @ http://localhost:8080/api/thesportsdb?path=searchteams.php?t=Welsh%20Fire:0
[   31106ms] [ERROR] Failed to load resource: the server responded with a status of 500 (Internal Server Error) @ http://localhost:8080/api/thesportsdb?path=searchteams.php?t=Welsh%20Fire:0
[   31145ms] [ERROR] Failed to load resource: the server responded with a status of 500 (Internal Server Error) @ http://localhost:8080/api/thesportsdb?path=searchteams.php?t=Raiders:0
[   31174ms] [ERROR] Failed to load resource: the server responded with a status of 500 (Internal Server Error) @ http://localhost:8080/api/thesportsdb?path=searchteams.php?t=CF%20Montreal:0
[   31295ms] [ERROR] Failed to load resource: the server responded with a status of 500 (Internal Server Error) @ http://localhost:8080/api/thesportsdb?path=searchteams.php?t=London%20Spirit:0
[   31736ms] [ERROR] Failed to load resource: the server responded with a status of 500 (Internal Server Error) @ http://localhost:8080/api/thesportsdb?path=searchteams.php?t=London%20Spirit:0
[   31934ms] [ERROR] Failed to load resource: the server responded with a status of 500 (Internal Server Error) @ http://localhost:8080/api/thesportsdb?path=searchteams.php?t=London%20Spirit:0
[   31968ms] [ERROR] Failed to load resource: the server responded with a status of 500 (Internal Server Error) @ http://localhost:8080/api/thesportsdb?path=searchteams.php?t=Cardinals:0
[   31991ms] [ERROR] Failed to load resource: the server responded with a status of 500 (Internal Server Error) @ http://localhost:8080/api/thesportsdb?path=searchteams.php?t=DC%20United:0
[   32117ms] [ERROR] Failed to load resource: the server responded with a status of 500 (Internal Server Error) @ http://localhost:8080/api/thesportsdb?path=searchteams.php?t=Birmingham%20Phoenix:0
[   32556ms] [ERROR] Failed to load resource: the server responded with a status of 500 (Internal Server Error) @ http://localhost:8080/api/thesportsdb?path=searchteams.php?t=Birmingham%20Phoenix:0
[   32754ms] [ERROR] Failed to load resource: the server responded with a status of 500 (Internal Server Error) @ http://localhost:8080/api/thesportsdb?path=searchteams.php?t=Birmingham%20Phoenix:0
[   32787ms] [ERROR] Failed to load resource: the server responded with a status of 500 (Internal Server Error) @ http://localhost:8080/api/thesportsdb?path=searchteams.php?t=49ers:0
[   32822ms] [ERROR] Failed to load resource: the server responded with a status of 500 (Internal Server Error) @ http://localhost:8080/api/thesportsdb?path=searchteams.php?t=Charlotte%20FC:0
[   32938ms] [ERROR] Failed to load resource: the server responded with a status of 500 (Internal Server Error) @ http://localhost:8080/api/thesportsdb?path=searchteams.php?t=MI%20London:0
[   33123ms] [ERROR] Failed to load resource: the server responded with a status of 500 (Internal Server Error) @ http://localhost:8080/api/thesportsdb?path=searchteams.php?t=Welsh%20Fire:0
[   33384ms] [ERROR] Failed to load resource: the server responded with a status of 500 (Internal Server Error) @ http://localhost:8080/api/thesportsdb?path=searchteams.php?t=MI%20London:0
[   33595ms] [ERROR] Failed to load resource: the server responded with a status of 500 (Internal Server Error) @ http://localhost:8080/api/thesportsdb?path=searchteams.php?t=MI%20London:0
[   33606ms] [ERROR] Failed to load resource: the server responded with a status of 500 (Internal Server Error) @ http://localhost:8080/api/thesportsdb?path=searchteams.php?t=Titans:0
[   33649ms] [ERROR] Failed to load resource: the server responded with a status of 500 (Internal Server Error) @ http://localhost:8080/api/thesportsdb?path=searchteams.php?t=Columbus%20Crew:0
[   33715ms] [ERROR] Failed to load resource: the server responded with a status of 500 (Internal Server Error) @ http://localhost:8080/api/thesportsdb?path=searchteams.php?t=Welsh%20Fire:0
[   33955ms] [ERROR] Failed to load resource: the server responded with a status of 500 (Internal Server Error) @ http://localhost:8080/api/thesportsdb?path=searchteams.php?t=London%20Spirit:0
[   34491ms] [ERROR] Failed to load resource: the server responded with a status of 500 (Internal Server Error) @ http://localhost:8080/api/thesportsdb?path=searchteams.php?t=Orlando%20City:0
[   34505ms] [ERROR] Failed to load resource: the server responded with a status of 500 (Internal Server Error) @ http://localhost:8080/api/thesportsdb?path=searchteams.php?t=Welsh%20Fire:0
[   34531ms] [ERROR] Failed to load resource: the server responded with a status of 500 (Internal Server Error) @ http://localhost:8080/api/thesportsdb?path=searchteams.php?t=London%20Spirit:0
[   34787ms] [ERROR] Failed to load resource: the server responded with a status of 500 (Internal Server Error) @ http://localhost:8080/api/thesportsdb?path=searchteams.php?t=Birmingham%20Phoenix:0
[   35321ms] [ERROR] Failed to load resource: the server responded with a status of 500 (Internal Server Error) @ http://localhost:8080/api/thesportsdb?path=searchteams.php?t=FC%20Cincinnati:0
[   35344ms] [ERROR] Failed to load resource: the server responded with a status of 500 (Internal Server Error) @ http://localhost:8080/api/thesportsdb?path=searchteams.php?t=London%20Spirit:0
[   35358ms] [ERROR] Failed to load resource: the server responded with a status of 500 (Internal Server Error) @ http://localhost:8080/api/thesportsdb?path=searchteams.php?t=Birmingham%20Phoenix:0
[   35617ms] [ERROR] Failed to load resource: the server responded with a status of 500 (Internal Server Error) @ http://localhost:8080/api/thesportsdb?path=searchteams.php?t=MI%20London:0
[   36151ms] [ERROR] Failed to load resource: the server responded with a status of 500 (Internal Server Error) @ http://localhost:8080/api/thesportsdb?path=searchteams.php?t=Toronto:0
[   36171ms] [ERROR] Failed to load resource: the server responded with a status of 500 (Internal Server Error) @ http://localhost:8080/api/thesportsdb?path=searchteams.php?t=Birmingham%20Phoenix:0
[   36189ms] [ERROR] Failed to load resource: the server responded with a status of 500 (Internal Server Error) @ http://localhost:8080/api/thesportsdb?path=searchteams.php?t=MI%20London:0
[   36968ms] [ERROR] Failed to load resource: the server responded with a status of 500 (Internal Server Error) @ http://localhost:8080/api/thesportsdb?path=searchteams.php?t=New%20England:0
[   37007ms] [ERROR] Failed to load resource: the server responded with a status of 500 (Internal Server Error) @ http://localhost:8080/api/thesportsdb?path=searchteams.php?t=MI%20London:0
[   37789ms] [ERROR] Failed to load resource: the server responded with a status of 500 (Internal Server Error) @ http://localhost:8080/api/thesportsdb?path=searchteams.php?t=Atlante:0
[   38604ms] [ERROR] Failed to load resource: the server responded with a status of 500 (Internal Server Error) @ http://localhost:8080/api/thesportsdb?path=searchteams.php?t=Toluca:0
[   39422ms] [ERROR] Failed to load resource: the server responded with a status of 500 (Internal Server Error) @ http://localhost:8080/api/thesportsdb?path=searchteams.php?t=Monterrey:0
[   40239ms] [ERROR] Failed to load resource: the server responded with a status of 500 (Internal Server Error) @ http://localhost:8080/api/thesportsdb?path=searchteams.php?t=FC%20Juarez:0
[   41057ms] [ERROR] Failed to load resource: the server responded with a status of 500 (Internal Server Error) @ http://localhost:8080/api/thesportsdb?path=searchteams.php?t=Vasco%20da%20Gama:0
[   41874ms] [ERROR] Failed to load resource: the server responded with a status of 500 (Internal Server Error) @ http://localhost:8080/api/thesportsdb?path=searchteams.php?t=Santos:0
[   42652ms] [ERROR] Failed to load resource: the server responded with a status of 500 (Internal Server Error) @ http://localhost:8080/api/thesportsdb?path=searchteams.php?t=Welsh%20Fire:0
[   43476ms] [ERROR] Failed to load resource: the server responded with a status of 500 (Internal Server Error) @ http://localhost:8080/api/thesportsdb?path=searchteams.php?t=London%20Spirit:0
[   43499ms] [ERROR] Failed to load resource: the server responded with a status of 500 (Internal Server Error) @ http://localhost:8080/api/thesportsdb?path=searchteams.php?t=Bangladesh:0
[   44292ms] [ERROR] Failed to load resource: the server responded with a status of 500 (Internal Server Error) @ http://localhost:8080/api/thesportsdb?path=searchteams.php?t=Birmingham%20Phoenix:0
[   44327ms] [ERROR] Failed to load resource: the server responded with a status of 500 (Internal Server Error) @ http://localhost:8080/api/thesportsdb?path=searchteams.php?t=India:0
[   44777ms] [ERROR] Failed to load resource: the server responded with a status of 500 (Internal Server Error) @ http://localhost:8080/api/thesportsdb?path=searchteams.php?t=Welsh%20Fire:0
[   45114ms] [ERROR] Failed to load resource: the server responded with a status of 500 (Internal Server Error) @ http://localhost:8080/api/thesportsdb?path=searchteams.php?t=MI%20London:0
[   45599ms] [ERROR] Failed to load resource: the server responded with a status of 500 (Internal Server Error) @ http://localhost:8080/api/thesportsdb?path=searchteams.php?t=London%20Spirit:0
[   45953ms] [ERROR] Failed to load resource: the server responded with a status of 500 (Internal Server Error) @ http://localhost:8080/api/thesportsdb?path=searchteams.php?t=Ireland:0
[   46423ms] [ERROR] Failed to load resource: the server responded with a status of 500 (Internal Server Error) @ http://localhost:8080/api/thesportsdb?path=searchteams.php?t=Birmingham%20Phoenix:0
[   46777ms] [ERROR] Failed to load resource: the server responded with a status of 500 (Internal Server Error) @ http://localhost:8080/api/thesportsdb?path=searchteams.php?t=Afghanistan:0
[   47246ms] [ERROR] Failed to load resource: the server responded with a status of 500 (Internal Server Error) @ http://localhost:8080/api/thesportsdb?path=searchteams.php?t=MI%20London:0
[   47604ms] [ERROR] Failed to load resource: the server responded with a status of 500 (Internal Server Error) @ http://localhost:8080/api/thesportsdb?path=searchteams.php?t=Bills:0
[   48441ms] [ERROR] Failed to load resource: the server responded with a status of 500 (Internal Server Error) @ http://localhost:8080/api/thesportsdb?path=searchteams.php?t=Panthers:0
[   48761ms] [ERROR] Failed to load resource: the server responded with a status of 500 (Internal Server Error) @ http://localhost:8080/api/thesportsdb?path=searchteams.php?t=Welsh%20Fire:0
[   49266ms] [ERROR] Failed to load resource: the server responded with a status of 500 (Internal Server Error) @ http://localhost:8080/api/thesportsdb?path=searchteams.php?t=Bears:0
[   49583ms] [ERROR] Failed to load resource: the server responded with a status of 500 (Internal Server Error) @ http://localhost:8080/api/thesportsdb?path=searchteams.php?t=London%20Spirit:0
[   50086ms] [ERROR] Failed to load resource: the server responded with a status of 500 (Internal Server Error) @ http://localhost:8080/api/thesportsdb?path=searchteams.php?t=Browns:0
[   50398ms] [ERROR] Failed to load resource: the server responded with a status of 500 (Internal Server Error) @ http://localhost:8080/api/thesportsdb?path=searchteams.php?t=Birmingham%20Phoenix:0
[   50914ms] [ERROR] Failed to load resource: the server responded with a status of 500 (Internal Server Error) @ http://localhost:8080/api/thesportsdb?path=searchteams.php?t=Vikings:0
[   50991ms] [ERROR] Failed to load resource: the server responded with a status of 500 (Internal Server Error) @ http://localhost:8080/api/thesportsdb?path=searchteams.php?t=Welsh%20Fire:0
[   51177ms] [ERROR] Failed to load resource: the server responded with a status of 500 (Internal Server Error) @ http://localhost:8080/api/thesportsdb?path=searchteams.php?t=Welsh%20Fire:0
[   51216ms] [ERROR] Failed to load resource: the server responded with a status of 500 (Internal Server Error) @ http://localhost:8080/api/thesportsdb?path=searchteams.php?t=MI%20London:0
[   51738ms] [ERROR] Failed to load resource: the server responded with a status of 500 (Internal Server Error) @ http://localhost:8080/api/thesportsdb?path=searchteams.php?t=Giants:0
[   51808ms] [ERROR] Failed to load resource: the server responded with a status of 500 (Internal Server Error) @ http://localhost:8080/api/thesportsdb?path=searchteams.php?t=London%20Spirit:0
[   52005ms] [ERROR] Failed to load resource: the server responded with a status of 500 (Internal Server Error) @ http://localhost:8080/api/thesportsdb?path=searchteams.php?t=London%20Spirit:0
[   52561ms] [ERROR] Failed to load resource: the server responded with a status of 500 (Internal Server Error) @ http://localhost:8080/api/thesportsdb?path=searchteams.php?t=Chiefs:0
[   52620ms] [ERROR] Failed to load resource: the server responded with a status of 500 (Internal Server Error) @ http://localhost:8080/api/thesportsdb?path=searchteams.php?t=Birmingham%20Phoenix:0
[   52827ms] [ERROR] Failed to load resource: the server responded with a status of 500 (Internal Server Error) @ http://localhost:8080/api/thesportsdb?path=searchteams.php?t=Birmingham%20Phoenix:0
[   53387ms] [ERROR] Failed to load resource: the server responded with a status of 500 (Internal Server Error) @ http://localhost:8080/api/thesportsdb?path=searchteams.php?t=Rams:0
[   53445ms] [ERROR] Failed to load resource: the server responded with a status of 500 (Internal Server Error) @ http://localhost:8080/api/thesportsdb?path=searchteams.php?t=MI%20London:0
[   53653ms] [ERROR] Failed to load resource: the server responded with a status of 500 (Internal Server Error) @ http://localhost:8080/api/thesportsdb?path=searchteams.php?t=MI%20London:0
[   54210ms] [ERROR] Failed to load resource: the server responded with a status of 500 (Internal Server Error) @ http://localhost:8080/api/thesportsdb?path=searchteams.php?t=Saints:0
[   55030ms] [ERROR] Failed to load resource: the server responded with a status of 500 (Internal Server Error) @ http://localhost:8080/api/thesportsdb?path=searchteams.php?t=Jaguars:0
[   55853ms] [ERROR] Failed to load resource: the server responded with a status of 500 (Internal Server Error) @ http://localhost:8080/api/thesportsdb?path=searchteams.php?t=Ravens:0
[   56673ms] [ERROR] Failed to load resource: the server responded with a status of 500 (Internal Server Error) @ http://localhost:8080/api/thesportsdb?path=searchteams.php?t=Eagles:0
[   57065ms] [ERROR] Failed to load resource: the server responded with a status of 500 (Internal Server Error) @ http://localhost:8080/api/thesportsdb?path=searchteams.php?t=Welsh%20Fire:0
[   57148ms] [ERROR] Failed to load resource: the server responded with a status of 500 (Internal Server Error) @ http://localhost:8080/api/thesportsdb?path=searchteams.php?t=Bangladesh:0
[   57496ms] [ERROR] Failed to load resource: the server responded with a status of 500 (Internal Server Error) @ http://localhost:8080/api/thesportsdb?path=searchteams.php?t=Seahawks:0
[   57883ms] [ERROR] Failed to load resource: the server responded with a status of 500 (Internal Server Error) @ http://localhost:8080/api/thesportsdb?path=searchteams.php?t=London%20Spirit:0
[   57966ms] [ERROR] Failed to load resource: the server responded with a status of 500 (Internal Server Error) @ http://localhost:8080/api/thesportsdb?path=searchteams.php?t=Pakistan:0
[   58307ms] [ERROR] Failed to load resource: the server responded with a status of 500 (Internal Server Error) @ http://localhost:8080/api/thesportsdb?path=searchteams.php?t=Cowboys:0
[   58704ms] [ERROR] Failed to load resource: the server responded with a status of 500 (Internal Server Error) @ http://localhost:8080/api/thesportsdb?path=searchteams.php?t=Birmingham%20Phoenix:0
[   58791ms] [ERROR] Failed to load resource: the server responded with a status of 500 (Internal Server Error) @ http://localhost:8080/api/thesportsdb?path=searchteams.php?t=Select%20XI:0
[   59109ms] [ERROR] Failed to load resource: the server responded with a status of 500 (Internal Server Error) @ http://localhost:8080/api/thesportsdb?path=searchteams.php?t=Welsh%20Fire:0
[   59114ms] [ERROR] Failed to load resource: the server responded with a status of 500 (Internal Server Error) @ http://localhost:8080/api/thesportsdb?path=searchteams.php?t=Welsh%20Fire:0
[   59925ms] [ERROR] Failed to load resource: the server responded with a status of 500 (Internal Server Error) @ http://localhost:8080/api/thesportsdb?path=searchteams.php?t=London%20Spirit:0
[   59938ms] [ERROR] Failed to load resource: the server responded with a status of 500 (Internal Server Error) @ http://localhost:8080/api/thesportsdb?path=searchteams.php?t=London%20Spirit:0
[   60739ms] [ERROR] Failed to load resource: the server responded with a status of 500 (Internal Server Error) @ http://localhost:8080/api/thesportsdb?path=searchteams.php?t=Birmingham%20Phoenix:0
[   60750ms] [ERROR] Failed to load resource: the server responded with a status of 500 (Internal Server Error) @ http://localhost:8080/api/thesportsdb?path=searchteams.php?t=Birmingham%20Phoenix:0
[   61558ms] [ERROR] Failed to load resource: the server responded with a status of 500 (Internal Server Error) @ http://localhost:8080/api/thesportsdb?path=searchteams.php?t=MI%20London:0
[   61574ms] [ERROR] Failed to load resource: the server responded with a status of 500 (Internal Server Error) @ http://localhost:8080/api/thesportsdb?path=searchteams.php?t=MI%20London:0
[   62427ms] [LOG] 🚀 Live Streaming initialized @ http://localhost:8080/js/app.js?v=3:211
[   64078ms] Unexpected end of input
[   80858ms] [ERROR] Failed to load resource: the server responded with a status of 500 (Internal Server Error) @ http://localhost:8080/api/thesportsdb?path=searchteams.php?t=Welsh%20Fire:0
[   81691ms] [ERROR] Failed to load resource: the server responded with a status of 500 (Internal Server Error) @ http://localhost:8080/api/thesportsdb?path=searchteams.php?t=London%20Spirit:0
[   81744ms] [ERROR] Failed to load resource: the server responded with a status of 500 (Internal Server Error) @ http://localhost:8080/api/thesportsdb?path=searchteams.php?t=Welsh%20Fire:0
[   82510ms] [ERROR] Failed to load resource: the server responded with a status of 500 (Internal Server Error) @ http://localhost:8080/api/thesportsdb?path=searchteams.php?t=Birmingham%20Phoenix:0
[   82568ms] [ERROR] Failed to load resource: the server responded with a status of 500 (Internal Server Error) @ http://localhost:8080/api/thesportsdb?path=searchteams.php?t=London%20Spirit:0
[   83316ms] [ERROR] Failed to load resource: the server responded with a status of 500 (Internal Server Error) @ http://localhost:8080/api/thesportsdb?path=searchteams.php?t=Welsh%20Fire:0
[   83326ms] [ERROR] Failed to load resource: the server responded with a status of 500 (Internal Server Error) @ http://localhost:8080/api/thesportsdb?path=searchteams.php?t=MI%20London:0
[   83401ms] [ERROR] Failed to load resource: the server responded with a status of 500 (Internal Server Error) @ http://localhost:8080/api/thesportsdb?path=searchteams.php?t=Birmingham%20Phoenix:0
[   83496ms] [ERROR] Failed to load resource: the server responded with a status of 500 (Internal Server Error) @ http://localhost:8080/api/thesportsdb?path=searchteams.php?t=Welsh%20Fire:0
[   84148ms] [ERROR] Failed to load resource: the server responded with a status of 500 (Internal Server Error) @ http://localhost:8080/api/thesportsdb?path=searchteams.php?t=London%20Spirit:0
[   84226ms] [ERROR] Failed to load resource: the server responded with a status of 500 (Internal Server Error) @ http://localhost:8080/api/thesportsdb?path=searchteams.php?t=MI%20London:0
[   84330ms] [ERROR] Failed to load resource: the server responded with a status of 500 (Internal Server Error) @ http://localhost:8080/api/thesportsdb?path=searchteams.php?t=London%20Spirit:0
[   84977ms] [ERROR] Failed to load resource: the server responded with a status of 500 (Internal Server Error) @ http://localhost:8080/api/thesportsdb?path=searchteams.php?t=Birmingham%20Phoenix:0
[   85148ms] [ERROR] Failed to load resource: the server responded with a status of 500 (Internal Server Error) @ http://localhost:8080/api/thesportsdb?path=searchteams.php?t=Birmingham%20Phoenix:0
[   85794ms] [ERROR] Failed to load resource: the server responded with a status of 500 (Internal Server Error) @ http://localhost:8080/api/thesportsdb?path=searchteams.php?t=MI%20London:0
[   85978ms] [ERROR] Failed to load resource: the server responded with a status of 500 (Internal Server Error) @ http://localhost:8080/api/thesportsdb?path=searchteams.php?t=MI%20London:0
[   89450ms] [ERROR] Failed to load resource: the server responded with a status of 500 (Internal Server Error) @ http://localhost:8080/api/thesportsdb?path=searchteams.php?t=Bangladesh:0
[   90269ms] [ERROR] Failed to load resource: the server responded with a status of 500 (Internal Server Error) @ http://localhost:8080/api/thesportsdb?path=searchteams.php?t=Pakistan:0
[   91100ms] [ERROR] Failed to load resource: the server responded with a status of 500 (Internal Server Error) @ http://localhost:8080/api/thesportsdb?path=searchteams.php?t=Select%20XI:0
[   91934ms] [ERROR] Failed to load resource: the server responded with a status of 500 (Internal Server Error) @ http://localhost:8080/api/thesportsdb?path=searchteams.php?t=Bengals:0
[   92769ms] [ERROR] Failed to load resource: the server responded with a status of 500 (Internal Server Error) @ http://localhost:8080/api/thesportsdb?path=searchteams.php?t=Lions:0
[   93610ms] [ERROR] Failed to load resource: the server responded with a status of 500 (Internal Server Error) @ http://localhost:8080/api/thesportsdb?path=searchteams.php?t=Steelers:0
[   93752ms] [ERROR] Failed to load resource: the server responded with a status of 500 (Internal Server Error) @ http://localhost:8080/api/thesportsdb?path=searchteams.php?t=Bangladesh:0
[   94430ms] [ERROR] Failed to load resource: the server responded with a status of 500 (Internal Server Error) @ http://localhost:8080/api/thesportsdb?path=searchteams.php?t=Packers:0
[   94582ms] [ERROR] Failed to load resource: the server responded with a status of 500 (Internal Server Error) @ http://localhost:8080/api/thesportsdb?path=searchteams.php?t=Pakistan:0
[   94888ms] [ERROR] Failed to load resource: the server responded with a status of 500 (Internal Server Error) @ http://localhost:8080/api/thesportsdb?path=searchteams.php?t=R.%20Sociedad:0
[   94992ms] [ERROR] Failed to load resource: the server responded with a status of 500 (Internal Server Error) @ http://localhost:8080/api/thesportsdb?path=searchteams.php?t=Bangladesh:0
[   95250ms] [ERROR] Failed to load resource: the server responded with a status of 500 (Internal Server Error) @ http://localhost:8080/api/thesportsdb?path=searchteams.php?t=Patriots:0
[   95402ms] [ERROR] Failed to load resource: the server responded with a status of 500 (Internal Server Error) @ http://localhost:8080/api/thesportsdb?path=searchteams.php?t=Select%20XI:0
[   95703ms] [ERROR] Failed to load resource: the server responded with a status of 500 (Internal Server Error) @ http://localhost:8080/api/thesportsdb?path=searchteams.php?t=Alaves:0
[   96067ms] [ERROR] Failed to load resource: the server responded with a status of 500 (Internal Server Error) @ http://localhost:8080/api/thesportsdb?path=searchteams.php?t=Colts:0
[   96216ms] [ERROR] Failed to load resource: the server responded with a status of 500 (Internal Server Error) @ http://localhost:8080/api/thesportsdb?path=searchteams.php?t=Bengals:0
[   96526ms] [ERROR] Failed to load resource: the server responded with a status of 500 (Internal Server Error) @ http://localhost:8080/api/thesportsdb?path=searchteams.php?t=Valencia:0
[   96621ms] [ERROR] Failed to load resource: the server responded with a status of 500 (Internal Server Error) @ http://localhost:8080/api/thesportsdb?path=searchteams.php?t=Broncos:0
[   96860ms] [ERROR] Failed to load resource: the server responded with a status of 500 (Internal Server Error) @ http://localhost:8080/api/thesportsdb?path=searchteams.php?t=R.%20Sociedad:0
[   96916ms] [ERROR] Failed to load resource: the server responded with a status of 500 (Internal Server Error) @ http://localhost:8080/api/thesportsdb?path=searchteams.php?t=R.%20Sociedad:0
[   97687ms] [ERROR] Failed to load resource: the server responded with a status of 500 (Internal Server Error) @ http://localhost:8080/api/thesportsdb?path=searchteams.php?t=Alaves:0
[   97744ms] [ERROR] Failed to load resource: the server responded with a status of 500 (Internal Server Error) @ http://localhost:8080/api/thesportsdb?path=searchteams.php?t=Alaves:0
[   98502ms] [ERROR] Failed to load resource: the server responded with a status of 500 (Internal Server Error) @ http://localhost:8080/api/thesportsdb?path=searchteams.php?t=Valencia:0
[   98572ms] [ERROR] Failed to load resource: the server responded with a status of 500 (Internal Server Error) @ http://localhost:8080/api/thesportsdb?path=searchteams.php?t=Valencia:0
[   99328ms] [ERROR] Failed to load resource: the server responded with a status of 500 (Internal Server Error) @ http://localhost:8080/api/thesportsdb?path=searchteams.php?t=Real%20Madrid:0
[   99387ms] [ERROR] Failed to load resource: the server responded with a status of 500 (Internal Server Error) @ http://localhost:8080/api/thesportsdb?path=searchteams.php?t=Real%20Madrid:0
[  100165ms] [ERROR] Failed to load resource: the server responded with a status of 500 (Internal Server Error) @ http://localhost:8080/api/thesportsdb?path=searchteams.php?t=Atlanta%20Utd:0
[  100211ms] [ERROR] Failed to load resource: the server responded with a status of 500 (Internal Server Error) @ http://localhost:8080/api/thesportsdb?path=searchteams.php?t=Atlanta%20Utd:0
[  100999ms] [ERROR] Failed to load resource: the server responded with a status of 500 (Internal Server Error) @ http://localhost:8080/api/thesportsdb?path=searchteams.php?t=NY%20Red%20Bulls:0
[  101046ms] [ERROR] Failed to load resource: the server responded with a status of 500 (Internal Server Error) @ http://localhost:8080/api/thesportsdb?path=searchteams.php?t=NY%20Red%20Bulls:0
[  101831ms] [ERROR] Failed to load resource: the server responded with a status of 500 (Internal Server Error) @ http://localhost:8080/api/thesportsdb?path=searchteams.php?t=CF%20Montreal:0
[  101878ms] [ERROR] Failed to load resource: the server responded with a status of 500 (Internal Server Error) @ http://localhost:8080/api/thesportsdb?path=searchteams.php?t=CF%20Montreal:0
[  102657ms] [ERROR] Failed to load resource: the server responded with a status of 500 (Internal Server Error) @ http://localhost:8080/api/thesportsdb?path=searchteams.php?t=DC%20United:0
[  102705ms] [ERROR] Failed to load resource: the server responded with a status of 500 (Internal Server Error) @ http://localhost:8080/api/thesportsdb?path=searchteams.php?t=DC%20United:0
[  103474ms] [ERROR] Failed to load resource: the server responded with a status of 500 (Internal Server Error) @ http://localhost:8080/api/thesportsdb?path=searchteams.php?t=Charlotte%20FC:0
[  103523ms] [ERROR] Failed to load resource: the server responded with a status of 500 (Internal Server Error) @ http://localhost:8080/api/thesportsdb?path=searchteams.php?t=Charlotte%20FC:0
[  104299ms] [ERROR] Failed to load resource: the server responded with a status of 500 (Internal Server Error) @ http://localhost:8080/api/thesportsdb?path=searchteams.php?t=Columbus%20Crew:0
[  104342ms] [ERROR] Failed to load resource: the server responded with a status of 500 (Internal Server Error) @ http://localhost:8080/api/thesportsdb?path=searchteams.php?t=Columbus%20Crew:0
[  105134ms] [ERROR] Failed to load resource: the server responded with a status of 500 (Internal Server Error) @ http://localhost:8080/api/thesportsdb?path=searchteams.php?t=Orlando%20City:0
[  105192ms] [ERROR] Failed to load resource: the server responded with a status of 500 (Internal Server Error) @ http://localhost:8080/api/thesportsdb?path=searchteams.php?t=Orlando%20City:0
[  105961ms] [ERROR] Failed to load resource: the server responded with a status of 500 (Internal Server Error) @ http://localhost:8080/api/thesportsdb?path=searchteams.php?t=FC%20Cincinnati:0
[  106018ms] [ERROR] Failed to load resource: the server responded with a status of 500 (Internal Server Error) @ http://localhost:8080/api/thesportsdb?path=searchteams.php?t=FC%20Cincinnati:0
[  106786ms] [ERROR] Failed to load resource: the server responded with a status of 500 (Internal Server Error) @ http://localhost:8080/api/thesportsdb?path=searchteams.php?t=Toronto:0
[  106849ms] [ERROR] Failed to load resource: the server responded with a status of 500 (Internal Server Error) @ http://localhost:8080/api/thesportsdb?path=searchteams.php?t=Toronto:0
[  107620ms] [ERROR] Failed to load resource: the server responded with a status of 500 (Internal Server Error) @ http://localhost:8080/api/thesportsdb?path=searchteams.php?t=New%20England:0
[  107666ms] [ERROR] Failed to load resource: the server responded with a status of 500 (Internal Server Error) @ http://localhost:8080/api/thesportsdb?path=searchteams.php?t=New%20England:0
[  108447ms] [ERROR] Failed to load resource: the server responded with a status of 500 (Internal Server Error) @ http://localhost:8080/api/thesportsdb?path=searchteams.php?t=Atlante:0
[  108483ms] [ERROR] Failed to load resource: the server responded with a status of 500 (Internal Server Error) @ http://localhost:8080/api/thesportsdb?path=searchteams.php?t=Atlante:0
[  109264ms] [ERROR] Failed to load resource: the server responded with a status of 500 (Internal Server Error) @ http://localhost:8080/api/thesportsdb?path=searchteams.php?t=Toluca:0
[  109298ms] [ERROR] Failed to load resource: the server responded with a status of 500 (Internal Server Error) @ http://localhost:8080/api/thesportsdb?path=searchteams.php?t=Toluca:0
[  110081ms] [ERROR] Failed to load resource: the server responded with a status of 500 (Internal Server Error) @ http://localhost:8080/api/thesportsdb?path=searchteams.php?t=Monterrey:0
[  110115ms] [ERROR] Failed to load resource: the server responded with a status of 500 (Internal Server Error) @ http://localhost:8080/api/thesportsdb?path=searchteams.php?t=Monterrey:0
[  110899ms] [ERROR] Failed to load resource: the server responded with a status of 500 (Internal Server Error) @ http://localhost:8080/api/thesportsdb?path=searchteams.php?t=FC%20Juarez:0
[  110933ms] [ERROR] Failed to load resource: the server responded with a status of 500 (Internal Server Error) @ http://localhost:8080/api/thesportsdb?path=searchteams.php?t=FC%20Juarez:0
[  111717ms] [ERROR] Failed to load resource: the server responded with a status of 500 (Internal Server Error) @ http://localhost:8080/api/thesportsdb?path=searchteams.php?t=Vasco%20da%20Gama:0
[  111755ms] [ERROR] Failed to load resource: the server responded with a status of 500 (Internal Server Error) @ http://localhost:8080/api/thesportsdb?path=searchteams.php?t=Vasco%20da%20Gama:0
[  112535ms] [ERROR] Failed to load resource: the server responded with a status of 500 (Internal Server Error) @ http://localhost:8080/api/thesportsdb?path=searchteams.php?t=Santos:0
[  112576ms] [ERROR] Failed to load resource: the server responded with a status of 500 (Internal Server Error) @ http://localhost:8080/api/thesportsdb?path=searchteams.php?t=Santos:0
[  114154ms] [ERROR] Failed to load resource: the server responded with a status of 500 (Internal Server Error) @ http://localhost:8080/api/thesportsdb?path=searchteams.php?t=Bangladesh:0
[  114192ms] [ERROR] Failed to load resource: the server responded with a status of 500 (Internal Server Error) @ http://localhost:8080/api/thesportsdb?path=searchteams.php?t=Bangladesh:0
[  114980ms] [ERROR] Failed to load resource: the server responded with a status of 500 (Internal Server Error) @ http://localhost:8080/api/thesportsdb?path=searchteams.php?t=India:0
[  115020ms] [ERROR] Failed to load resource: the server responded with a status of 500 (Internal Server Error) @ http://localhost:8080/api/thesportsdb?path=searchteams.php?t=India:0
[  116605ms] [ERROR] Failed to load resource: the server responded with a status of 500 (Internal Server Error) @ http://localhost:8080/api/thesportsdb?path=searchteams.php?t=Ireland:0
[  116639ms] [ERROR] Failed to load resource: the server responded with a status of 500 (Internal Server Error) @ http://localhost:8080/api/thesportsdb?path=searchteams.php?t=Ireland:0
[  117434ms] [ERROR] Failed to load resource: the server responded with a status of 500 (Internal Server Error) @ http://localhost:8080/api/thesportsdb?path=searchteams.php?t=Afghanistan:0
[  117463ms] [ERROR] Failed to load resource: the server responded with a status of 500 (Internal Server Error) @ http://localhost:8080/api/thesportsdb?path=searchteams.php?t=Afghanistan:0
[  118258ms] [ERROR] Failed to load resource: the server responded with a status of 500 (Internal Server Error) @ http://localhost:8080/api/thesportsdb?path=searchteams.php?t=Bills:0
[  118291ms] [ERROR] Failed to load resource: the server responded with a status of 500 (Internal Server Error) @ http://localhost:8080/api/thesportsdb?path=searchteams.php?t=Bills:0
[  119081ms] [ERROR] Failed to load resource: the server responded with a status of 500 (Internal Server Error) @ http://localhost:8080/api/thesportsdb?path=searchteams.php?t=Panthers:0
[  119116ms] [ERROR] Failed to load resource: the server responded with a status of 500 (Internal Server Error) @ http://localhost:8080/api/thesportsdb?path=searchteams.php?t=Panthers:0
[  119916ms] [ERROR] Failed to load resource: the server responded with a status of 500 (Internal Server Error) @ http://localhost:8080/api/thesportsdb?path=searchteams.php?t=Bears:0
[  119933ms] [ERROR] Failed to load resource: the server responded with a status of 500 (Internal Server Error) @ http://localhost:8080/api/thesportsdb?path=searchteams.php?t=Bears:0
[  120753ms] [ERROR] Failed to load resource: the server responded with a status of 500 (Internal Server Error) @ http://localhost:8080/api/thesportsdb?path=searchteams.php?t=Browns:0
[  120771ms] [ERROR] Failed to load resource: the server responded with a status of 500 (Internal Server Error) @ http://localhost:8080/api/thesportsdb?path=searchteams.php?t=Browns:0
[  121585ms] [ERROR] Failed to load resource: the server responded with a status of 500 (Internal Server Error) @ http://localhost:8080/api/thesportsdb?path=searchteams.php?t=Vikings:0
[  121605ms] [ERROR] Failed to load resource: the server responded with a status of 500 (Internal Server Error) @ http://localhost:8080/api/thesportsdb?path=searchteams.php?t=Vikings:0
[  122412ms] [ERROR] Failed to load resource: the server responded with a status of 500 (Internal Server Error) @ http://localhost:8080/api/thesportsdb?path=searchteams.php?t=Giants:0
[  122428ms] [ERROR] Failed to load resource: the server responded with a status of 500 (Internal Server Error) @ http://localhost:8080/api/thesportsdb?path=searchteams.php?t=Giants:0
[  123234ms] [ERROR] Failed to load resource: the server responded with a status of 500 (Internal Server Error) @ http://localhost:8080/api/thesportsdb?path=searchteams.php?t=Chiefs:0
[  123246ms] [ERROR] Failed to load resource: the server responded with a status of 500 (Internal Server Error) @ http://localhost:8080/api/thesportsdb?path=searchteams.php?t=Chiefs:0
[  124054ms] [ERROR] Failed to load resource: the server responded with a status of 500 (Internal Server Error) @ http://localhost:8080/api/thesportsdb?path=searchteams.php?t=Rams:0
[  124073ms] [ERROR] Failed to load resource: the server responded with a status of 500 (Internal Server Error) @ http://localhost:8080/api/thesportsdb?path=searchteams.php?t=Rams:0
[  124888ms] [ERROR] Failed to load resource: the server responded with a status of 500 (Internal Server Error) @ http://localhost:8080/api/thesportsdb?path=searchteams.php?t=Saints:0
[  124903ms] [ERROR] Failed to load resource: the server responded with a status of 500 (Internal Server Error) @ http://localhost:8080/api/thesportsdb?path=searchteams.php?t=Saints:0
[  125712ms] [ERROR] Failed to load resource: the server responded with a status of 500 (Internal Server Error) @ http://localhost:8080/api/thesportsdb?path=searchteams.php?t=Jaguars:0
[  125725ms] [ERROR] Failed to load resource: the server responded with a status of 500 (Internal Server Error) @ http://localhost:8080/api/thesportsdb?path=searchteams.php?t=Jaguars:0
[  126526ms] [ERROR] Failed to load resource: the server responded with a status of 500 (Internal Server Error) @ http://localhost:8080/api/thesportsdb?path=searchteams.php?t=Ravens:0
[  126542ms] [ERROR] Failed to load resource: the server responded with a status of 500 (Internal Server Error) @ http://localhost:8080/api/thesportsdb?path=searchteams.php?t=Ravens:0
[  127363ms] [ERROR] Failed to load resource: the server responded with a status of 500 (Internal Server Error) @ http://localhost:8080/api/thesportsdb?path=searchteams.php?t=Eagles:0
[  127376ms] [ERROR] Failed to load resource: the server responded with a status of 500 (Internal Server Error) @ http://localhost:8080/api/thesportsdb?path=searchteams.php?t=Eagles:0
[  128194ms] [ERROR] Failed to load resource: the server responded with a status of 500 (Internal Server Error) @ http://localhost:8080/api/thesportsdb?path=searchteams.php?t=Seahawks:0
[  128210ms] [ERROR] Failed to load resource: the server responded with a status of 500 (Internal Server Error) @ http://localhost:8080/api/thesportsdb?path=searchteams.php?t=Seahawks:0
[  135926ms] [LOG] 🚀 Live Streaming initialized @ http://localhost:8080/js/app.js?v=3:211
[  161539ms] Unexpected end of input
[  208182ms] [LOG] 🚫 Auto-fetch disabled — no match data @ http://localhost:8080/js/api.js?v=3:471
[  208213ms] [LOG] 🚫 Auto-fetch disabled — no match data @ http://localhost:8080/js/api.js?v=3:471
[  214686ms] [LOG] 🚀 Live Streaming initialized @ http://localhost:8080/js/app.js?v=3:211
[  231897ms] [ERROR] Failed to load resource: the server responded with a status of 500 (Internal Server Error) @ http://localhost:8080/api/thesportsdb?path=searchteams.php?t=Broncos:0
[  232650ms] [ERROR] Failed to load resource: the server responded with a status of 500 (Internal Server Error) @ http://localhost:8080/api/thesportsdb?path=searchteams.php?t=Bills:0
[  232723ms] [ERROR] Failed to load resource: the server responded with a status of 500 (Internal Server Error) @ http://localhost:8080/api/thesportsdb?path=searchteams.php?t=Packers:0
[  233472ms] [ERROR] Failed to load resource: the server responded with a status of 500 (Internal Server Error) @ http://localhost:8080/api/thesportsdb?path=searchteams.php?t=Colts:0
[  234301ms] [ERROR] Failed to load resource: the server responded with a status of 500 (Internal Server Error) @ http://localhost:8080/api/thesportsdb?path=searchteams.php?t=Falcons:0
[  235169ms] [ERROR] Failed to load resource: the server responded with a status of 500 (Internal Server Error) @ http://localhost:8080/api/thesportsdb?path=searchteams.php?t=Vikings:0
[  235996ms] [ERROR] Failed to load resource: the server responded with a status of 500 (Internal Server Error) @ http://localhost:8080/api/thesportsdb?path=searchteams.php?t=Ravens:0
[  236820ms] [ERROR] Failed to load resource: the server responded with a status of 500 (Internal Server Error) @ http://localhost:8080/api/thesportsdb?path=searchteams.php?t=Rams:0
[  237640ms] [ERROR] Failed to load resource: the server responded with a status of 500 (Internal Server Error) @ http://localhost:8080/api/thesportsdb?path=searchteams.php?t=Saints:0
[  238455ms] [ERROR] Failed to load resource: the server responded with a status of 500 (Internal Server Error) @ http://localhost:8080/api/thesportsdb?path=searchteams.php?t=Dolphins:0
[  239275ms] [ERROR] Failed to load resource: the server responded with a status of 500 (Internal Server Error) @ http://localhost:8080/api/thesportsdb?path=searchteams.php?t=Giants:0
[  240091ms] [ERROR] Failed to load resource: the server responded with a status of 500 (Internal Server Error) @ http://localhost:8080/api/thesportsdb?path=searchteams.php?t=Bengals:0
[  240914ms] [ERROR] Failed to load resource: the server responded with a status of 500 (Internal Server Error) @ http://localhost:8080/api/thesportsdb?path=searchteams.php?t=Bears:0
[  241759ms] [ERROR] Failed to load resource: the server responded with a status of 500 (Internal Server Error) @ http://localhost:8080/api/thesportsdb?path=searchteams.php?t=Patriots:0
[  242577ms] [ERROR] Failed to load resource: the server responded with a status of 500 (Internal Server Error) @ http://localhost:8080/api/thesportsdb?path=searchteams.php?t=Eagles:0
[  243394ms] [ERROR] Failed to load resource: the server responded with a status of 500 (Internal Server Error) @ http://localhost:8080/api/thesportsdb?path=searchteams.php?t=Buccaneers:0
[  244220ms] [ERROR] Failed to load resource: the server responded with a status of 500 (Internal Server Error) @ http://localhost:8080/api/thesportsdb?path=searchteams.php?t=Chiefs:0
[  245054ms] [ERROR] Failed to load resource: the server responded with a status of 500 (Internal Server Error) @ http://localhost:8080/api/thesportsdb?path=searchteams.php?t=Cardinals:0
[  246682ms] [ERROR] Failed to load resource: the server responded with a status of 500 (Internal Server Error) @ http://localhost:8080/api/thesportsdb?path=searchteams.php?t=Anthony%20Hernandez:0
[  247506ms] [ERROR] Failed to load resource: the server responded with a status of 500 (Internal Server Error) @ http://localhost:8080/api/thesportsdb?path=searchteams.php?t=Gregory%20Rodrigues:0
