[     103ms] [ERROR] Failed to load resource: the server responded with a status of 404 (Not Found) @ http://localhost:8080/images/logo.png:0
[     232ms] [LOG] 🚫 Auto-fetch disabled — no match data @ http://localhost:8080/js/api.js?v=3:389
[     235ms] [LOG] 🚀 Live Streaming initialized @ http://localhost:8080/js/app.js?v=3:175
[     276ms] [WARNING] <meta name="apple-mobile-web-app-capable" content="yes"> is deprecated. Please include <meta name="mobile-web-app-capable" content="yes"> @ http://localhost:8080/:0
[    3353ms] [ERROR] Failed to load resource: the server responded with a status of 404 (Not Found) @ http://localhost:8080/api/nfldata/games?season=2026&season_type=1:0
[    3658ms] [ERROR] Failed to load resource: the server responded with a status of 404 (Not Found) @ http://localhost:8080/api/nfldata/games?season=2026&season_type=1:0
[    3662ms] [ERROR] Failed to load resource: the server responded with a status of 404 (Not Found) @ http://localhost:8080/api/nfldata/games?season=2026&season_type=2:0
[    3675ms] [ERROR] Failed to load resource: the server responded with a status of 404 (Not Found) @ http://localhost:8080/api/nfldata/games?season=2026&season_type=1:0
[    3682ms] [ERROR] Failed to load resource: the server responded with a status of 404 (Not Found) @ http://localhost:8080/api/nfldata/games?season=2026&season_type=2:0
[    3696ms] [ERROR] Failed to load resource: the server responded with a status of 404 (Not Found) @ http://localhost:8080/api/nfldata/games?season=2026&season_type=3:0
[    3706ms] [ERROR] Failed to load resource: the server responded with a status of 404 (Not Found) @ http://localhost:8080/api/nfldata/games?season=2026&season_type=2:0
[    3708ms] [ERROR] Access to fetch at 'https://www.thesportsdb.com/api/v1/json/3/eventsseason.php?id=4443' from origin 'http://localhost:8080' has been blocked by CORS policy: No 'Access-Control-Allow-Origin' header is present on the requested resource. @ http://localhost:8080/:0
[    3708ms] [ERROR] Failed to load resource: net::ERR_FAILED @ https://www.thesportsdb.com/api/v1/json/3/eventsseason.php?id=4443:0
[    3708ms] [LOG] ℹ️ TheSportsDB ufc: Failed to fetch @ http://localhost:8080/js/api.js?v=3:645
[    3725ms] [ERROR] Failed to load resource: the server responded with a status of 404 (Not Found) @ http://localhost:8080/api/nfldata/games?season=2026&season_type=3:0
[    3739ms] [ERROR] Access to fetch at 'https://www.thesportsdb.com/api/v1/json/3/eventsseason.php?id=4443' from origin 'http://localhost:8080' has been blocked by CORS policy: No 'Access-Control-Allow-Origin' header is present on the requested resource. @ http://localhost:8080/:0
[    3739ms] [ERROR] Failed to load resource: net::ERR_FAILED @ https://www.thesportsdb.com/api/v1/json/3/eventsseason.php?id=4443:0
[    3739ms] [LOG] ℹ️ TheSportsDB ufc: Failed to fetch @ http://localhost:8080/js/api.js?v=3:645
[    4016ms] [ERROR] Failed to load resource: the server responded with a status of 404 (Not Found) @ http://localhost:8080/api/nfldata/games?season=2026&season_type=3:0
[    4032ms] [ERROR] Access to fetch at 'https://www.thesportsdb.com/api/v1/json/3/eventsseason.php?id=4443' from origin 'http://localhost:8080' has been blocked by CORS policy: No 'Access-Control-Allow-Origin' header is present on the requested resource. @ http://localhost:8080/:0
[    4032ms] [ERROR] Failed to load resource: net::ERR_FAILED @ https://www.thesportsdb.com/api/v1/json/3/eventsseason.php?id=4443:0
[    4032ms] [LOG] ℹ️ TheSportsDB ufc: Failed to fetch @ http://localhost:8080/js/api.js?v=3:645
[    6826ms] [ERROR] Failed to load resource: the server responded with a status of 404 (Not Found) @ http://localhost:8080/api/nfldata/games?season=2026&season_type=1:0
[    7114ms] [ERROR] Failed to load resource: the server responded with a status of 404 (Not Found) @ http://localhost:8080/api/nfldata/games?season=2026&season_type=1:0
[    7124ms] [ERROR] Failed to load resource: the server responded with a status of 404 (Not Found) @ http://localhost:8080/api/nfldata/games?season=2026&season_type=2:0
[    7132ms] [ERROR] Failed to load resource: the server responded with a status of 404 (Not Found) @ http://localhost:8080/api/nfldata/games?season=2026&season_type=1:0
[    7135ms] [ERROR] Failed to load resource: the server responded with a status of 404 (Not Found) @ http://localhost:8080/api/nfldata/games?season=2026&season_type=2:0
[    7142ms] [ERROR] Failed to load resource: the server responded with a status of 404 (Not Found) @ http://localhost:8080/api/nfldata/games?season=2026&season_type=3:0
[    7147ms] [ERROR] Failed to load resource: the server responded with a status of 404 (Not Found) @ http://localhost:8080/api/nfldata/games?season=2026&season_type=2:0
[    7151ms] [ERROR] Failed to load resource: the server responded with a status of 404 (Not Found) @ http://localhost:8080/api/nfldata/games?season=2026&season_type=3:0
[    7155ms] [ERROR] Access to fetch at 'https://www.thesportsdb.com/api/v1/json/3/eventsseason.php?id=4443' from origin 'http://localhost:8080' has been blocked by CORS policy: No 'Access-Control-Allow-Origin' header is present on the requested resource. @ http://localhost:8080/:0
[    7155ms] [ERROR] Failed to load resource: net::ERR_FAILED @ https://www.thesportsdb.com/api/v1/json/3/eventsseason.php?id=4443:0
[    7156ms] [LOG] ℹ️ TheSportsDB ufc: Failed to fetch @ http://localhost:8080/js/api.js?v=3:645
[    7161ms] [ERROR] Failed to load resource: the server responded with a status of 404 (Not Found) @ http://localhost:8080/api/nfldata/games?season=2026&season_type=3:0
[    7168ms] [ERROR] Access to fetch at 'https://www.thesportsdb.com/api/v1/json/3/eventsseason.php?id=4443' from origin 'http://localhost:8080' has been blocked by CORS policy: No 'Access-Control-Allow-Origin' header is present on the requested resource. @ http://localhost:8080/:0
[    7168ms] [ERROR] Failed to load resource: net::ERR_FAILED @ https://www.thesportsdb.com/api/v1/json/3/eventsseason.php?id=4443:0
[    7168ms] [LOG] ℹ️ TheSportsDB ufc: Failed to fetch @ http://localhost:8080/js/api.js?v=3:645
[    7176ms] [ERROR] Access to fetch at 'https://www.thesportsdb.com/api/v1/json/3/eventsseason.php?id=4443' from origin 'http://localhost:8080' has been blocked by CORS policy: No 'Access-Control-Allow-Origin' header is present on the requested resource. @ http://localhost:8080/:0
[    7176ms] [ERROR] Failed to load resource: net::ERR_FAILED @ https://www.thesportsdb.com/api/v1/json/3/eventsseason.php?id=4443:0
[    7176ms] [LOG] ℹ️ TheSportsDB ufc: Failed to fetch @ http://localhost:8080/js/api.js?v=3:645
[   10232ms] [ERROR] Failed to load resource: the server responded with a status of 404 (Not Found) @ http://localhost:8080/api/nfldata/games?season=2026&season_type=1:0
[   10533ms] [ERROR] Failed to load resource: the server responded with a status of 404 (Not Found) @ http://localhost:8080/api/nfldata/games?season=2026&season_type=1:0
[   10583ms] [ERROR] Failed to load resource: the server responded with a status of 404 (Not Found) @ http://localhost:8080/api/nfldata/games?season=2026&season_type=2:0
[   10590ms] [ERROR] Failed to load resource: the server responded with a status of 404 (Not Found) @ http://localhost:8080/api/nfldata/games?season=2026&season_type=1:0
[   10602ms] [ERROR] Failed to load resource: the server responded with a status of 404 (Not Found) @ http://localhost:8080/api/nfldata/games?season=2026&season_type=2:0
[   10617ms] [ERROR] Failed to load resource: the server responded with a status of 404 (Not Found) @ http://localhost:8080/api/nfldata/games?season=2026&season_type=3:0
[   10630ms] [ERROR] Access to fetch at 'https://www.thesportsdb.com/api/v1/json/3/eventsseason.php?id=4443' from origin 'http://localhost:8080' has been blocked by CORS policy: No 'Access-Control-Allow-Origin' header is present on the requested resource. @ http://localhost:8080/:0
[   10631ms] [ERROR] Failed to load resource: net::ERR_FAILED @ https://www.thesportsdb.com/api/v1/json/3/eventsseason.php?id=4443:0
[   10631ms] [LOG] ℹ️ TheSportsDB ufc: Failed to fetch @ http://localhost:8080/js/api.js?v=3:645
[   10636ms] [ERROR] Failed to load resource: the server responded with a status of 404 (Not Found) @ http://localhost:8080/api/nfldata/games?season=2026&season_type=2:0
[   10654ms] [ERROR] Failed to load resource: the server responded with a status of 404 (Not Found) @ http://localhost:8080/api/nfldata/games?season=2026&season_type=3:0
[   10665ms] [ERROR] Access to fetch at 'https://www.thesportsdb.com/api/v1/json/3/eventsseason.php?id=4443' from origin 'http://localhost:8080' has been blocked by CORS policy: No 'Access-Control-Allow-Origin' header is present on the requested resource. @ http://localhost:8080/:0
[   10665ms] [ERROR] Failed to load resource: net::ERR_FAILED @ https://www.thesportsdb.com/api/v1/json/3/eventsseason.php?id=4443:0
[   10665ms] [LOG] ℹ️ TheSportsDB ufc: Failed to fetch @ http://localhost:8080/js/api.js?v=3:645
[   10940ms] [ERROR] Failed to load resource: the server responded with a status of 404 (Not Found) @ http://localhost:8080/api/nfldata/games?season=2026&season_type=3:0
[   10955ms] [ERROR] Access to fetch at 'https://www.thesportsdb.com/api/v1/json/3/eventsseason.php?id=4443' from origin 'http://localhost:8080' has been blocked by CORS policy: No 'Access-Control-Allow-Origin' header is present on the requested resource. @ http://localhost:8080/:0
[   10955ms] [ERROR] Failed to load resource: net::ERR_FAILED @ https://www.thesportsdb.com/api/v1/json/3/eventsseason.php?id=4443:0
[   10956ms] [LOG] ℹ️ TheSportsDB ufc: Failed to fetch @ http://localhost:8080/js/api.js?v=3:645
[   13724ms] [ERROR] Failed to load resource: the server responded with a status of 404 (Not Found) @ http://localhost:8080/api/nfldata/games?season=2026&season_type=1:0
[   13999ms] [ERROR] Failed to load resource: the server responded with a status of 404 (Not Found) @ http://localhost:8080/api/nfldata/games?season=2026&season_type=1:0
[   14004ms] [ERROR] Failed to load resource: the server responded with a status of 404 (Not Found) @ http://localhost:8080/api/nfldata/games?season=2026&season_type=2:0
[   14008ms] [ERROR] Failed to load resource: the server responded with a status of 404 (Not Found) @ http://localhost:8080/api/nfldata/games?season=2026&season_type=1:0
[   14015ms] [ERROR] Failed to load resource: the server responded with a status of 404 (Not Found) @ http://localhost:8080/api/nfldata/games?season=2026&season_type=2:0
[   14022ms] [ERROR] Failed to load resource: the server responded with a status of 404 (Not Found) @ http://localhost:8080/api/nfldata/games?season=2026&season_type=3:0
[   14026ms] [ERROR] Failed to load resource: the server responded with a status of 404 (Not Found) @ http://localhost:8080/api/nfldata/games?season=2026&season_type=2:0
[   14033ms] [ERROR] Access to fetch at 'https://www.thesportsdb.com/api/v1/json/3/eventsseason.php?id=4443' from origin 'http://localhost:8080' has been blocked by CORS policy: No 'Access-Control-Allow-Origin' header is present on the requested resource. @ http://localhost:8080/:0
[   14033ms] [ERROR] Failed to load resource: net::ERR_FAILED @ https://www.thesportsdb.com/api/v1/json/3/eventsseason.php?id=4443:0
[   14033ms] [LOG] ℹ️ TheSportsDB ufc: Failed to fetch @ http://localhost:8080/js/api.js?v=3:645
[   14036ms] [ERROR] Failed to load resource: the server responded with a status of 404 (Not Found) @ http://localhost:8080/api/nfldata/games?season=2026&season_type=3:0
[   14049ms] [ERROR] Access to fetch at 'https://www.thesportsdb.com/api/v1/json/3/eventsseason.php?id=4443' from origin 'http://localhost:8080' has been blocked by CORS policy: No 'Access-Control-Allow-Origin' header is present on the requested resource. @ http://localhost:8080/:0
[   14049ms] [ERROR] Failed to load resource: net::ERR_FAILED @ https://www.thesportsdb.com/api/v1/json/3/eventsseason.php?id=4443:0
[   14049ms] [LOG] ℹ️ TheSportsDB ufc: Failed to fetch @ http://localhost:8080/js/api.js?v=3:645
[   14324ms] [ERROR] Failed to load resource: the server responded with a status of 404 (Not Found) @ http://localhost:8080/api/nfldata/games?season=2026&season_type=3:0
[   14333ms] [ERROR] Access to fetch at 'https://www.thesportsdb.com/api/v1/json/3/eventsseason.php?id=4443' from origin 'http://localhost:8080' has been blocked by CORS policy: No 'Access-Control-Allow-Origin' header is present on the requested resource. @ http://localhost:8080/:0
[   14333ms] [ERROR] Failed to load resource: net::ERR_FAILED @ https://www.thesportsdb.com/api/v1/json/3/eventsseason.php?id=4443:0
[   14333ms] [LOG] ℹ️ TheSportsDB ufc: Failed to fetch @ http://localhost:8080/js/api.js?v=3:645
[   17112ms] [ERROR] Failed to load resource: the server responded with a status of 404 (Not Found) @ http://localhost:8080/api/nfldata/games?season=2026&season_type=1:0
[   17394ms] [ERROR] Failed to load resource: the server responded with a status of 404 (Not Found) @ http://localhost:8080/api/nfldata/games?season=2026&season_type=1:0
[   17397ms] [ERROR] Failed to load resource: the server responded with a status of 404 (Not Found) @ http://localhost:8080/api/nfldata/games?season=2026&season_type=2:0
[   17405ms] [ERROR] Failed to load resource: the server responded with a status of 404 (Not Found) @ http://localhost:8080/api/nfldata/games?season=2026&season_type=1:0
[   17408ms] [ERROR] Failed to load resource: the server responded with a status of 404 (Not Found) @ http://localhost:8080/api/nfldata/games?season=2026&season_type=2:0
[   17412ms] [ERROR] Failed to load resource: the server responded with a status of 404 (Not Found) @ http://localhost:8080/api/nfldata/games?season=2026&season_type=3:0
[   17418ms] [ERROR] Failed to load resource: the server responded with a status of 404 (Not Found) @ http://localhost:8080/api/nfldata/games?season=2026&season_type=2:0
[   17423ms] [ERROR] Failed to load resource: the server responded with a status of 404 (Not Found) @ http://localhost:8080/api/nfldata/games?season=2026&season_type=3:0
[   17425ms] [ERROR] Access to fetch at 'https://www.thesportsdb.com/api/v1/json/3/eventsseason.php?id=4443' from origin 'http://localhost:8080' has been blocked by CORS policy: No 'Access-Control-Allow-Origin' header is present on the requested resource. @ http://localhost:8080/:0
[   17425ms] [ERROR] Failed to load resource: net::ERR_FAILED @ https://www.thesportsdb.com/api/v1/json/3/eventsseason.php?id=4443:0
[   17425ms] [LOG] ℹ️ TheSportsDB ufc: Failed to fetch @ http://localhost:8080/js/api.js?v=3:645
[   17431ms] [ERROR] Failed to load resource: the server responded with a status of 404 (Not Found) @ http://localhost:8080/api/nfldata/games?season=2026&season_type=3:0
[   17436ms] [ERROR] Access to fetch at 'https://www.thesportsdb.com/api/v1/json/3/eventsseason.php?id=4443' from origin 'http://localhost:8080' has been blocked by CORS policy: No 'Access-Control-Allow-Origin' header is present on the requested resource. @ http://localhost:8080/:0
[   17436ms] [ERROR] Failed to load resource: net::ERR_FAILED @ https://www.thesportsdb.com/api/v1/json/3/eventsseason.php?id=4443:0
[   17436ms] [LOG] ℹ️ TheSportsDB ufc: Failed to fetch @ http://localhost:8080/js/api.js?v=3:645
[   17446ms] [ERROR] Access to fetch at 'https://www.thesportsdb.com/api/v1/json/3/eventsseason.php?id=4443' from origin 'http://localhost:8080' has been blocked by CORS policy: No 'Access-Control-Allow-Origin' header is present on the requested resource. @ http://localhost:8080/:0
[   17446ms] [ERROR] Failed to load resource: net::ERR_FAILED @ https://www.thesportsdb.com/api/v1/json/3/eventsseason.php?id=4443:0
[   17446ms] [LOG] ℹ️ TheSportsDB ufc: Failed to fetch @ http://localhost:8080/js/api.js?v=3:645
[   20498ms] [ERROR] Failed to load resource: the server responded with a status of 404 (Not Found) @ http://localhost:8080/api/nfldata/games?season=2026&season_type=1:0
[   20787ms] [ERROR] Failed to load resource: the server responded with a status of 404 (Not Found) @ http://localhost:8080/api/nfldata/games?season=2026&season_type=1:0
[   20795ms] [ERROR] Failed to load resource: the server responded with a status of 404 (Not Found) @ http://localhost:8080/api/nfldata/games?season=2026&season_type=2:0
[   20800ms] [ERROR] Failed to load resource: the server responded with a status of 404 (Not Found) @ http://localhost:8080/api/nfldata/games?season=2026&season_type=1:0
[   20807ms] [ERROR] Failed to load resource: the server responded with a status of 404 (Not Found) @ http://localhost:8080/api/nfldata/games?season=2026&season_type=2:0
[   20811ms] [ERROR] Failed to load resource: the server responded with a status of 404 (Not Found) @ http://localhost:8080/api/nfldata/games?season=2026&season_type=3:0
[   20815ms] [ERROR] Failed to load resource: the server responded with a status of 404 (Not Found) @ http://localhost:8080/api/nfldata/games?season=2026&season_type=2:0
[   20818ms] [ERROR] Failed to load resource: the server responded with a status of 404 (Not Found) @ http://localhost:8080/api/nfldata/games?season=2026&season_type=3:0
[   20824ms] [ERROR] Access to fetch at 'https://www.thesportsdb.com/api/v1/json/3/eventsseason.php?id=4443' from origin 'http://localhost:8080' has been blocked by CORS policy: No 'Access-Control-Allow-Origin' header is present on the requested resource. @ http://localhost:8080/:0
[   20824ms] [ERROR] Failed to load resource: net::ERR_FAILED @ https://www.thesportsdb.com/api/v1/json/3/eventsseason.php?id=4443:0
[   20824ms] [LOG] ℹ️ TheSportsDB ufc: Failed to fetch @ http://localhost:8080/js/api.js?v=3:645
[   20828ms] [ERROR] Failed to load resource: the server responded with a status of 404 (Not Found) @ http://localhost:8080/api/nfldata/games?season=2026&season_type=3:0
[   20834ms] [ERROR] Access to fetch at 'https://www.thesportsdb.com/api/v1/json/3/eventsseason.php?id=4443' from origin 'http://localhost:8080' has been blocked by CORS policy: No 'Access-Control-Allow-Origin' header is present on the requested resource. @ http://localhost:8080/:0
[   20834ms] [ERROR] Failed to load resource: net::ERR_FAILED @ https://www.thesportsdb.com/api/v1/json/3/eventsseason.php?id=4443:0
[   20834ms] [LOG] ℹ️ TheSportsDB ufc: Failed to fetch @ http://localhost:8080/js/api.js?v=3:645
[   20842ms] [ERROR] Access to fetch at 'https://www.thesportsdb.com/api/v1/json/3/eventsseason.php?id=4443' from origin 'http://localhost:8080' has been blocked by CORS policy: No 'Access-Control-Allow-Origin' header is present on the requested resource. @ http://localhost:8080/:0
[   20842ms] [ERROR] Failed to load resource: net::ERR_FAILED @ https://www.thesportsdb.com/api/v1/json/3/eventsseason.php?id=4443:0
[   20842ms] [LOG] ℹ️ TheSportsDB ufc: Failed to fetch @ http://localhost:8080/js/api.js?v=3:645
[   23914ms] [ERROR] Failed to load resource: the server responded with a status of 404 (Not Found) @ http://localhost:8080/api/nfldata/games?season=2026&season_type=1:0
[   24218ms] [ERROR] Failed to load resource: the server responded with a status of 404 (Not Found) @ http://localhost:8080/api/nfldata/games?season=2026&season_type=1:0
[   24222ms] [ERROR] Failed to load resource: the server responded with a status of 404 (Not Found) @ http://localhost:8080/api/nfldata/games?season=2026&season_type=2:0
[   24238ms] [ERROR] Failed to load resource: the server responded with a status of 404 (Not Found) @ http://localhost:8080/api/nfldata/games?season=2026&season_type=1:0
[   24267ms] [ERROR] Failed to load resource: the server responded with a status of 404 (Not Found) @ http://localhost:8080/api/nfldata/games?season=2026&season_type=2:0
[   24301ms] [ERROR] Failed to load resource: the server responded with a status of 404 (Not Found) @ http://localhost:8080/api/nfldata/games?season=2026&season_type=3:0
[   24315ms] [ERROR] Access to fetch at 'https://www.thesportsdb.com/api/v1/json/3/eventsseason.php?id=4443' from origin 'http://localhost:8080' has been blocked by CORS policy: No 'Access-Control-Allow-Origin' header is present on the requested resource. @ http://localhost:8080/:0
[   24315ms] [ERROR] Failed to load resource: net::ERR_FAILED @ https://www.thesportsdb.com/api/v1/json/3/eventsseason.php?id=4443:0
[   24315ms] [LOG] ℹ️ TheSportsDB ufc: Failed to fetch @ http://localhost:8080/js/api.js?v=3:645
[   24333ms] [ERROR] Failed to load resource: the server responded with a status of 404 (Not Found) @ http://localhost:8080/api/nfldata/games?season=2026&season_type=2:0
[   24354ms] [ERROR] Failed to load resource: the server responded with a status of 404 (Not Found) @ http://localhost:8080/api/nfldata/games?season=2026&season_type=3:0
[   24369ms] [ERROR] Access to fetch at 'https://www.thesportsdb.com/api/v1/json/3/eventsseason.php?id=4443' from origin 'http://localhost:8080' has been blocked by CORS policy: No 'Access-Control-Allow-Origin' header is present on the requested resource. @ http://localhost:8080/:0
[   24369ms] [ERROR] Failed to load resource: net::ERR_FAILED @ https://www.thesportsdb.com/api/v1/json/3/eventsseason.php?id=4443:0
[   24369ms] [LOG] ℹ️ TheSportsDB ufc: Failed to fetch @ http://localhost:8080/js/api.js?v=3:645
[   24676ms] [ERROR] Failed to load resource: the server responded with a status of 404 (Not Found) @ http://localhost:8080/api/nfldata/games?season=2026&season_type=3:0
[   24688ms] [ERROR] Access to fetch at 'https://www.thesportsdb.com/api/v1/json/3/eventsseason.php?id=4443' from origin 'http://localhost:8080' has been blocked by CORS policy: No 'Access-Control-Allow-Origin' header is present on the requested resource. @ http://localhost:8080/:0
[   24688ms] [ERROR] Failed to load resource: net::ERR_FAILED @ https://www.thesportsdb.com/api/v1/json/3/eventsseason.php?id=4443:0
[   24688ms] [LOG] ℹ️ TheSportsDB ufc: Failed to fetch @ http://localhost:8080/js/api.js?v=3:645
[   27421ms] [ERROR] Failed to load resource: the server responded with a status of 404 (Not Found) @ http://localhost:8080/api/nfldata/games?season=2026&season_type=1:0
[   27703ms] [ERROR] Failed to load resource: the server responded with a status of 404 (Not Found) @ http://localhost:8080/api/nfldata/games?season=2026&season_type=1:0
[   27707ms] [ERROR] Failed to load resource: the server responded with a status of 404 (Not Found) @ http://localhost:8080/api/nfldata/games?season=2026&season_type=2:0
[   27716ms] [ERROR] Failed to load resource: the server responded with a status of 404 (Not Found) @ http://localhost:8080/api/nfldata/games?season=2026&season_type=1:0
[   27722ms] [ERROR] Failed to load resource: the server responded with a status of 404 (Not Found) @ http://localhost:8080/api/nfldata/games?season=2026&season_type=2:0
[   27726ms] [ERROR] Failed to load resource: the server responded with a status of 404 (Not Found) @ http://localhost:8080/api/nfldata/games?season=2026&season_type=3:0
[   27737ms] [ERROR] Failed to load resource: the server responded with a status of 404 (Not Found) @ http://localhost:8080/api/nfldata/games?season=2026&season_type=2:0
[   27741ms] [ERROR] Failed to load resource: the server responded with a status of 404 (Not Found) @ http://localhost:8080/api/nfldata/games?season=2026&season_type=3:0
[   27748ms] [ERROR] Access to fetch at 'https://www.thesportsdb.com/api/v1/json/3/eventsseason.php?id=4443' from origin 'http://localhost:8080' has been blocked by CORS policy: No 'Access-Control-Allow-Origin' header is present on the requested resource. @ http://localhost:8080/:0
[   27748ms] [ERROR] Failed to load resource: net::ERR_FAILED @ https://www.thesportsdb.com/api/v1/json/3/eventsseason.php?id=4443:0
[   27748ms] [LOG] ℹ️ TheSportsDB ufc: Failed to fetch @ http://localhost:8080/js/api.js?v=3:645
[   27754ms] [ERROR] Failed to load resource: the server responded with a status of 404 (Not Found) @ http://localhost:8080/api/nfldata/games?season=2026&season_type=3:0
[   27758ms] [ERROR] Access to fetch at 'https://www.thesportsdb.com/api/v1/json/3/eventsseason.php?id=4443' from origin 'http://localhost:8080' has been blocked by CORS policy: No 'Access-Control-Allow-Origin' header is present on the requested resource. @ http://localhost:8080/:0
[   27758ms] [ERROR] Failed to load resource: net::ERR_FAILED @ https://www.thesportsdb.com/api/v1/json/3/eventsseason.php?id=4443:0
[   27758ms] [LOG] ℹ️ TheSportsDB ufc: Failed to fetch @ http://localhost:8080/js/api.js?v=3:645
[   27768ms] [ERROR] Access to fetch at 'https://www.thesportsdb.com/api/v1/json/3/eventsseason.php?id=4443' from origin 'http://localhost:8080' has been blocked by CORS policy: No 'Access-Control-Allow-Origin' header is present on the requested resource. @ http://localhost:8080/:0
[   27768ms] [ERROR] Failed to load resource: net::ERR_FAILED @ https://www.thesportsdb.com/api/v1/json/3/eventsseason.php?id=4443:0
[   27768ms] [LOG] ℹ️ TheSportsDB ufc: Failed to fetch @ http://localhost:8080/js/api.js?v=3:645
[   30838ms] [ERROR] Failed to load resource: the server responded with a status of 404 (Not Found) @ http://localhost:8080/api/nfldata/games?season=2026&season_type=1:0
[   31132ms] [ERROR] Failed to load resource: the server responded with a status of 404 (Not Found) @ http://localhost:8080/api/nfldata/games?season=2026&season_type=1:0
[   31139ms] [ERROR] Failed to load resource: the server responded with a status of 404 (Not Found) @ http://localhost:8080/api/nfldata/games?season=2026&season_type=2:0
[   31144ms] [ERROR] Failed to load resource: the server responded with a status of 404 (Not Found) @ http://localhost:8080/api/nfldata/games?season=2026&season_type=1:0
[   31146ms] [ERROR] Failed to load resource: the server responded with a status of 404 (Not Found) @ http://localhost:8080/api/nfldata/games?season=2026&season_type=2:0
[   31155ms] [ERROR] Failed to load resource: the server responded with a status of 404 (Not Found) @ http://localhost:8080/api/nfldata/games?season=2026&season_type=3:0
[   31158ms] [ERROR] Failed to load resource: the server responded with a status of 404 (Not Found) @ http://localhost:8080/api/nfldata/games?season=2026&season_type=2:0
[   31162ms] [ERROR] Failed to load resource: the server responded with a status of 404 (Not Found) @ http://localhost:8080/api/nfldata/games?season=2026&season_type=3:0
[   31167ms] [ERROR] Access to fetch at 'https://www.thesportsdb.com/api/v1/json/3/eventsseason.php?id=4443' from origin 'http://localhost:8080' has been blocked by CORS policy: No 'Access-Control-Allow-Origin' header is present on the requested resource. @ http://localhost:8080/:0
[   31168ms] [ERROR] Failed to load resource: net::ERR_FAILED @ https://www.thesportsdb.com/api/v1/json/3/eventsseason.php?id=4443:0
[   31168ms] [LOG] ℹ️ TheSportsDB ufc: Failed to fetch @ http://localhost:8080/js/api.js?v=3:645
[   31171ms] [ERROR] Failed to load resource: the server responded with a status of 404 (Not Found) @ http://localhost:8080/api/nfldata/games?season=2026&season_type=3:0
[   31177ms] [ERROR] Access to fetch at 'https://www.thesportsdb.com/api/v1/json/3/eventsseason.php?id=4443' from origin 'http://localhost:8080' has been blocked by CORS policy: No 'Access-Control-Allow-Origin' header is present on the requested resource. @ http://localhost:8080/:0
[   31177ms] [ERROR] Failed to load resource: net::ERR_FAILED @ https://www.thesportsdb.com/api/v1/json/3/eventsseason.php?id=4443:0
[   31177ms] [LOG] ℹ️ TheSportsDB ufc: Failed to fetch @ http://localhost:8080/js/api.js?v=3:645
[   31185ms] [ERROR] Access to fetch at 'https://www.thesportsdb.com/api/v1/json/3/eventsseason.php?id=4443' from origin 'http://localhost:8080' has been blocked by CORS policy: No 'Access-Control-Allow-Origin' header is present on the requested resource. @ http://localhost:8080/:0
[   31186ms] [ERROR] Failed to load resource: net::ERR_FAILED @ https://www.thesportsdb.com/api/v1/json/3/eventsseason.php?id=4443:0
[   31186ms] [LOG] ℹ️ TheSportsDB ufc: Failed to fetch @ http://localhost:8080/js/api.js?v=3:645
[   34286ms] [ERROR] Failed to load resource: the server responded with a status of 404 (Not Found) @ http://localhost:8080/api/nfldata/games?season=2026&season_type=1:0
[   34570ms] [ERROR] Failed to load resource: the server responded with a status of 404 (Not Found) @ http://localhost:8080/api/nfldata/games?season=2026&season_type=1:0
[   34576ms] [ERROR] Failed to load resource: the server responded with a status of 404 (Not Found) @ http://localhost:8080/api/nfldata/games?season=2026&season_type=2:0
[   34580ms] [ERROR] Failed to load resource: the server responded with a status of 404 (Not Found) @ http://localhost:8080/api/nfldata/games?season=2026&season_type=1:0
[   34588ms] [ERROR] Failed to load resource: the server responded with a status of 404 (Not Found) @ http://localhost:8080/api/nfldata/games?season=2026&season_type=2:0
[   34596ms] [ERROR] Failed to load resource: the server responded with a status of 404 (Not Found) @ http://localhost:8080/api/nfldata/games?season=2026&season_type=3:0
[   34608ms] [ERROR] Access to fetch at 'https://www.thesportsdb.com/api/v1/json/3/eventsseason.php?id=4443' from origin 'http://localhost:8080' has been blocked by CORS policy: No 'Access-Control-Allow-Origin' header is present on the requested resource. @ http://localhost:8080/:0
[   34608ms] [ERROR] Failed to load resource: net::ERR_FAILED @ https://www.thesportsdb.com/api/v1/json/3/eventsseason.php?id=4443:0
[   34608ms] [LOG] ℹ️ TheSportsDB ufc: Failed to fetch @ http://localhost:8080/js/api.js?v=3:645
[   34627ms] [ERROR] Failed to load resource: the server responded with a status of 404 (Not Found) @ http://localhost:8080/api/nfldata/games?season=2026&season_type=2:0
[   34641ms] [ERROR] Failed to load resource: the server responded with a status of 404 (Not Found) @ http://localhost:8080/api/nfldata/games?season=2026&season_type=3:0
[   34655ms] [ERROR] Access to fetch at 'https://www.thesportsdb.com/api/v1/json/3/eventsseason.php?id=4443' from origin 'http://localhost:8080' has been blocked by CORS policy: No 'Access-Control-Allow-Origin' header is present on the requested resource. @ http://localhost:8080/:0
[   34656ms] [ERROR] Failed to load resource: net::ERR_FAILED @ https://www.thesportsdb.com/api/v1/json/3/eventsseason.php?id=4443:0
[   34656ms] [LOG] ℹ️ TheSportsDB ufc: Failed to fetch @ http://localhost:8080/js/api.js?v=3:645
[   34928ms] [ERROR] Failed to load resource: the server responded with a status of 404 (Not Found) @ http://localhost:8080/api/nfldata/games?season=2026&season_type=3:0
[   34939ms] [ERROR] Access to fetch at 'https://www.thesportsdb.com/api/v1/json/3/eventsseason.php?id=4443' from origin 'http://localhost:8080' has been blocked by CORS policy: No 'Access-Control-Allow-Origin' header is present on the requested resource. @ http://localhost:8080/:0
[   34939ms] [ERROR] Failed to load resource: net::ERR_FAILED @ https://www.thesportsdb.com/api/v1/json/3/eventsseason.php?id=4443:0
[   34939ms] [LOG] ℹ️ TheSportsDB ufc: Failed to fetch @ http://localhost:8080/js/api.js?v=3:645
[   37716ms] [ERROR] Failed to load resource: the server responded with a status of 404 (Not Found) @ http://localhost:8080/api/nfldata/games?season=2026&season_type=1:0
[   37995ms] [ERROR] Failed to load resource: the server responded with a status of 404 (Not Found) @ http://localhost:8080/api/nfldata/games?season=2026&season_type=1:0
[   37999ms] [ERROR] Failed to load resource: the server responded with a status of 404 (Not Found) @ http://localhost:8080/api/nfldata/games?season=2026&season_type=2:0
[   38003ms] [ERROR] Failed to load resource: the server responded with a status of 404 (Not Found) @ http://localhost:8080/api/nfldata/games?season=2026&season_type=1:0
[   38011ms] [ERROR] Failed to load resource: the server responded with a status of 404 (Not Found) @ http://localhost:8080/api/nfldata/games?season=2026&season_type=2:0
[   38015ms] [ERROR] Failed to load resource: the server responded with a status of 404 (Not Found) @ http://localhost:8080/api/nfldata/games?season=2026&season_type=3:0
[   38019ms] [ERROR] Failed to load resource: the server responded with a status of 404 (Not Found) @ http://localhost:8080/api/nfldata/games?season=2026&season_type=2:0
[   38026ms] [ERROR] Access to fetch at 'https://www.thesportsdb.com/api/v1/json/3/eventsseason.php?id=4443' from origin 'http://localhost:8080' has been blocked by CORS policy: No 'Access-Control-Allow-Origin' header is present on the requested resource. @ http://localhost:8080/:0
[   38026ms] [ERROR] Failed to load resource: net::ERR_FAILED @ https://www.thesportsdb.com/api/v1/json/3/eventsseason.php?id=4443:0
[   38026ms] [LOG] ℹ️ TheSportsDB ufc: Failed to fetch @ http://localhost:8080/js/api.js?v=3:645
[   38030ms] [ERROR] Failed to load resource: the server responded with a status of 404 (Not Found) @ http://localhost:8080/api/nfldata/games?season=2026&season_type=3:0
[   38041ms] [ERROR] Access to fetch at 'https://www.thesportsdb.com/api/v1/json/3/eventsseason.php?id=4443' from origin 'http://localhost:8080' has been blocked by CORS policy: No 'Access-Control-Allow-Origin' header is present on the requested resource. @ http://localhost:8080/:0
[   38042ms] [ERROR] Failed to load resource: net::ERR_FAILED @ https://www.thesportsdb.com/api/v1/json/3/eventsseason.php?id=4443:0
[   38042ms] [LOG] ℹ️ TheSportsDB ufc: Failed to fetch @ http://localhost:8080/js/api.js?v=3:645
[   38318ms] [ERROR] Failed to load resource: the server responded with a status of 404 (Not Found) @ http://localhost:8080/api/nfldata/games?season=2026&season_type=3:0
[   38330ms] [ERROR] Access to fetch at 'https://www.thesportsdb.com/api/v1/json/3/eventsseason.php?id=4443' from origin 'http://localhost:8080' has been blocked by CORS policy: No 'Access-Control-Allow-Origin' header is present on the requested resource. @ http://localhost:8080/:0
[   38330ms] [ERROR] Failed to load resource: net::ERR_FAILED @ https://www.thesportsdb.com/api/v1/json/3/eventsseason.php?id=4443:0
[   38330ms] [LOG] ℹ️ TheSportsDB ufc: Failed to fetch @ http://localhost:8080/js/api.js?v=3:645
[   41073ms] [ERROR] Failed to load resource: the server responded with a status of 404 (Not Found) @ http://localhost:8080/api/nfldata/games?season=2026&season_type=1:0
[   41364ms] [ERROR] Failed to load resource: the server responded with a status of 404 (Not Found) @ http://localhost:8080/api/nfldata/games?season=2026&season_type=1:0
[   41369ms] [ERROR] Failed to load resource: the server responded with a status of 404 (Not Found) @ http://localhost:8080/api/nfldata/games?season=2026&season_type=2:0
[   41372ms] [ERROR] Failed to load resource: the server responded with a status of 404 (Not Found) @ http://localhost:8080/api/nfldata/games?season=2026&season_type=1:0
[   41378ms] [ERROR] Failed to load resource: the server responded with a status of 404 (Not Found) @ http://localhost:8080/api/nfldata/games?season=2026&season_type=2:0
[   41384ms] [ERROR] Failed to load resource: the server responded with a status of 404 (Not Found) @ http://localhost:8080/api/nfldata/games?season=2026&season_type=3:0
[   41388ms] [ERROR] Failed to load resource: the server responded with a status of 404 (Not Found) @ http://localhost:8080/api/nfldata/games?season=2026&season_type=2:0
[   41396ms] [ERROR] Failed to load resource: the server responded with a status of 404 (Not Found) @ http://localhost:8080/api/nfldata/games?season=2026&season_type=3:0
[   41397ms] [ERROR] Access to fetch at 'https://www.thesportsdb.com/api/v1/json/3/eventsseason.php?id=4443' from origin 'http://localhost:8080' has been blocked by CORS policy: No 'Access-Control-Allow-Origin' header is present on the requested resource. @ http://localhost:8080/:0
[   41397ms] [ERROR] Failed to load resource: net::ERR_FAILED @ https://www.thesportsdb.com/api/v1/json/3/eventsseason.php?id=4443:0
[   41397ms] [LOG] ℹ️ TheSportsDB ufc: Failed to fetch @ http://localhost:8080/js/api.js?v=3:645
[   41403ms] [ERROR] Failed to load resource: the server responded with a status of 404 (Not Found) @ http://localhost:8080/api/nfldata/games?season=2026&season_type=3:0
[   41406ms] [ERROR] Access to fetch at 'https://www.thesportsdb.com/api/v1/json/3/eventsseason.php?id=4443' from origin 'http://localhost:8080' has been blocked by CORS policy: No 'Access-Control-Allow-Origin' header is present on the requested resource. @ http://localhost:8080/:0
[   41406ms] [ERROR] Failed to load resource: net::ERR_FAILED @ https://www.thesportsdb.com/api/v1/json/3/eventsseason.php?id=4443:0
[   41406ms] [LOG] ℹ️ TheSportsDB ufc: Failed to fetch @ http://localhost:8080/js/api.js?v=3:645
[   41414ms] [ERROR] Access to fetch at 'https://www.thesportsdb.com/api/v1/json/3/eventsseason.php?id=4443' from origin 'http://localhost:8080' has been blocked by CORS policy: No 'Access-Control-Allow-Origin' header is present on the requested resource. @ http://localhost:8080/:0
[   41414ms] [ERROR] Failed to load resource: net::ERR_FAILED @ https://www.thesportsdb.com/api/v1/json/3/eventsseason.php?id=4443:0
[   41414ms] [LOG] ℹ️ TheSportsDB ufc: Failed to fetch @ http://localhost:8080/js/api.js?v=3:645
[   44503ms] [ERROR] Failed to load resource: the server responded with a status of 404 (Not Found) @ http://localhost:8080/api/nfldata/games?season=2026&season_type=1:0
[   44809ms] [ERROR] Failed to load resource: the server responded with a status of 404 (Not Found) @ http://localhost:8080/api/nfldata/games?season=2026&season_type=1:0
[   44814ms] [ERROR] Failed to load resource: the server responded with a status of 404 (Not Found) @ http://localhost:8080/api/nfldata/games?season=2026&season_type=2:0
[   44825ms] [ERROR] Failed to load resource: the server responded with a status of 404 (Not Found) @ http://localhost:8080/api/nfldata/games?season=2026&season_type=1:0
[   44831ms] [ERROR] Failed to load resource: the server responded with a status of 404 (Not Found) @ http://localhost:8080/api/nfldata/games?season=2026&season_type=2:0
[   44838ms] [ERROR] Failed to load resource: the server responded with a status of 404 (Not Found) @ http://localhost:8080/api/nfldata/games?season=2026&season_type=3:0
[   44843ms] [ERROR] Failed to load resource: the server responded with a status of 404 (Not Found) @ http://localhost:8080/api/nfldata/games?season=2026&season_type=2:0
[   44850ms] [ERROR] Failed to load resource: the server responded with a status of 404 (Not Found) @ http://localhost:8080/api/nfldata/games?season=2026&season_type=3:0
[   44856ms] [ERROR] Failed to load resource: the server responded with a status of 404 (Not Found) @ http://localhost:8080/api/nfldata/games?season=2026&season_type=3:0
[   44899ms] [ERROR] Access to fetch at 'https://www.thesportsdb.com/api/v1/json/3/eventsseason.php?id=4443' from origin 'http://localhost:8080' has been blocked by CORS policy: No 'Access-Control-Allow-Origin' header is present on the requested resource. @ http://localhost:8080/:0
[   44899ms] [ERROR] Failed to load resource: net::ERR_FAILED @ https://www.thesportsdb.com/api/v1/json/3/eventsseason.php?id=4443:0
[   44899ms] [LOG] ℹ️ TheSportsDB ufc: Failed to fetch @ http://localhost:8080/js/api.js?v=3:645
[   44920ms] [ERROR] Access to fetch at 'https://www.thesportsdb.com/api/v1/json/3/eventsseason.php?id=4443' from origin 'http://localhost:8080' has been blocked by CORS policy: No 'Access-Control-Allow-Origin' header is present on the requested resource. @ http://localhost:8080/:0
[   44920ms] [ERROR] Failed to load resource: net::ERR_FAILED @ https://www.thesportsdb.com/api/v1/json/3/eventsseason.php?id=4443:0
[   44920ms] [LOG] ℹ️ TheSportsDB ufc: Failed to fetch @ http://localhost:8080/js/api.js?v=3:645
[   44929ms] [ERROR] Access to fetch at 'https://www.thesportsdb.com/api/v1/json/3/eventsseason.php?id=4443' from origin 'http://localhost:8080' has been blocked by CORS policy: No 'Access-Control-Allow-Origin' header is present on the requested resource. @ http://localhost:8080/:0
[   44930ms] [ERROR] Failed to load resource: net::ERR_FAILED @ https://www.thesportsdb.com/api/v1/json/3/eventsseason.php?id=4443:0
[   44930ms] [LOG] ℹ️ TheSportsDB ufc: Failed to fetch @ http://localhost:8080/js/api.js?v=3:645
[   48028ms] [ERROR] Failed to load resource: the server responded with a status of 404 (Not Found) @ http://localhost:8080/api/nfldata/games?season=2026&season_type=1:0
[   48312ms] [ERROR] Failed to load resource: the server responded with a status of 404 (Not Found) @ http://localhost:8080/api/nfldata/games?season=2026&season_type=1:0
[   48321ms] [ERROR] Failed to load resource: the server responded with a status of 404 (Not Found) @ http://localhost:8080/api/nfldata/games?season=2026&season_type=2:0
[   48325ms] [ERROR] Failed to load resource: the server responded with a status of 404 (Not Found) @ http://localhost:8080/api/nfldata/games?season=2026&season_type=1:0
[   48330ms] [ERROR] Failed to load resource: the server responded with a status of 404 (Not Found) @ http://localhost:8080/api/nfldata/games?season=2026&season_type=2:0
[   48338ms] [ERROR] Failed to load resource: the server responded with a status of 404 (Not Found) @ http://localhost:8080/api/nfldata/games?season=2026&season_type=3:0
[   48343ms] [ERROR] Failed to load resource: the server responded with a status of 404 (Not Found) @ http://localhost:8080/api/nfldata/games?season=2026&season_type=2:0
[   48347ms] [ERROR] Failed to load resource: the server responded with a status of 404 (Not Found) @ http://localhost:8080/api/nfldata/games?season=2026&season_type=3:0
[   48354ms] [ERROR] Access to fetch at 'https://www.thesportsdb.com/api/v1/json/3/eventsseason.php?id=4443' from origin 'http://localhost:8080' has been blocked by CORS policy: No 'Access-Control-Allow-Origin' header is present on the requested resource. @ http://localhost:8080/:0
[   48354ms] [ERROR] Failed to load resource: net::ERR_FAILED @ https://www.thesportsdb.com/api/v1/json/3/eventsseason.php?id=4443:0
[   48354ms] [LOG] ℹ️ TheSportsDB ufc: Failed to fetch @ http://localhost:8080/js/api.js?v=3:645
[   48358ms] [ERROR] Failed to load resource: the server responded with a status of 404 (Not Found) @ http://localhost:8080/api/nfldata/games?season=2026&season_type=3:0
[   48364ms] [ERROR] Access to fetch at 'https://www.thesportsdb.com/api/v1/json/3/eventsseason.php?id=4443' from origin 'http://localhost:8080' has been blocked by CORS policy: No 'Access-Control-Allow-Origin' header is present on the requested resource. @ http://localhost:8080/:0
[   48364ms] [ERROR] Failed to load resource: net::ERR_FAILED @ https://www.thesportsdb.com/api/v1/json/3/eventsseason.php?id=4443:0
[   48364ms] [LOG] ℹ️ TheSportsDB ufc: Failed to fetch @ http://localhost:8080/js/api.js?v=3:645
[   48372ms] [ERROR] Access to fetch at 'https://www.thesportsdb.com/api/v1/json/3/eventsseason.php?id=4443' from origin 'http://localhost:8080' has been blocked by CORS policy: No 'Access-Control-Allow-Origin' header is present on the requested resource. @ http://localhost:8080/:0
[   48372ms] [ERROR] Failed to load resource: net::ERR_FAILED @ https://www.thesportsdb.com/api/v1/json/3/eventsseason.php?id=4443:0
[   48372ms] [LOG] ℹ️ TheSportsDB ufc: Failed to fetch @ http://localhost:8080/js/api.js?v=3:645
[   51414ms] [ERROR] Failed to load resource: the server responded with a status of 404 (Not Found) @ http://localhost:8080/api/nfldata/games?season=2026&season_type=1:0
[   51695ms] [ERROR] Failed to load resource: the server responded with a status of 404 (Not Found) @ http://localhost:8080/api/nfldata/games?season=2026&season_type=1:0
[   51700ms] [ERROR] Failed to load resource: the server responded with a status of 404 (Not Found) @ http://localhost:8080/api/nfldata/games?season=2026&season_type=2:0
[   51712ms] [ERROR] Failed to load resource: the server responded with a status of 404 (Not Found) @ http://localhost:8080/api/nfldata/games?season=2026&season_type=1:0
[   51715ms] [ERROR] Failed to load resource: the server responded with a status of 404 (Not Found) @ http://localhost:8080/api/nfldata/games?season=2026&season_type=2:0
[   51719ms] [ERROR] Failed to load resource: the server responded with a status of 404 (Not Found) @ http://localhost:8080/api/nfldata/games?season=2026&season_type=3:0
[   51728ms] [ERROR] Failed to load resource: the server responded with a status of 404 (Not Found) @ http://localhost:8080/api/nfldata/games?season=2026&season_type=2:0
[   51732ms] [ERROR] Failed to load resource: the server responded with a status of 404 (Not Found) @ http://localhost:8080/api/nfldata/games?season=2026&season_type=3:0
[   51735ms] [ERROR] Access to fetch at 'https://www.thesportsdb.com/api/v1/json/3/eventsseason.php?id=4443' from origin 'http://localhost:8080' has been blocked by CORS policy: No 'Access-Control-Allow-Origin' header is present on the requested resource. @ http://localhost:8080/:0
[   51735ms] [ERROR] Failed to load resource: net::ERR_FAILED @ https://www.thesportsdb.com/api/v1/json/3/eventsseason.php?id=4443:0
[   51736ms] [LOG] ℹ️ TheSportsDB ufc: Failed to fetch @ http://localhost:8080/js/api.js?v=3:645
[   51744ms] [ERROR] Failed to load resource: the server responded with a status of 404 (Not Found) @ http://localhost:8080/api/nfldata/games?season=2026&season_type=3:0
[   51747ms] [ERROR] Access to fetch at 'https://www.thesportsdb.com/api/v1/json/3/eventsseason.php?id=4443' from origin 'http://localhost:8080' has been blocked by CORS policy: No 'Access-Control-Allow-Origin' header is present on the requested resource. @ http://localhost:8080/:0
[   51747ms] [ERROR] Failed to load resource: net::ERR_FAILED @ https://www.thesportsdb.com/api/v1/json/3/eventsseason.php?id=4443:0
[   51747ms] [LOG] ℹ️ TheSportsDB ufc: Failed to fetch @ http://localhost:8080/js/api.js?v=3:645
[   51757ms] [ERROR] Access to fetch at 'https://www.thesportsdb.com/api/v1/json/3/eventsseason.php?id=4443' from origin 'http://localhost:8080' has been blocked by CORS policy: No 'Access-Control-Allow-Origin' header is present on the requested resource. @ http://localhost:8080/:0
[   51758ms] [ERROR] Failed to load resource: net::ERR_FAILED @ https://www.thesportsdb.com/api/v1/json/3/eventsseason.php?id=4443:0
[   51758ms] [LOG] ℹ️ TheSportsDB ufc: Failed to fetch @ http://localhost:8080/js/api.js?v=3:645
[   54281ms] [ERROR] Failed to load resource: the server responded with a status of 404 (Not Found) @ http://localhost:8080/api/nfldata/games?season=2026&season_type=1:0
[   54831ms] [ERROR] Failed to load resource: the server responded with a status of 404 (Not Found) @ http://localhost:8080/api/nfldata/games?season=2026&season_type=2:0
[   55111ms] [ERROR] Failed to load resource: the server responded with a status of 404 (Not Found) @ http://localhost:8080/api/nfldata/games?season=2026&season_type=1:0
[   55118ms] [ERROR] Failed to load resource: the server responded with a status of 404 (Not Found) @ http://localhost:8080/api/nfldata/games?season=2026&season_type=3:0
[   55122ms] [ERROR] Failed to load resource: the server responded with a status of 404 (Not Found) @ http://localhost:8080/api/nfldata/games?season=2026&season_type=1:0
[   55129ms] [ERROR] Access to fetch at 'https://www.thesportsdb.com/api/v1/json/3/eventsseason.php?id=4443' from origin 'http://localhost:8080' has been blocked by CORS policy: No 'Access-Control-Allow-Origin' header is present on the requested resource. @ http://localhost:8080/:0
[   55129ms] [ERROR] Failed to load resource: net::ERR_FAILED @ https://www.thesportsdb.com/api/v1/json/3/eventsseason.php?id=4443:0
[   55130ms] [LOG] ℹ️ TheSportsDB ufc: Failed to fetch @ http://localhost:8080/js/api.js?v=3:645
[   55135ms] [ERROR] Failed to load resource: the server responded with a status of 404 (Not Found) @ http://localhost:8080/api/nfldata/games?season=2026&season_type=2:0
[   55420ms] [ERROR] Failed to load resource: the server responded with a status of 404 (Not Found) @ http://localhost:8080/api/nfldata/games?season=2026&season_type=2:0
[   55423ms] [ERROR] Failed to load resource: the server responded with a status of 404 (Not Found) @ http://localhost:8080/api/nfldata/games?season=2026&season_type=3:0
[   55469ms] [ERROR] Access to fetch at 'https://www.thesportsdb.com/api/v1/json/3/eventsseason.php?id=4443' from origin 'http://localhost:8080' has been blocked by CORS policy: No 'Access-Control-Allow-Origin' header is present on the requested resource. @ http://localhost:8080/:0
[   55470ms] [ERROR] Failed to load resource: net::ERR_FAILED @ https://www.thesportsdb.com/api/v1/json/3/eventsseason.php?id=4443:0
[   55470ms] [LOG] ℹ️ TheSportsDB ufc: Failed to fetch @ http://localhost:8080/js/api.js?v=3:645
[   55755ms] [ERROR] Failed to load resource: the server responded with a status of 404 (Not Found) @ http://localhost:8080/api/nfldata/games?season=2026&season_type=3:0
[   55772ms] [ERROR] Access to fetch at 'https://www.thesportsdb.com/api/v1/json/3/eventsseason.php?id=4443' from origin 'http://localhost:8080' has been blocked by CORS policy: No 'Access-Control-Allow-Origin' header is present on the requested resource. @ http://localhost:8080/:0
[   55772ms] [ERROR] Failed to load resource: net::ERR_FAILED @ https://www.thesportsdb.com/api/v1/json/3/eventsseason.php?id=4443:0
[   55772ms] [LOG] ℹ️ TheSportsDB ufc: Failed to fetch @ http://localhost:8080/js/api.js?v=3:645
[   57723ms] [ERROR] Failed to load resource: the server responded with a status of 404 (Not Found) @ http://localhost:8080/api/nfldata/games?season=2026&season_type=1:0
[   58310ms] [ERROR] Failed to load resource: the server responded with a status of 404 (Not Found) @ http://localhost:8080/api/nfldata/games?season=2026&season_type=2:0
[   58626ms] [ERROR] Failed to load resource: the server responded with a status of 404 (Not Found) @ http://localhost:8080/api/nfldata/games?season=2026&season_type=1:0
[   58639ms] [ERROR] Failed to load resource: the server responded with a status of 404 (Not Found) @ http://localhost:8080/api/nfldata/games?season=2026&season_type=3:0
[   58649ms] [ERROR] Failed to load resource: the server responded with a status of 404 (Not Found) @ http://localhost:8080/api/nfldata/games?season=2026&season_type=1:0
[   58655ms] [ERROR] Failed to load resource: the server responded with a status of 404 (Not Found) @ http://localhost:8080/api/nfldata/games?season=2026&season_type=2:0
[   58658ms] [ERROR] Access to fetch at 'https://www.thesportsdb.com/api/v1/json/3/eventsseason.php?id=4443' from origin 'http://localhost:8080' has been blocked by CORS policy: No 'Access-Control-Allow-Origin' header is present on the requested resource. @ http://localhost:8080/:0
[   58658ms] [ERROR] Failed to load resource: net::ERR_FAILED @ https://www.thesportsdb.com/api/v1/json/3/eventsseason.php?id=4443:0
[   58658ms] [LOG] ℹ️ TheSportsDB ufc: Failed to fetch @ http://localhost:8080/js/api.js?v=3:645
[   58664ms] [ERROR] Failed to load resource: the server responded with a status of 404 (Not Found) @ http://localhost:8080/api/nfldata/games?season=2026&season_type=2:0
[   58670ms] [ERROR] Failed to load resource: the server responded with a status of 404 (Not Found) @ http://localhost:8080/api/nfldata/games?season=2026&season_type=3:0
[   58716ms] [ERROR] Access to fetch at 'https://www.thesportsdb.com/api/v1/json/3/eventsseason.php?id=4443' from origin 'http://localhost:8080' has been blocked by CORS policy: No 'Access-Control-Allow-Origin' header is present on the requested resource. @ http://localhost:8080/:0
[   58717ms] [ERROR] Failed to load resource: net::ERR_FAILED @ https://www.thesportsdb.com/api/v1/json/3/eventsseason.php?id=4443:0
[   58717ms] [LOG] ℹ️ TheSportsDB ufc: Failed to fetch @ http://localhost:8080/js/api.js?v=3:645
[   58999ms] [ERROR] Failed to load resource: the server responded with a status of 404 (Not Found) @ http://localhost:8080/api/nfldata/games?season=2026&season_type=3:0
[   59015ms] [ERROR] Access to fetch at 'https://www.thesportsdb.com/api/v1/json/3/eventsseason.php?id=4443' from origin 'http://localhost:8080' has been blocked by CORS policy: No 'Access-Control-Allow-Origin' header is present on the requested resource. @ http://localhost:8080/:0
[   59015ms] [ERROR] Failed to load resource: net::ERR_FAILED @ https://www.thesportsdb.com/api/v1/json/3/eventsseason.php?id=4443:0
[   59015ms] [LOG] ℹ️ TheSportsDB ufc: Failed to fetch @ http://localhost:8080/js/api.js?v=3:645
[   61779ms] [ERROR] Failed to load resource: the server responded with a status of 404 (Not Found) @ http://localhost:8080/api/nfldata/games?season=2026&season_type=1:0
[   62068ms] [ERROR] Failed to load resource: the server responded with a status of 404 (Not Found) @ http://localhost:8080/api/nfldata/games?season=2026&season_type=1:0
[   62078ms] [ERROR] Failed to load resource: the server responded with a status of 404 (Not Found) @ http://localhost:8080/api/nfldata/games?season=2026&season_type=2:0
[   62086ms] [ERROR] Failed to load resource: the server responded with a status of 404 (Not Found) @ http://localhost:8080/api/nfldata/games?season=2026&season_type=1:0
[   62092ms] [ERROR] Failed to load resource: the server responded with a status of 404 (Not Found) @ http://localhost:8080/api/nfldata/games?season=2026&season_type=2:0
[   62096ms] [ERROR] Failed to load resource: the server responded with a status of 404 (Not Found) @ http://localhost:8080/api/nfldata/games?season=2026&season_type=3:0
[   62105ms] [ERROR] Failed to load resource: the server responded with a status of 404 (Not Found) @ http://localhost:8080/api/nfldata/games?season=2026&season_type=2:0
[   62109ms] [ERROR] Failed to load resource: the server responded with a status of 404 (Not Found) @ http://localhost:8080/api/nfldata/games?season=2026&season_type=3:0
[   62112ms] [ERROR] Access to fetch at 'https://www.thesportsdb.com/api/v1/json/3/eventsseason.php?id=4443' from origin 'http://localhost:8080' has been blocked by CORS policy: No 'Access-Control-Allow-Origin' header is present on the requested resource. @ http://localhost:8080/:0
[   62112ms] [ERROR] Failed to load resource: net::ERR_FAILED @ https://www.thesportsdb.com/api/v1/json/3/eventsseason.php?id=4443:0
[   62113ms] [LOG] ℹ️ TheSportsDB ufc: Failed to fetch @ http://localhost:8080/js/api.js?v=3:645
[   62119ms] [ERROR] Failed to load resource: the server responded with a status of 404 (Not Found) @ http://localhost:8080/api/nfldata/games?season=2026&season_type=3:0
[   62122ms] [ERROR] Access to fetch at 'https://www.thesportsdb.com/api/v1/json/3/eventsseason.php?id=4443' from origin 'http://localhost:8080' has been blocked by CORS policy: No 'Access-Control-Allow-Origin' header is present on the requested resource. @ http://localhost:8080/:0
[   62122ms] [ERROR] Failed to load resource: net::ERR_FAILED @ https://www.thesportsdb.com/api/v1/json/3/eventsseason.php?id=4443:0
[   62122ms] [LOG] ℹ️ TheSportsDB ufc: Failed to fetch @ http://localhost:8080/js/api.js?v=3:645
[   62130ms] [ERROR] Access to fetch at 'https://www.thesportsdb.com/api/v1/json/3/eventsseason.php?id=4443' from origin 'http://localhost:8080' has been blocked by CORS policy: No 'Access-Control-Allow-Origin' header is present on the requested resource. @ http://localhost:8080/:0
[   62130ms] [ERROR] Failed to load resource: net::ERR_FAILED @ https://www.thesportsdb.com/api/v1/json/3/eventsseason.php?id=4443:0
[   62130ms] [LOG] ℹ️ TheSportsDB ufc: Failed to fetch @ http://localhost:8080/js/api.js?v=3:645
[   66479ms] [ERROR] Failed to load resource: the server responded with a status of 404 (Not Found) @ http://localhost:8080/api/nfldata/games?season=2026&season_type=1:0
[   66758ms] [ERROR] Failed to load resource: the server responded with a status of 404 (Not Found) @ http://localhost:8080/api/nfldata/games?season=2026&season_type=1:0
[   66762ms] [ERROR] Failed to load resource: the server responded with a status of 404 (Not Found) @ http://localhost:8080/api/nfldata/games?season=2026&season_type=2:0
[   66767ms] [ERROR] Failed to load resource: the server responded with a status of 404 (Not Found) @ http://localhost:8080/api/nfldata/games?season=2026&season_type=1:0
[   66776ms] [ERROR] Failed to load resource: the server responded with a status of 404 (Not Found) @ http://localhost:8080/api/nfldata/games?season=2026&season_type=2:0
[   66780ms] [ERROR] Failed to load resource: the server responded with a status of 404 (Not Found) @ http://localhost:8080/api/nfldata/games?season=2026&season_type=3:0
[   66784ms] [ERROR] Failed to load resource: the server responded with a status of 404 (Not Found) @ http://localhost:8080/api/nfldata/games?season=2026&season_type=2:0
[   66791ms] [ERROR] Access to fetch at 'https://www.thesportsdb.com/api/v1/json/3/eventsseason.php?id=4443' from origin 'http://localhost:8080' has been blocked by CORS policy: No 'Access-Control-Allow-Origin' header is present on the requested resource. @ http://localhost:8080/:0
[   66791ms] [ERROR] Failed to load resource: net::ERR_FAILED @ https://www.thesportsdb.com/api/v1/json/3/eventsseason.php?id=4443:0
[   66792ms] [LOG] ℹ️ TheSportsDB ufc: Failed to fetch @ http://localhost:8080/js/api.js?v=3:645
[   66867ms] [ERROR] Failed to load resource: the server responded with a status of 404 (Not Found) @ http://localhost:8080/api/nfldata/games?season=2026&season_type=3:0
[   66867ms] [ERROR] Failed to load resource: the server responded with a status of 404 (Not Found) @ http://localhost:8080/api/nfldata/games?season=2026&season_type=3:0
[   66883ms] [ERROR] Access to fetch at 'https://www.thesportsdb.com/api/v1/json/3/eventsseason.php?id=4443' from origin 'http://localhost:8080' has been blocked by CORS policy: No 'Access-Control-Allow-Origin' header is present on the requested resource. @ http://localhost:8080/:0
[   66883ms] [ERROR] Failed to load resource: net::ERR_FAILED @ https://www.thesportsdb.com/api/v1/json/3/eventsseason.php?id=4443:0
[   66883ms] [LOG] ℹ️ TheSportsDB ufc: Failed to fetch @ http://localhost:8080/js/api.js?v=3:645
[   66944ms] [ERROR] Access to fetch at 'https://www.thesportsdb.com/api/v1/json/3/eventsseason.php?id=4443' from origin 'http://localhost:8080' has been blocked by CORS policy: No 'Access-Control-Allow-Origin' header is present on the requested resource. @ http://localhost:8080/:0
[   66944ms] [ERROR] Failed to load resource: net::ERR_FAILED @ https://www.thesportsdb.com/api/v1/json/3/eventsseason.php?id=4443:0
[   66944ms] [LOG] ℹ️ TheSportsDB ufc: Failed to fetch @ http://localhost:8080/js/api.js?v=3:645
