[     446ms] [WARNING] <meta name="apple-mobile-web-app-capable" content="yes"> is deprecated. Please include <meta name="mobile-web-app-capable" content="yes"> @ http://localhost:8080/football/2026-08-16:0
[    6275ms] [ERROR] Failed to load resource: the server responded with a status of 500 (Internal Server Error) @ http://localhost:8080/api/thesportsdb?path=searchteams.php?t=Pumas%20UNAM:0
[    6305ms] [ERROR] Failed to load resource: the server responded with a status of 500 (Internal Server Error) @ http://localhost:8080/api/thesportsdb?path=searchteams.php?t=Queretaro:0
[    6311ms] [ERROR] Failed to load resource: the server responded with a status of 500 (Internal Server Error) @ http://localhost:8080/api/thesportsdb?path=searchteams.php?t=Mirassol:0
[    6312ms] [ERROR] Failed to load resource: the server responded with a status of 500 (Internal Server Error) @ http://localhost:8080/api/thesportsdb?path=searchteams.php?t=Flamengo:0
[    6318ms] [ERROR] Failed to load resource: the server responded with a status of 500 (Internal Server Error) @ http://localhost:8080/api/thesportsdb?path=searchteams.php?t=Corinthians:0
[    6339ms] [ERROR] Failed to load resource: the server responded with a status of 500 (Internal Server Error) @ http://localhost:8080/api/thesportsdb?path=searchteams.php?t=Mirassol:0
[    6344ms] [ERROR] Failed to load resource: the server responded with a status of 500 (Internal Server Error) @ http://localhost:8080/api/thesportsdb?path=searchteams.php?t=Flamengo:0
[    6349ms] [ERROR] Failed to load resource: the server responded with a status of 500 (Internal Server Error) @ http://localhost:8080/api/thesportsdb?path=searchteams.php?t=Corinthians:0
[    6580ms] [ERROR] Failed to load resource: the server responded with a status of 500 (Internal Server Error) @ http://localhost:8080/api/thesportsdb?path=searchteams.php?t=Cruzeiro:0
[    6581ms] [ERROR] Failed to load resource: the server responded with a status of 500 (Internal Server Error) @ http://localhost:8080/api/thesportsdb?path=searchteams.php?t=River%20Plate:0
[    6582ms] [ERROR] Failed to load resource: the server responded with a status of 500 (Internal Server Error) @ http://localhost:8080/api/thesportsdb?path=searchteams.php?t=Argentinos%20Juniors:0
[    6590ms] [ERROR] Failed to load resource: the server responded with a status of 500 (Internal Server Error) @ http://localhost:8080/api/thesportsdb?path=searchteams.php?t=Cruzeiro:0
[    7147ms] [ERROR] Failed to load resource: the server responded with a status of 500 (Internal Server Error) @ http://localhost:8080/api/thesportsdb?path=searchteams.php?t=River%20Plate:0
[    7148ms] [ERROR] Failed to load resource: the server responded with a status of 500 (Internal Server Error) @ http://localhost:8080/api/thesportsdb?path=searchteams.php?t=Argentinos%20Juniors:0
[    7154ms] [ERROR] Failed to load resource: the server responded with a status of 500 (Internal Server Error) @ http://localhost:8080/api/thesportsdb?path=searchteams.php?t=Australia:0
[    7155ms] [ERROR] Failed to load resource: the server responded with a status of 500 (Internal Server Error) @ http://localhost:8080/api/thesportsdb?path=searchteams.php?t=Bangladesh:0
[    7157ms] [ERROR] Failed to load resource: the server responded with a status of 500 (Internal Server Error) @ http://localhost:8080/api/thesportsdb?path=searchteams.php?t=India:0
[    8875ms] [ERROR] Failed to load resource: the server responded with a status of 500 (Internal Server Error) @ http://localhost:8080/api/thesportsdb?path=searchteams.php?t=Australia:0
[    8917ms] [ERROR] Failed to load resource: the server responded with a status of 500 (Internal Server Error) @ http://localhost:8080/api/thesportsdb?path=searchteams.php?t=Bangladesh:0
[    8923ms] [ERROR] Failed to load resource: the server responded with a status of 500 (Internal Server Error) @ http://localhost:8080/api/thesportsdb?path=searchteams.php?t=India:0
[    8994ms] [LOG] 🚀 Live Streaming initialized @ http://localhost:8080/js/app.js?v=3:211
[   19610ms] [WARNING] <meta name="apple-mobile-web-app-capable" content="yes"> is deprecated. Please include <meta name="mobile-web-app-capable" content="yes"> @ http://localhost:8080/football/2026-08-16:0
[   19639ms] [ERROR] Failed to load resource: the server responded with a status of 500 (Internal Server Error) @ http://localhost:8080/api/thesportsdb?path=searchteams.php?t=Paris%20Saint-Germain:0
[   19672ms] [ERROR] Failed to load resource: the server responded with a status of 500 (Internal Server Error) @ http://localhost:8080/api/thesportsdb?path=searchteams.php?t=Paris%20Saint-Germain:0
[   19791ms] [ERROR] Failed to load resource: the server responded with a status of 500 (Internal Server Error) @ http://localhost:8080/api/thesportsdb?path=searchteams.php?t=Mirassol:0
[   19859ms] [ERROR] Failed to load resource: the server responded with a status of 500 (Internal Server Error) @ http://localhost:8080/api/thesportsdb?path=searchteams.php?t=Flamengo:0
[   19904ms] [ERROR] Failed to load resource: the server responded with a status of 500 (Internal Server Error) @ http://localhost:8080/api/thesportsdb?path=searchteams.php?t=Corinthians:0
[   19920ms] [ERROR] Failed to load resource: the server responded with a status of 500 (Internal Server Error) @ http://localhost:8080/api/thesportsdb?path=searchteams.php?t=Mirassol:0
[   19931ms] [ERROR] Failed to load resource: the server responded with a status of 500 (Internal Server Error) @ http://localhost:8080/api/thesportsdb?path=searchteams.php?t=Flamengo:0
[   19941ms] [ERROR] Failed to load resource: the server responded with a status of 500 (Internal Server Error) @ http://localhost:8080/api/thesportsdb?path=searchteams.php?t=Corinthians:0
[   19952ms] [ERROR] Failed to load resource: the server responded with a status of 500 (Internal Server Error) @ http://localhost:8080/api/thesportsdb?path=searchteams.php?t=Cruzeiro:0
[   19959ms] [ERROR] Failed to load resource: the server responded with a status of 500 (Internal Server Error) @ http://localhost:8080/api/thesportsdb?path=searchteams.php?t=River%20Plate:0
[   19972ms] [ERROR] Failed to load resource: the server responded with a status of 500 (Internal Server Error) @ http://localhost:8080/api/thesportsdb?path=searchteams.php?t=Argentinos%20Juniors:0
[   19983ms] [ERROR] Failed to load resource: the server responded with a status of 500 (Internal Server Error) @ http://localhost:8080/api/thesportsdb?path=searchteams.php?t=Cruzeiro:0
[   20002ms] [ERROR] Failed to load resource: the server responded with a status of 500 (Internal Server Error) @ http://localhost:8080/api/thesportsdb?path=searchteams.php?t=River%20Plate:0
[   20011ms] [ERROR] Failed to load resource: the server responded with a status of 500 (Internal Server Error) @ http://localhost:8080/api/thesportsdb?path=searchteams.php?t=Argentinos%20Juniors:0
[   20026ms] [ERROR] Failed to load resource: the server responded with a status of 500 (Internal Server Error) @ http://localhost:8080/api/thesportsdb?path=searchteams.php?t=Australia:0
[   20035ms] [ERROR] Failed to load resource: the server responded with a status of 500 (Internal Server Error) @ http://localhost:8080/api/thesportsdb?path=searchteams.php?t=Bangladesh:0
[   20047ms] [ERROR] Failed to load resource: the server responded with a status of 500 (Internal Server Error) @ http://localhost:8080/api/thesportsdb?path=searchteams.php?t=India:0
[   20066ms] [ERROR] Failed to load resource: the server responded with a status of 500 (Internal Server Error) @ http://localhost:8080/api/thesportsdb?path=searchteams.php?t=Australia:0
[   20103ms] [ERROR] Failed to load resource: the server responded with a status of 500 (Internal Server Error) @ http://localhost:8080/api/thesportsdb?path=searchteams.php?t=Bangladesh:0
[   20103ms] [ERROR] Failed to load resource: the server responded with a status of 500 (Internal Server Error) @ http://localhost:8080/api/thesportsdb?path=searchteams.php?t=India:0
[   20167ms] [LOG] 🚀 Live Streaming initialized @ http://localhost:8080/js/app.js?v=3:211
[   25106ms] [ERROR] Failed to load resource: the server responded with a status of 500 (Internal Server Error) @ http://localhost:8080/api/thesportsdb?path=searchteams.php?t=Paris%20Saint-Germain:0
[   25172ms] [ERROR] Failed to load resource: the server responded with a status of 500 (Internal Server Error) @ http://localhost:8080/api/thesportsdb?path=searchteams.php?t=Mirassol:0
[   25173ms] [ERROR] Failed to load resource: the server responded with a status of 500 (Internal Server Error) @ http://localhost:8080/api/thesportsdb?path=searchteams.php?t=Flamengo:0
[   25173ms] [ERROR] Failed to load resource: the server responded with a status of 500 (Internal Server Error) @ http://localhost:8080/api/thesportsdb?path=searchteams.php?t=Corinthians:0
[   25236ms] [ERROR] Failed to load resource: the server responded with a status of 500 (Internal Server Error) @ http://localhost:8080/api/thesportsdb?path=searchteams.php?t=Cruzeiro:0
[   25237ms] [ERROR] Failed to load resource: the server responded with a status of 500 (Internal Server Error) @ http://localhost:8080/api/thesportsdb?path=searchteams.php?t=River%20Plate:0
[   25290ms] [ERROR] Failed to load resource: the server responded with a status of 500 (Internal Server Error) @ http://localhost:8080/api/thesportsdb?path=searchteams.php?t=Argentinos%20Juniors:0
[   25322ms] [ERROR] Failed to load resource: the server responded with a status of 500 (Internal Server Error) @ http://localhost:8080/api/thesportsdb?path=searchteams.php?t=Australia:0
[   25380ms] [ERROR] Failed to load resource: the server responded with a status of 500 (Internal Server Error) @ http://localhost:8080/api/thesportsdb?path=searchteams.php?t=Bangladesh:0
[   25381ms] [ERROR] Failed to load resource: the server responded with a status of 500 (Internal Server Error) @ http://localhost:8080/api/thesportsdb?path=searchteams.php?t=India:0
[   29149ms] [ERROR] Failed to load resource: the server responded with a status of 500 (Internal Server Error) @ http://localhost:8080/api/thesportsdb?path=searchteams.php?t=Paris%20Saint-Germain:0
[   29162ms] [WARNING] <meta name="apple-mobile-web-app-capable" content="yes"> is deprecated. Please include <meta name="mobile-web-app-capable" content="yes"> @ http://localhost:8080/cricket/2026-08-16/australia-vs-bangladesh:0
[   29170ms] [ERROR] Failed to load resource: the server responded with a status of 500 (Internal Server Error) @ http://localhost:8080/api/thesportsdb?path=searchteams.php?t=Paris%20Saint-Germain:0
[   29236ms] [ERROR] Failed to load resource: the server responded with a status of 500 (Internal Server Error) @ http://localhost:8080/api/thesportsdb?path=searchteams.php?t=Mirassol:0
[   29237ms] [ERROR] Failed to load resource: the server responded with a status of 500 (Internal Server Error) @ http://localhost:8080/api/thesportsdb?path=searchteams.php?t=Flamengo:0
[   29237ms] [ERROR] Failed to load resource: the server responded with a status of 500 (Internal Server Error) @ http://localhost:8080/api/thesportsdb?path=searchteams.php?t=Corinthians:0
[   29245ms] [ERROR] Failed to load resource: the server responded with a status of 500 (Internal Server Error) @ http://localhost:8080/api/thesportsdb?path=searchteams.php?t=Mirassol:0
[   29245ms] [ERROR] Failed to load resource: the server responded with a status of 500 (Internal Server Error) @ http://localhost:8080/api/thesportsdb?path=searchteams.php?t=Flamengo:0
[   29246ms] [ERROR] Failed to load resource: the server responded with a status of 500 (Internal Server Error) @ http://localhost:8080/api/thesportsdb?path=searchteams.php?t=Corinthians:0
[   29382ms] [ERROR] Failed to load resource: the server responded with a status of 500 (Internal Server Error) @ http://localhost:8080/api/thesportsdb?path=searchteams.php?t=Cruzeiro:0
[   29382ms] [ERROR] Failed to load resource: the server responded with a status of 500 (Internal Server Error) @ http://localhost:8080/api/thesportsdb?path=searchteams.php?t=River%20Plate:0
[   29382ms] [ERROR] Failed to load resource: the server responded with a status of 500 (Internal Server Error) @ http://localhost:8080/api/thesportsdb?path=searchteams.php?t=Argentinos%20Juniors:0
[   29388ms] [ERROR] Failed to load resource: the server responded with a status of 500 (Internal Server Error) @ http://localhost:8080/api/thesportsdb?path=searchteams.php?t=Cruzeiro:0
[   29388ms] [ERROR] Failed to load resource: the server responded with a status of 500 (Internal Server Error) @ http://localhost:8080/api/thesportsdb?path=searchteams.php?t=River%20Plate:0
[   29389ms] [ERROR] Failed to load resource: the server responded with a status of 500 (Internal Server Error) @ http://localhost:8080/api/thesportsdb?path=searchteams.php?t=Argentinos%20Juniors:0
[   29417ms] [ERROR] Failed to load resource: the server responded with a status of 500 (Internal Server Error) @ http://localhost:8080/api/thesportsdb?path=searchteams.php?t=Australia:0
[   29424ms] [ERROR] Failed to load resource: the server responded with a status of 500 (Internal Server Error) @ http://localhost:8080/api/thesportsdb?path=searchteams.php?t=Bangladesh:0
[   29438ms] [ERROR] Failed to load resource: the server responded with a status of 500 (Internal Server Error) @ http://localhost:8080/api/thesportsdb?path=searchteams.php?t=India:0
[   29468ms] [ERROR] Failed to load resource: the server responded with a status of 500 (Internal Server Error) @ http://localhost:8080/api/thesportsdb?path=searchteams.php?t=Australia:0
[   29469ms] [ERROR] Failed to load resource: the server responded with a status of 500 (Internal Server Error) @ http://localhost:8080/api/thesportsdb?path=searchteams.php?t=Bangladesh:0
[   29487ms] [ERROR] Failed to load resource: the server responded with a status of 500 (Internal Server Error) @ http://localhost:8080/api/thesportsdb?path=searchteams.php?t=India:0
[   29522ms] [LOG] 🚀 Live Streaming initialized @ http://localhost:8080/js/app.js?v=3:211
[   70907ms] [ERROR] Failed to load resource: the server responded with a status of 500 (Internal Server Error) @ http://localhost:8080/api/thesportsdb?path=searchteams.php?t=Arsenal:0
[  154358ms] [ERROR] Failed to load resource: the server responded with a status of 500 (Internal Server Error) @ http://localhost:8080/api/thesportsdb?path=searchteams.php?t=Texans:0
[  154359ms] [ERROR] Failed to load resource: the server responded with a status of 500 (Internal Server Error) @ http://localhost:8080/api/thesportsdb?path=searchteams.php?t=Chargers:0
[  154359ms] [ERROR] Failed to load resource: the server responded with a status of 500 (Internal Server Error) @ http://localhost:8080/api/thesportsdb?path=searchteams.php?t=Raiders:0
[  154362ms] [ERROR] Failed to load resource: the server responded with a status of 500 (Internal Server Error) @ http://localhost:8080/api/thesportsdb?path=searchteams.php?t=Rams:0
[  154373ms] [ERROR] Failed to load resource: the server responded with a status of 500 (Internal Server Error) @ http://localhost:8080/api/thesportsdb?path=searchteams.php?t=Lions:0
[  154381ms] [ERROR] Failed to load resource: the server responded with a status of 500 (Internal Server Error) @ http://localhost:8080/api/thesportsdb?path=searchteams.php?t=Commanders:0
[  154396ms] [ERROR] Failed to load resource: the server responded with a status of 500 (Internal Server Error) @ http://localhost:8080/api/thesportsdb?path=searchteams.php?t=Chargers:0
[  154408ms] [ERROR] Failed to load resource: the server responded with a status of 500 (Internal Server Error) @ http://localhost:8080/api/thesportsdb?path=searchteams.php?t=Colts:0
[  154418ms] [ERROR] Failed to load resource: the server responded with a status of 500 (Internal Server Error) @ http://localhost:8080/api/thesportsdb?path=searchteams.php?t=Falcons:0
[  154431ms] [ERROR] Failed to load resource: the server responded with a status of 500 (Internal Server Error) @ http://localhost:8080/api/thesportsdb?path=searchteams.php?t=Vikings:0
[  154443ms] [ERROR] Failed to load resource: the server responded with a status of 500 (Internal Server Error) @ http://localhost:8080/api/thesportsdb?path=searchteams.php?t=Ravens:0
[  154454ms] [ERROR] Failed to load resource: the server responded with a status of 500 (Internal Server Error) @ http://localhost:8080/api/thesportsdb?path=searchteams.php?t=Rams:0
[  154467ms] [ERROR] Failed to load resource: the server responded with a status of 500 (Internal Server Error) @ http://localhost:8080/api/thesportsdb?path=searchteams.php?t=Saints:0
[  154475ms] [ERROR] Failed to load resource: the server responded with a status of 500 (Internal Server Error) @ http://localhost:8080/api/thesportsdb?path=searchteams.php?t=Dolphins:0
[  154484ms] [ERROR] Failed to load resource: the server responded with a status of 500 (Internal Server Error) @ http://localhost:8080/api/thesportsdb?path=searchteams.php?t=Giants:0
[  154495ms] [ERROR] Failed to load resource: the server responded with a status of 500 (Internal Server Error) @ http://localhost:8080/api/thesportsdb?path=searchteams.php?t=Bengals:0
[  154505ms] [ERROR] Failed to load resource: the server responded with a status of 500 (Internal Server Error) @ http://localhost:8080/api/thesportsdb?path=searchteams.php?t=Bears:0
[  154520ms] [ERROR] Failed to load resource: the server responded with a status of 500 (Internal Server Error) @ http://localhost:8080/api/thesportsdb?path=searchteams.php?t=Eagles:0
[  154530ms] [ERROR] Failed to load resource: the server responded with a status of 500 (Internal Server Error) @ http://localhost:8080/api/thesportsdb?path=searchteams.php?t=Buccaneers:0
[  154542ms] [ERROR] Failed to load resource: the server responded with a status of 500 (Internal Server Error) @ http://localhost:8080/api/thesportsdb?path=searchteams.php?t=Chiefs:0
[  154558ms] [ERROR] Failed to load resource: the server responded with a status of 500 (Internal Server Error) @ http://localhost:8080/api/thesportsdb?path=searchteams.php?t=Cardinals:0
[  154568ms] [ERROR] Failed to load resource: the server responded with a status of 500 (Internal Server Error) @ http://localhost:8080/api/thesportsdb?path=searchteams.php?t=Cowboys:0
[  154577ms] [ERROR] Failed to load resource: the server responded with a status of 500 (Internal Server Error) @ http://localhost:8080/api/thesportsdb?path=searchteams.php?t=Anthony%20Hernandez:0
[  154602ms] [ERROR] Failed to load resource: the server responded with a status of 500 (Internal Server Error) @ http://localhost:8080/api/thesportsdb?path=searchteams.php?t=Gregory%20Rodrigues:0
[  157181ms] [ERROR] Failed to load resource: the server responded with a status of 500 (Internal Server Error) @ http://localhost:8080/api/thesportsdb?path=searchteams.php?t=Titans:0
[  157197ms] [ERROR] Failed to load resource: the server responded with a status of 500 (Internal Server Error) @ http://localhost:8080/api/thesportsdb?path=searchteams.php?t=Seahawks:0
[  201688ms] [ERROR] Failed to load resource: the server responded with a status of 500 (Internal Server Error) @ http://localhost:8080/api/thesportsdb?path=searchteams.php?t=Titans:0
[  201700ms] [ERROR] Failed to load resource: the server responded with a status of 500 (Internal Server Error) @ http://localhost:8080/api/thesportsdb?path=searchteams.php?t=Seahawks:0
[  250688ms] [ERROR] Failed to load resource: the server responded with a status of 500 (Internal Server Error) @ http://localhost:8080/api/thesportsdb?path=searchteams.php?t=Titans:0
[  250709ms] [WARNING] <meta name="apple-mobile-web-app-capable" content="yes"> is deprecated. Please include <meta name="mobile-web-app-capable" content="yes"> @ http://localhost:8080/football/2026-08-23:0
[  250713ms] [ERROR] Failed to load resource: the server responded with a status of 500 (Internal Server Error) @ http://localhost:8080/api/thesportsdb?path=searchteams.php?t=Titans:0
[  251676ms] [ERROR] Failed to load resource: the server responded with a status of 500 (Internal Server Error) @ http://localhost:8080/api/thesportsdb?path=searchteams.php?t=Titans:0
[  251680ms] [WARNING] <meta name="apple-mobile-web-app-capable" content="yes"> is deprecated. Please include <meta name="mobile-web-app-capable" content="yes"> @ http://localhost:8080/football/2026-08-23:0
[  251691ms] [ERROR] Failed to load resource: the server responded with a status of 500 (Internal Server Error) @ http://localhost:8080/api/thesportsdb?path=searchteams.php?t=Titans:0
[  252491ms] [ERROR] Failed to load resource: the server responded with a status of 500 (Internal Server Error) @ http://localhost:8080/api/thesportsdb?path=searchteams.php?t=Seahawks:0
[  252508ms] [ERROR] Failed to load resource: the server responded with a status of 500 (Internal Server Error) @ http://localhost:8080/api/thesportsdb?path=searchteams.php?t=Seahawks:0
[  253337ms] [LOG] 🚀 Live Streaming initialized @ http://localhost:8080/js/app.js?v=3:211
[  255196ms] [ERROR] Failed to load resource: the server responded with a status of 500 (Internal Server Error) @ http://localhost:8080/api/thesportsdb?path=searchteams.php?t=Texans:0
[  256819ms] [ERROR] Failed to load resource: the server responded with a status of 500 (Internal Server Error) @ http://localhost:8080/api/thesportsdb?path=searchteams.php?t=Chargers:0
[  257623ms] [ERROR] Failed to load resource: the server responded with a status of 500 (Internal Server Error) @ http://localhost:8080/api/thesportsdb?path=searchteams.php?t=Lions:0
[  258436ms] [ERROR] Failed to load resource: the server responded with a status of 500 (Internal Server Error) @ http://localhost:8080/api/thesportsdb?path=searchteams.php?t=Commanders:0
[  260881ms] [ERROR] Failed to load resource: the server responded with a status of 500 (Internal Server Error) @ http://localhost:8080/api/thesportsdb?path=searchteams.php?t=Colts:0
[  261717ms] [ERROR] Failed to load resource: the server responded with a status of 500 (Internal Server Error) @ http://localhost:8080/api/thesportsdb?path=searchteams.php?t=Falcons:0
[  262527ms] [ERROR] Failed to load resource: the server responded with a status of 500 (Internal Server Error) @ http://localhost:8080/api/thesportsdb?path=searchteams.php?t=Vikings:0
[  263342ms] [ERROR] Failed to load resource: the server responded with a status of 500 (Internal Server Error) @ http://localhost:8080/api/thesportsdb?path=searchteams.php?t=Ravens:0
[  264163ms] [ERROR] Failed to load resource: the server responded with a status of 500 (Internal Server Error) @ http://localhost:8080/api/thesportsdb?path=searchteams.php?t=Rams:0
[  264979ms] [ERROR] Failed to load resource: the server responded with a status of 500 (Internal Server Error) @ http://localhost:8080/api/thesportsdb?path=searchteams.php?t=Saints:0
[  265796ms] [ERROR] Failed to load resource: the server responded with a status of 500 (Internal Server Error) @ http://localhost:8080/api/thesportsdb?path=searchteams.php?t=Dolphins:0
[  266612ms] [ERROR] Failed to load resource: the server responded with a status of 500 (Internal Server Error) @ http://localhost:8080/api/thesportsdb?path=searchteams.php?t=Giants:0
[  267439ms] [ERROR] Failed to load resource: the server responded with a status of 500 (Internal Server Error) @ http://localhost:8080/api/thesportsdb?path=searchteams.php?t=Bengals:0
[  268276ms] [ERROR] Failed to load resource: the server responded with a status of 500 (Internal Server Error) @ http://localhost:8080/api/thesportsdb?path=searchteams.php?t=Bears:0
[  269914ms] [ERROR] Failed to load resource: the server responded with a status of 500 (Internal Server Error) @ http://localhost:8080/api/thesportsdb?path=searchteams.php?t=Eagles:0
[  270742ms] [ERROR] Failed to load resource: the server responded with a status of 500 (Internal Server Error) @ http://localhost:8080/api/thesportsdb?path=searchteams.php?t=Buccaneers:0
[  271579ms] [ERROR] Failed to load resource: the server responded with a status of 500 (Internal Server Error) @ http://localhost:8080/api/thesportsdb?path=searchteams.php?t=Chiefs:0
[  272411ms] [ERROR] Failed to load resource: the server responded with a status of 500 (Internal Server Error) @ http://localhost:8080/api/thesportsdb?path=searchteams.php?t=Cardinals:0
[  273229ms] [ERROR] Failed to load resource: the server responded with a status of 500 (Internal Server Error) @ http://localhost:8080/api/thesportsdb?path=searchteams.php?t=Cowboys:0
[  274056ms] [ERROR] Failed to load resource: the server responded with a status of 500 (Internal Server Error) @ http://localhost:8080/api/thesportsdb?path=searchteams.php?t=Anthony%20Hernandez:0
[  296432ms] [LOG] 🚫 Auto-fetch disabled — no match data @ http://localhost:8080/js/api.js?v=3:471
[  296738ms] [LOG] 🚫 Auto-fetch disabled — no match data @ http://localhost:8080/js/api.js?v=3:471
