[     191ms] Unexpected token '<'
[     193ms] Unexpected token '<'
[     201ms] Unexpected token '<'
[     201ms] Unexpected token '<'
[     202ms] Unexpected token '<'
[     197ms] [WARNING] <meta name="apple-mobile-web-app-capable" content="yes"> is deprecated. Please include <meta name="mobile-web-app-capable" content="yes"> @ http://localhost:8080/football/2026-08-17:0
[  126065ms] [ERROR] Failed to load resource: the server responded with a status of 404 (Not Found) @ http://localhost:8080/football/css/style.css?v=3:0
[  126069ms] [ERROR] Failed to load resource: the server responded with a status of 404 (Not Found) @ http://localhost:8080/football/js/api.js?v=3:0
[  126072ms] [ERROR] Failed to load resource: the server responded with a status of 404 (Not Found) @ http://localhost:8080/football/js/calendar.js?v=3:0
[  126078ms] [ERROR] Failed to load resource: the server responded with a status of 404 (Not Found) @ http://localhost:8080/football/js/countdown.js?v=3:0
[  126080ms] [ERROR] Failed to load resource: the server responded with a status of 404 (Not Found) @ http://localhost:8080/football/js/search.js?v=3:0
[  126091ms] [ERROR] Failed to load resource: the server responded with a status of 404 (Not Found) @ http://localhost:8080/football/js/app.js?v=3:0
[  126111ms] [WARNING] <meta name="apple-mobile-web-app-capable" content="yes"> is deprecated. Please include <meta name="mobile-web-app-capable" content="yes"> @ http://localhost:8080/football/2026-08-17:0
[  223423ms] [ERROR] Failed to load resource: the server responded with a status of 404 (Not Found) @ http://localhost:8080/football/css/style.css?v=3:0
[  223427ms] [ERROR] Failed to load resource: the server responded with a status of 404 (Not Found) @ http://localhost:8080/football/js/api.js?v=3:0
[  223435ms] [ERROR] Failed to load resource: the server responded with a status of 404 (Not Found) @ http://localhost:8080/football/js/calendar.js?v=3:0
[  223445ms] [ERROR] Failed to load resource: the server responded with a status of 404 (Not Found) @ http://localhost:8080/football/js/countdown.js?v=3:0
[  223458ms] [ERROR] Failed to load resource: the server responded with a status of 404 (Not Found) @ http://localhost:8080/football/js/search.js?v=3:0
[  223460ms] [ERROR] Failed to load resource: the server responded with a status of 404 (Not Found) @ http://localhost:8080/football/js/app.js?v=3:0
[  223470ms] [WARNING] <meta name="apple-mobile-web-app-capable" content="yes"> is deprecated. Please include <meta name="mobile-web-app-capable" content="yes"> @ http://localhost:8080/football/2026-08-17:0
